Archive member included because of file (symbol)

/home/jenya/Tools/arm-2011.03/bin/../lib/gcc/arm-none-eabi/4.5.2/../../../../arm-none-eabi/lib/thumb2/libc.a(lib_a-memcmp.o)
                              ./3rdParty/FreeRTOS/tasks.o (memcmp)
/home/jenya/Tools/arm-2011.03/bin/../lib/gcc/arm-none-eabi/4.5.2/../../../../arm-none-eabi/lib/thumb2/libc.a(lib_a-memcpy.o)
                              ./3rdParty/FreeRTOS/queue.o (memcpy)
/home/jenya/Tools/arm-2011.03/bin/../lib/gcc/arm-none-eabi/4.5.2/../../../../arm-none-eabi/lib/thumb2/libc.a(lib_a-memset.o)
                              ./3rdParty/FreeRTOS/tasks.o (memset)
/home/jenya/Tools/arm-2011.03/bin/../lib/gcc/arm-none-eabi/4.5.2/../../../../arm-none-eabi/lib/thumb2/libc.a(lib_a-strcat.o)
                              ./3rdParty/FreeRTOS/tasks.o (strcat)
/home/jenya/Tools/arm-2011.03/bin/../lib/gcc/arm-none-eabi/4.5.2/../../../../arm-none-eabi/lib/thumb2/libc.a(lib_a-strcpy.o)
                              /home/jenya/Tools/arm-2011.03/bin/../lib/gcc/arm-none-eabi/4.5.2/../../../../arm-none-eabi/lib/thumb2/libc.a(lib_a-strcat.o) (strcpy)
/home/jenya/Tools/arm-2011.03/bin/../lib/gcc/arm-none-eabi/4.5.2/../../../../arm-none-eabi/lib/thumb2/libc.a(lib_a-strlen.o)
                              ./3rdParty/FreeRTOS/tasks.o (strlen)
/home/jenya/Tools/arm-2011.03/bin/../lib/gcc/arm-none-eabi/4.5.2/../../../../arm-none-eabi/lib/thumb2/libc.a(lib_a-strncpy.o)
                              ./3rdParty/FreeRTOS/tasks.o (strncpy)

Allocating common symbols
Common symbol       size              file

xQueueRegistry      0x50              ./3rdParty/FreeRTOS/queue.o

Memory Configuration

Name             Origin             Length             Attributes
FLASH            0x00000000         0x00080000         xr
SRAM             0x10000000         0x00008000         xrw
AHBRAM0          0x2007c000         0x00004000
AHBRAM1          0x20080000         0x00004000
*default*        0x00000000         0xffffffff

Linker script and memory map

LOAD ./autoPilot/src/main.o
LOAD ./autoPilot/src/testTask.o
LOAD ./3rdParty/printf/printf-stdarg.o
LOAD ./3rdParty/LPX17xx/CM3/cr_startup_lpc17.o
LOAD ./3rdParty/FreeRTOS/portable/MemMang/heap_2.o
LOAD ./3rdParty/FreeRTOS/portable/GCC/ARM_CM3/port.o
LOAD ./3rdParty/FreeRTOS/list.o
LOAD ./3rdParty/FreeRTOS/queue.o
LOAD ./3rdParty/FreeRTOS/tasks.o
START GROUP
LOAD /home/jenya/Tools/arm-2011.03/bin/../lib/gcc/arm-none-eabi/4.5.2/thumb2/libgcc.a
LOAD /home/jenya/Tools/arm-2011.03/bin/../lib/gcc/arm-none-eabi/4.5.2/../../../../arm-none-eabi/lib/thumb2/libc.a
END GROUP
START GROUP
LOAD /home/jenya/Tools/arm-2011.03/bin/../lib/gcc/arm-none-eabi/4.5.2/thumb2/libgcc.a
LOAD /home/jenya/Tools/arm-2011.03/bin/../lib/gcc/arm-none-eabi/4.5.2/../../../../arm-none-eabi/lib/thumb2/libc.a
END GROUP
                0x10008000                _vRamTop = 0x10008000

.text           0x00000000     0x330c
 *(.isr_vector)
 .isr_vector    0x00000000       0xc8 ./3rdParty/LPX17xx/CM3/cr_startup_lpc17.o
                0x00000000                g_pfnVectors
 *(.text*)
 .text          0x000000c8      0x31c ./autoPilot/src/main.o
                0x000000c8                main
                0x0000012c                vApplicationTickHook
                0x00000138                pcGetTaskStatusMessage
                0x0000034c                vLedConfig
                0x0000036c                vApplicationStackOverflowHook
                0x00000378                vConfigureTimerForRunTimeStats
 .text          0x000003e4       0x44 ./autoPilot/src/testTask.o
                0x000003e4                vTestTask
 .text          0x00000428      0x4b8 ./3rdParty/printf/printf-stdarg.o
                0x00000834                printf
                0x00000860                sprintf
                0x00000890                snprintf
                0x000008c4                write
 .text          0x000008e0       0x94 ./3rdParty/LPX17xx/CM3/cr_startup_lpc17.o
                0x000008e0                ResetISR
                0x00000934                NMI_Handler
                0x0000093c                HardFault_Handler
                0x00000944                MemManage_Handler
                0x0000094c                BusFault_Handler
                0x00000954                UsageFault_Handler
                0x0000095c                DebugMon_Handler
                0x00000964                TIMER2_IRQHandler
                0x00000964                RIT_IRQHandler
                0x00000964                I2C0_IRQHandler
                0x00000964                USBActivity_IRQHandler
                0x00000964                PWM1_IRQHandler
                0x00000964                I2C1_IRQHandler
                0x00000964                EINT2_IRQHandler
                0x00000964                UART1_IRQHandler
                0x00000964                EINT3_IRQHandler
                0x00000964                CANActivity_IRQHandler
                0x00000964                TIMER3_IRQHandler
                0x00000964                UART0_IRQHandler
                0x00000964                IntDefaultHandler
                0x00000964                PLL0_IRQHandler
                0x00000964                CAN_IRQHandler
                0x00000964                PLL1_IRQHandler
                0x00000964                SSP0_IRQHandler
                0x00000964                I2S_IRQHandler
                0x00000964                I2C2_IRQHandler
                0x00000964                RTC_IRQHandler
                0x00000964                TIMER0_IRQHandler
                0x00000964                SPI_IRQHandler
                0x00000964                EINT1_IRQHandler
                0x00000964                TIMER1_IRQHandler
                0x00000964                UART2_IRQHandler
                0x00000964                ADC_IRQHandler
                0x00000964                SSP1_IRQHandler
                0x00000964                USB_IRQHandler
                0x00000964                BOD_IRQHandler
                0x00000964                WDT_IRQHandler
                0x00000964                QEI_IRQHandler
                0x00000964                EINT0_IRQHandler
                0x00000964                DMA_IRQHandler
                0x00000964                UART3_IRQHandler
                0x00000964                MCPWM_IRQHandler
                0x00000964                ENET_IRQHandler
 .text          0x00000974      0x1f8 ./3rdParty/FreeRTOS/portable/MemMang/heap_2.o
                0x00000974                pvPortMalloc
                0x00000ad0                vPortFree
                0x00000b4c                xPortGetFreeHeapSize
                0x00000b60                vPortInitialiseBlocks
 .text          0x00000b6c      0x1d8 ./3rdParty/FreeRTOS/portable/GCC/ARM_CM3/port.o
                0x00000b6c                pxPortInitialiseStack
                0x00000bcc                vPortSVCHandler
                0x00000bec                vPortStartFirstTask
                0x00000bfc                xPortStartScheduler
                0x00000c38                vPortEndScheduler
                0x00000c44                vPortYieldFromISR
                0x00000c5c                vPortEnterCritical
                0x00000c80                vPortExitCritical
                0x00000cac                xPortPendSVHandler
                0x00000ce8                xPortSysTickHandler
 .text          0x00000d44      0x17c ./3rdParty/FreeRTOS/list.o
                0x00000d44                vListInitialise
                0x00000d8c                vListInitialiseItem
                0x00000da8                vListInsertEnd
                0x00000df8                vListInsert
                0x00000e6c                vListRemove
 .text          0x00000ec0      0x9bc ./3rdParty/FreeRTOS/queue.o
                0x00000ec0                xQueueGenericCreate
                0x00000f9c                xQueueCreateMutex
                0x00001040                xQueueGiveMutexRecursive
                0x00001098                xQueueTakeMutexRecursive
                0x000010f4                xQueueGenericSend
                0x00001214                xQueueGenericSendFromISR
                0x000012a4                xQueueGenericReceive
                0x0000142c                xQueueReceiveFromISR
                0x000014c0                uxQueueMessagesWaiting
                0x000014e4                uxQueueMessagesWaitingFromISR
                0x00001500                vQueueDelete
                0x00001528                ucQueueGetQueueNumber
                0x00001544                vQueueSetQueueNumber
                0x00001564                ucQueueGetQueueType
                0x00001760                xQueueIsQueueEmptyFromISR
                0x000017b4                xQueueIsQueueFullFromISR
                0x000017dc                vQueueAddToRegistry
 .text          0x0000187c     0x15a0 ./3rdParty/FreeRTOS/tasks.o
                0x0000187c                xTaskGenericCreate
                0x000019e4                vTaskDelete
                0x00001a88                vTaskDelayUntil
                0x00001b28                vTaskDelay
                0x00001b80                uxTaskPriorityGet
                0x00001bb8                vTaskPrioritySet
                0x00001ccc                vTaskSuspend
                0x00001d70                xTaskIsTaskSuspended
                0x00001dbc                vTaskResume
                0x00001e58                xTaskResumeFromISR
                0x00001f1c                vTaskStartScheduler
                0x00001f8c                vTaskEndScheduler
                0x00001fac                vTaskSuspendAll
                0x00001fc8                xTaskResumeAll
                0x000020dc                xTaskGetTickCount
                0x00002100                xTaskGetTickCountFromISR
                0x00002134                uxTaskGetNumberOfTasks
                0x00002148                vTaskList
                0x0000224c                vTaskGetRunTimeStats
                0x00002360                vTaskIncrementTick
                0x000024a0                vTaskSwitchContext
                0x000025c4                vTaskPlaceOnEventList
                0x0000262c                xTaskRemoveFromEventList
                0x000026e0                vTaskSetTimeOutState
                0x0000270c                xTaskCheckForTimeOut
                0x000027a0                vTaskMissedYield
                0x000027b8                uxTaskGetTaskNumber
                0x000027e8                vTaskSetTaskNumber
                0x00002c68                uxTaskGetStackHighWaterMark
                0x00002cc0                xTaskGetCurrentTaskHandle
                0x00002ce0                vTaskPriorityInherit
                0x00002d94                vTaskPriorityDisinherit
 .text          0x00002e1c       0x64 /home/jenya/Tools/arm-2011.03/bin/../lib/gcc/arm-none-eabi/4.5.2/../../../../arm-none-eabi/lib/thumb2/libc.a(lib_a-memcmp.o)
                0x00002e1c                memcmp
 .text          0x00002e80      0x150 /home/jenya/Tools/arm-2011.03/bin/../lib/gcc/arm-none-eabi/4.5.2/../../../../arm-none-eabi/lib/thumb2/libc.a(lib_a-memcpy.o)
                0x00002e80                memcpy
 .text          0x00002fd0       0xb4 /home/jenya/Tools/arm-2011.03/bin/../lib/gcc/arm-none-eabi/4.5.2/../../../../arm-none-eabi/lib/thumb2/libc.a(lib_a-memset.o)
                0x00002fd0                memset
 .text          0x00003084       0x48 /home/jenya/Tools/arm-2011.03/bin/../lib/gcc/arm-none-eabi/4.5.2/../../../../arm-none-eabi/lib/thumb2/libc.a(lib_a-strcat.o)
                0x00003084                strcat
 .text          0x000030cc       0xbc /home/jenya/Tools/arm-2011.03/bin/../lib/gcc/arm-none-eabi/4.5.2/../../../../arm-none-eabi/lib/thumb2/libc.a(lib_a-strcpy.o)
                0x000030cc                strcpy
 .text          0x00003188       0x60 /home/jenya/Tools/arm-2011.03/bin/../lib/gcc/arm-none-eabi/4.5.2/../../../../arm-none-eabi/lib/thumb2/libc.a(lib_a-strlen.o)
                0x00003188                strlen
 .text          0x000031e8       0x78 /home/jenya/Tools/arm-2011.03/bin/../lib/gcc/arm-none-eabi/4.5.2/../../../../arm-none-eabi/lib/thumb2/libc.a(lib_a-strncpy.o)
                0x000031e8                strncpy
 *(.rodata*)
 .rodata        0x00003260       0x38 ./autoPilot/src/main.o
 .rodata        0x00003298        0x8 ./3rdParty/printf/printf-stdarg.o
 .rodata        0x000032a0        0x2 ./3rdParty/FreeRTOS/portable/MemMang/heap_2.o
 *fill*         0x000032a2        0x2 00
 .rodata        0x000032a4        0x4 ./3rdParty/FreeRTOS/portable/GCC/ARM_CM3/port.o
                0x000032a4                ulKernelPriority
 .rodata        0x000032a8       0x64 ./3rdParty/FreeRTOS/tasks.o

.glue_7         0x0000330c        0x0
 .glue_7        0x00000000        0x0 linker stubs

.glue_7t        0x0000330c        0x0
 .glue_7t       0x00000000        0x0 linker stubs

.vfp11_veneer   0x0000330c        0x0
 .vfp11_veneer  0x00000000        0x0 linker stubs

.v4_bx          0x0000330c        0x0
 .v4_bx         0x00000000        0x0 linker stubs

.ARM.extab
 *(.ARM.extab* .gnu.linkonce.armextab.*)
                0x0000330c                __exidx_start = .

.ARM.exidx
 *(.ARM.exidx* .gnu.linkonce.armexidx.*)
                0x0000330c                __exidx_end = .
                0x0000330c                _etext = .

.data           0x10000000       0x10 load address 0x0000330c
                0x10000000                _data = .
 *(vtable)
 *(.data*)
 .data          0x10000000        0x4 ./autoPilot/src/main.o
 .data          0x10000004        0x0 ./autoPilot/src/testTask.o
 .data          0x10000004        0x0 ./3rdParty/printf/printf-stdarg.o
 .data          0x10000004        0x0 ./3rdParty/LPX17xx/CM3/cr_startup_lpc17.o
 .data          0x10000004        0x4 ./3rdParty/FreeRTOS/portable/MemMang/heap_2.o
 .data          0x10000008        0x4 ./3rdParty/FreeRTOS/portable/GCC/ARM_CM3/port.o
 .data          0x1000000c        0x0 ./3rdParty/FreeRTOS/list.o
 .data          0x1000000c        0x0 ./3rdParty/FreeRTOS/queue.o
 .data          0x1000000c        0x4 ./3rdParty/FreeRTOS/tasks.o
 .data          0x10000010        0x0 /home/jenya/Tools/arm-2011.03/bin/../lib/gcc/arm-none-eabi/4.5.2/../../../../arm-none-eabi/lib/thumb2/libc.a(lib_a-memcmp.o)
 .data          0x10000010        0x0 /home/jenya/Tools/arm-2011.03/bin/../lib/gcc/arm-none-eabi/4.5.2/../../../../arm-none-eabi/lib/thumb2/libc.a(lib_a-memcpy.o)
 .data          0x10000010        0x0 /home/jenya/Tools/arm-2011.03/bin/../lib/gcc/arm-none-eabi/4.5.2/../../../../arm-none-eabi/lib/thumb2/libc.a(lib_a-memset.o)
 .data          0x10000010        0x0 /home/jenya/Tools/arm-2011.03/bin/../lib/gcc/arm-none-eabi/4.5.2/../../../../arm-none-eabi/lib/thumb2/libc.a(lib_a-strcat.o)
 .data          0x10000010        0x0 /home/jenya/Tools/arm-2011.03/bin/../lib/gcc/arm-none-eabi/4.5.2/../../../../arm-none-eabi/lib/thumb2/libc.a(lib_a-strcpy.o)
 .data          0x10000010        0x0 /home/jenya/Tools/arm-2011.03/bin/../lib/gcc/arm-none-eabi/4.5.2/../../../../arm-none-eabi/lib/thumb2/libc.a(lib_a-strlen.o)
 .data          0x10000010        0x0 /home/jenya/Tools/arm-2011.03/bin/../lib/gcc/arm-none-eabi/4.5.2/../../../../arm-none-eabi/lib/thumb2/libc.a(lib_a-strncpy.o)
                0x10000010                _edata = .

.bss            0x10000010     0x4ddc load address 0x0000331c
                0x10000010                _bss = .
 *(.bss*)
 .bss           0x10000010        0x4 ./autoPilot/src/main.o
 .bss           0x10000014        0x0 ./autoPilot/src/testTask.o
 .bss           0x10000014        0x0 ./3rdParty/printf/printf-stdarg.o
 .bss           0x10000014        0x0 ./3rdParty/LPX17xx/CM3/cr_startup_lpc17.o
 *fill*         0x10000014        0x4 00
 .bss           0x10000018     0x4c18 ./3rdParty/FreeRTOS/portable/MemMang/heap_2.o
 .bss           0x10004c30        0x0 ./3rdParty/FreeRTOS/portable/GCC/ARM_CM3/port.o
 .bss           0x10004c30        0x0 ./3rdParty/FreeRTOS/list.o
 .bss           0x10004c30        0x0 ./3rdParty/FreeRTOS/queue.o
 .bss           0x10004c30      0x16c ./3rdParty/FreeRTOS/tasks.o
                0x10004c30                pxCurrentTCB
 .bss           0x10004d9c        0x0 /home/jenya/Tools/arm-2011.03/bin/../lib/gcc/arm-none-eabi/4.5.2/../../../../arm-none-eabi/lib/thumb2/libc.a(lib_a-memcmp.o)
 .bss           0x10004d9c        0x0 /home/jenya/Tools/arm-2011.03/bin/../lib/gcc/arm-none-eabi/4.5.2/../../../../arm-none-eabi/lib/thumb2/libc.a(lib_a-memcpy.o)
 .bss           0x10004d9c        0x0 /home/jenya/Tools/arm-2011.03/bin/../lib/gcc/arm-none-eabi/4.5.2/../../../../arm-none-eabi/lib/thumb2/libc.a(lib_a-memset.o)
 .bss           0x10004d9c        0x0 /home/jenya/Tools/arm-2011.03/bin/../lib/gcc/arm-none-eabi/4.5.2/../../../../arm-none-eabi/lib/thumb2/libc.a(lib_a-strcat.o)
 .bss           0x10004d9c        0x0 /home/jenya/Tools/arm-2011.03/bin/../lib/gcc/arm-none-eabi/4.5.2/../../../../arm-none-eabi/lib/thumb2/libc.a(lib_a-strcpy.o)
 .bss           0x10004d9c        0x0 /home/jenya/Tools/arm-2011.03/bin/../lib/gcc/arm-none-eabi/4.5.2/../../../../arm-none-eabi/lib/thumb2/libc.a(lib_a-strlen.o)
 .bss           0x10004d9c        0x0 /home/jenya/Tools/arm-2011.03/bin/../lib/gcc/arm-none-eabi/4.5.2/../../../../arm-none-eabi/lib/thumb2/libc.a(lib_a-strncpy.o)
 *(COMMON)
 COMMON         0x10004d9c       0x50 ./3rdParty/FreeRTOS/queue.o
                0x10004d9c                xQueueRegistry
                0x10004dec                _ebss = .

.cr_heap        0x10004dec        0x0
                0x10004dec                end = .
                0x10004dec                _pvHeapStart = .
                0x10007ff0                _vStackTop = (_vRamTop - 0x10)

.ETHRAM

.USBRAM
OUTPUT(ee542.elf elf32-littlearm)

.debug_abbrev   0x00000000      0xb03
 .debug_abbrev  0x00000000      0x1c7 ./autoPilot/src/main.o
 .debug_abbrev  0x000001c7       0xe5 ./autoPilot/src/testTask.o
 .debug_abbrev  0x000002ac      0x140 ./3rdParty/printf/printf-stdarg.o
 .debug_abbrev  0x000003ec       0xa7 ./3rdParty/LPX17xx/CM3/cr_startup_lpc17.o
 .debug_abbrev  0x00000493      0x16f ./3rdParty/FreeRTOS/portable/MemMang/heap_2.o
 .debug_abbrev  0x00000602      0x13a ./3rdParty/FreeRTOS/portable/GCC/ARM_CM3/port.o
 .debug_abbrev  0x0000073c       0xb4 ./3rdParty/FreeRTOS/list.o
 .debug_abbrev  0x000007f0      0x148 ./3rdParty/FreeRTOS/queue.o
 .debug_abbrev  0x00000938      0x1cb ./3rdParty/FreeRTOS/tasks.o

.debug_info     0x00000000     0x3818
 .debug_info    0x00000000      0xa73 ./autoPilot/src/main.o
 .debug_info    0x00000a73      0x3f2 ./autoPilot/src/testTask.o
 .debug_info    0x00000e65      0x3e7 ./3rdParty/printf/printf-stdarg.o
 .debug_info    0x0000124c      0x18b ./3rdParty/LPX17xx/CM3/cr_startup_lpc17.o
 .debug_info    0x000013d7      0x2d8 ./3rdParty/FreeRTOS/portable/MemMang/heap_2.o
 .debug_info    0x000016af      0x218 ./3rdParty/FreeRTOS/portable/GCC/ARM_CM3/port.o
 .debug_info    0x000018c7      0x2cf ./3rdParty/FreeRTOS/list.o
 .debug_info    0x00001b96      0x9c3 ./3rdParty/FreeRTOS/queue.o
 .debug_info    0x00002559     0x12bf ./3rdParty/FreeRTOS/tasks.o

.debug_line     0x00000000     0x2369
 .debug_line    0x00000000      0x4c6 ./autoPilot/src/main.o
 .debug_line    0x000004c6      0x2e0 ./autoPilot/src/testTask.o
 .debug_line    0x000007a6      0x1dc ./3rdParty/printf/printf-stdarg.o
 .debug_line    0x00000982       0x9c ./3rdParty/LPX17xx/CM3/cr_startup_lpc17.o
 .debug_line    0x00000a1e      0x466 ./3rdParty/FreeRTOS/portable/MemMang/heap_2.o
 .debug_line    0x00000e84      0x2c4 ./3rdParty/FreeRTOS/portable/GCC/ARM_CM3/port.o
 .debug_line    0x00001148      0x415 ./3rdParty/FreeRTOS/list.o
 .debug_line    0x0000155d      0x597 ./3rdParty/FreeRTOS/queue.o
 .debug_line    0x00001af4      0x875 ./3rdParty/FreeRTOS/tasks.o

.debug_macinfo  0x00000000    0x5184c
 .debug_macinfo
                0x00000000     0xc99f ./autoPilot/src/main.o
 .debug_macinfo
                0x0000c99f     0x9f93 ./autoPilot/src/testTask.o
 .debug_macinfo
                0x00016932     0x2344 ./3rdParty/printf/printf-stdarg.o
 .debug_macinfo
                0x00018c76     0x2204 ./3rdParty/LPX17xx/CM3/cr_startup_lpc17.o
 .debug_macinfo
                0x0001ae7a     0xb121 ./3rdParty/FreeRTOS/portable/MemMang/heap_2.o
 .debug_macinfo
                0x00025f9b     0x92d2 ./3rdParty/FreeRTOS/portable/GCC/ARM_CM3/port.o
 .debug_macinfo
                0x0002f26d     0xaa73 ./3rdParty/FreeRTOS/list.o
 .debug_macinfo
                0x00039ce0     0xb23e ./3rdParty/FreeRTOS/queue.o
 .debug_macinfo
                0x00044f1e     0xc92e ./3rdParty/FreeRTOS/tasks.o

.debug_loc      0x00000000     0x1644
 .debug_loc     0x00000000      0x158 ./autoPilot/src/main.o
 .debug_loc     0x00000158       0x38 ./autoPilot/src/testTask.o
 .debug_loc     0x00000190      0x1e7 ./3rdParty/printf/printf-stdarg.o
 .debug_loc     0x00000377      0x16c ./3rdParty/LPX17xx/CM3/cr_startup_lpc17.o
 .debug_loc     0x000004e3       0xc8 ./3rdParty/FreeRTOS/portable/MemMang/heap_2.o
 .debug_loc     0x000005ab      0x178 ./3rdParty/FreeRTOS/portable/GCC/ARM_CM3/port.o
 .debug_loc     0x00000723      0x118 ./3rdParty/FreeRTOS/list.o
 .debug_loc     0x0000083b      0x508 ./3rdParty/FreeRTOS/queue.o
 .debug_loc     0x00000d43      0x901 ./3rdParty/FreeRTOS/tasks.o

.debug_pubnames
                0x00000000      0x887
 .debug_pubnames
                0x00000000       0xa3 ./autoPilot/src/main.o
 .debug_pubnames
                0x000000a3       0x20 ./autoPilot/src/testTask.o
 .debug_pubnames
                0x000000c3       0x40 ./3rdParty/printf/printf-stdarg.o
 .debug_pubnames
                0x00000103       0xc3 ./3rdParty/LPX17xx/CM3/cr_startup_lpc17.o
 .debug_pubnames
                0x000001c6       0x64 ./3rdParty/FreeRTOS/portable/MemMang/heap_2.o
 .debug_pubnames
                0x0000022a      0x10d ./3rdParty/FreeRTOS/portable/GCC/ARM_CM3/port.o
 .debug_pubnames
                0x00000337       0x71 ./3rdParty/FreeRTOS/list.o
 .debug_pubnames
                0x000003a8      0x1de ./3rdParty/FreeRTOS/queue.o
 .debug_pubnames
                0x00000586      0x301 ./3rdParty/FreeRTOS/tasks.o

.debug_pubtypes
                0x00000000      0x461
 .debug_pubtypes
                0x00000000       0x9b ./autoPilot/src/main.o
 .debug_pubtypes
                0x0000009b       0x5e ./autoPilot/src/testTask.o
 .debug_pubtypes
                0x000000f9       0x3f ./3rdParty/printf/printf-stdarg.o
 .debug_pubtypes
                0x00000138       0x4c ./3rdParty/FreeRTOS/portable/MemMang/heap_2.o
 .debug_pubtypes
                0x00000184       0x33 ./3rdParty/FreeRTOS/portable/GCC/ARM_CM3/port.o
 .debug_pubtypes
                0x000001b7       0x7a ./3rdParty/FreeRTOS/list.o
 .debug_pubtypes
                0x00000231      0x103 ./3rdParty/FreeRTOS/queue.o
 .debug_pubtypes
                0x00000334      0x12d ./3rdParty/FreeRTOS/tasks.o

.debug_aranges  0x00000000      0x120
 .debug_aranges
                0x00000000       0x20 ./autoPilot/src/main.o
 .debug_aranges
                0x00000020       0x20 ./autoPilot/src/testTask.o
 .debug_aranges
                0x00000040       0x20 ./3rdParty/printf/printf-stdarg.o
 .debug_aranges
                0x00000060       0x20 ./3rdParty/LPX17xx/CM3/cr_startup_lpc17.o
 .debug_aranges
                0x00000080       0x20 ./3rdParty/FreeRTOS/portable/MemMang/heap_2.o
 .debug_aranges
                0x000000a0       0x20 ./3rdParty/FreeRTOS/portable/GCC/ARM_CM3/port.o
 .debug_aranges
                0x000000c0       0x20 ./3rdParty/FreeRTOS/list.o
 .debug_aranges
                0x000000e0       0x20 ./3rdParty/FreeRTOS/queue.o
 .debug_aranges
                0x00000100       0x20 ./3rdParty/FreeRTOS/tasks.o

.debug_str      0x00000000     0x1760
 .debug_str     0x00000000      0x562 ./autoPilot/src/main.o
                                0x59b (size before relaxing)
 .debug_str     0x00000562       0x4e ./autoPilot/src/testTask.o
                                0x260 (size before relaxing)
 .debug_str     0x000005b0       0xaf ./3rdParty/printf/printf-stdarg.o
                                0x102 (size before relaxing)
 .debug_str     0x0000065f       0xdb ./3rdParty/LPX17xx/CM3/cr_startup_lpc17.o
                                0x12c (size before relaxing)
 .debug_str     0x0000073a      0x178 ./3rdParty/FreeRTOS/portable/MemMang/heap_2.o
                                0x240 (size before relaxing)
 .debug_str     0x000008b2      0x151 ./3rdParty/FreeRTOS/portable/GCC/ARM_CM3/port.o
                                0x22e (size before relaxing)
 .debug_str     0x00000a03      0x12f ./3rdParty/FreeRTOS/list.o
                                0x215 (size before relaxing)
 .debug_str     0x00000b32      0x425 ./3rdParty/FreeRTOS/queue.o
                                0x5bf (size before relaxing)
 .debug_str     0x00000f57      0x809 ./3rdParty/FreeRTOS/tasks.o
                                0xa64 (size before relaxing)

.comment        0x00000000       0x2a
 .comment       0x00000000       0x2a ./autoPilot/src/main.o
                                 0x2b (size before relaxing)
 .comment       0x00000000       0x2b ./autoPilot/src/testTask.o
 .comment       0x00000000       0x2b ./3rdParty/printf/printf-stdarg.o
 .comment       0x00000000       0x2b ./3rdParty/LPX17xx/CM3/cr_startup_lpc17.o
 .comment       0x00000000       0x2b ./3rdParty/FreeRTOS/portable/MemMang/heap_2.o
 .comment       0x00000000       0x2b ./3rdParty/FreeRTOS/portable/GCC/ARM_CM3/port.o
 .comment       0x00000000       0x2b ./3rdParty/FreeRTOS/list.o
 .comment       0x00000000       0x2b ./3rdParty/FreeRTOS/queue.o
 .comment       0x00000000       0x2b ./3rdParty/FreeRTOS/tasks.o

.ARM.attributes
                0x00000000       0x31
 .ARM.attributes
                0x00000000       0x31 ./autoPilot/src/main.o
 .ARM.attributes
                0x00000031       0x31 ./autoPilot/src/testTask.o
 .ARM.attributes
                0x00000062       0x31 ./3rdParty/printf/printf-stdarg.o
 .ARM.attributes
                0x00000093       0x31 ./3rdParty/LPX17xx/CM3/cr_startup_lpc17.o
 .ARM.attributes
                0x000000c4       0x31 ./3rdParty/FreeRTOS/portable/MemMang/heap_2.o
 .ARM.attributes
                0x000000f5       0x31 ./3rdParty/FreeRTOS/portable/GCC/ARM_CM3/port.o
 .ARM.attributes
                0x00000126       0x31 ./3rdParty/FreeRTOS/list.o
 .ARM.attributes
                0x00000157       0x31 ./3rdParty/FreeRTOS/queue.o
 .ARM.attributes
                0x00000188       0x31 ./3rdParty/FreeRTOS/tasks.o
 .ARM.attributes
                0x000001b9       0x29 /home/jenya/Tools/arm-2011.03/bin/../lib/gcc/arm-none-eabi/4.5.2/../../../../arm-none-eabi/lib/thumb2/libc.a(lib_a-memcmp.o)
 .ARM.attributes
                0x000001e2       0x29 /home/jenya/Tools/arm-2011.03/bin/../lib/gcc/arm-none-eabi/4.5.2/../../../../arm-none-eabi/lib/thumb2/libc.a(lib_a-memcpy.o)
 .ARM.attributes
                0x0000020b       0x29 /home/jenya/Tools/arm-2011.03/bin/../lib/gcc/arm-none-eabi/4.5.2/../../../../arm-none-eabi/lib/thumb2/libc.a(lib_a-memset.o)
 .ARM.attributes
                0x00000234       0x29 /home/jenya/Tools/arm-2011.03/bin/../lib/gcc/arm-none-eabi/4.5.2/../../../../arm-none-eabi/lib/thumb2/libc.a(lib_a-strcat.o)
 .ARM.attributes
                0x0000025d       0x29 /home/jenya/Tools/arm-2011.03/bin/../lib/gcc/arm-none-eabi/4.5.2/../../../../arm-none-eabi/lib/thumb2/libc.a(lib_a-strcpy.o)
 .ARM.attributes
                0x00000286       0x29 /home/jenya/Tools/arm-2011.03/bin/../lib/gcc/arm-none-eabi/4.5.2/../../../../arm-none-eabi/lib/thumb2/libc.a(lib_a-strlen.o)
 .ARM.attributes
                0x000002af       0x29 /home/jenya/Tools/arm-2011.03/bin/../lib/gcc/arm-none-eabi/4.5.2/../../../../arm-none-eabi/lib/thumb2/libc.a(lib_a-strncpy.o)

.debug_frame    0x00000000      0xec8
 .debug_frame   0x00000000       0xd8 ./autoPilot/src/main.o
 .debug_frame   0x000000d8       0x30 ./autoPilot/src/testTask.o
 .debug_frame   0x00000108      0x154 ./3rdParty/printf/printf-stdarg.o
 .debug_frame   0x0000025c       0xf4 ./3rdParty/LPX17xx/CM3/cr_startup_lpc17.o
 .debug_frame   0x00000350       0x88 ./3rdParty/FreeRTOS/portable/MemMang/heap_2.o
 .debug_frame   0x000003d8      0x124 ./3rdParty/FreeRTOS/portable/GCC/ARM_CM3/port.o
 .debug_frame   0x000004fc       0x9c ./3rdParty/FreeRTOS/list.o
 .debug_frame   0x00000598      0x2d8 ./3rdParty/FreeRTOS/queue.o
 .debug_frame   0x00000870      0x538 ./3rdParty/FreeRTOS/tasks.o
 .debug_frame   0x00000da8       0x2c /home/jenya/Tools/arm-2011.03/bin/../lib/gcc/arm-none-eabi/4.5.2/../../../../arm-none-eabi/lib/thumb2/libc.a(lib_a-memcmp.o)
 .debug_frame   0x00000dd4       0x30 /home/jenya/Tools/arm-2011.03/bin/../lib/gcc/arm-none-eabi/4.5.2/../../../../arm-none-eabi/lib/thumb2/libc.a(lib_a-memcpy.o)
 .debug_frame   0x00000e04       0x2c /home/jenya/Tools/arm-2011.03/bin/../lib/gcc/arm-none-eabi/4.5.2/../../../../arm-none-eabi/lib/thumb2/libc.a(lib_a-memset.o)
 .debug_frame   0x00000e30       0x2c /home/jenya/Tools/arm-2011.03/bin/../lib/gcc/arm-none-eabi/4.5.2/../../../../arm-none-eabi/lib/thumb2/libc.a(lib_a-strcat.o)
 .debug_frame   0x00000e5c       0x20 /home/jenya/Tools/arm-2011.03/bin/../lib/gcc/arm-none-eabi/4.5.2/../../../../arm-none-eabi/lib/thumb2/libc.a(lib_a-strcpy.o)
 .debug_frame   0x00000e7c       0x20 /home/jenya/Tools/arm-2011.03/bin/../lib/gcc/arm-none-eabi/4.5.2/../../../../arm-none-eabi/lib/thumb2/libc.a(lib_a-strlen.o)
 .debug_frame   0x00000e9c       0x2c /home/jenya/Tools/arm-2011.03/bin/../lib/gcc/arm-none-eabi/4.5.2/../../../../arm-none-eabi/lib/thumb2/libc.a(lib_a-strncpy.o)
