Archive member included because of file (symbol)

/usr/local/arm-eabi-toolchain/bin/../lib/gcc/arm-none-eabi/4.4.1/thumb2/libgcc.a(_aeabi_uldivmod.o)
                              ./3rdParty/Drivers/source/lpc17xx_pwm.o (__aeabi_uldivmod)
/usr/local/arm-eabi-toolchain/bin/../lib/gcc/arm-none-eabi/4.4.1/thumb2/libgcc.a(bpabi.o)
                              /usr/local/arm-eabi-toolchain/bin/../lib/gcc/arm-none-eabi/4.4.1/thumb2/libgcc.a(_aeabi_uldivmod.o) (__gnu_uldivmod_helper)
/usr/local/arm-eabi-toolchain/bin/../lib/gcc/arm-none-eabi/4.4.1/thumb2/libgcc.a(_dvmd_tls.o)
                              /usr/local/arm-eabi-toolchain/bin/../lib/gcc/arm-none-eabi/4.4.1/thumb2/libgcc.a(_aeabi_uldivmod.o) (__aeabi_ldiv0)
/usr/local/arm-eabi-toolchain/bin/../lib/gcc/arm-none-eabi/4.4.1/thumb2/libgcc.a(_divdi3.o)
                              /usr/local/arm-eabi-toolchain/bin/../lib/gcc/arm-none-eabi/4.4.1/thumb2/libgcc.a(bpabi.o) (__divdi3)
/usr/local/arm-eabi-toolchain/bin/../lib/gcc/arm-none-eabi/4.4.1/thumb2/libgcc.a(_udivdi3.o)
                              /usr/local/arm-eabi-toolchain/bin/../lib/gcc/arm-none-eabi/4.4.1/thumb2/libgcc.a(bpabi.o) (__udivdi3)
/usr/local/arm-eabi-toolchain/bin/../lib/gcc/arm-none-eabi/4.4.1/thumb2/libgcc.a(_udivsi3.o)
                              /usr/local/arm-eabi-toolchain/bin/../lib/gcc/arm-none-eabi/4.4.1/thumb2/libgcc.a(_divdi3.o) (__aeabi_uidiv)
/usr/local/arm-eabi-toolchain/bin/../lib/gcc/arm-none-eabi/4.4.1/../../../../arm-none-eabi/lib/thumb2/libc.a(lib_a-memcmp.o)
                              ./3rdParty/FreeRTOS/tasks.o (memcmp)
/usr/local/arm-eabi-toolchain/bin/../lib/gcc/arm-none-eabi/4.4.1/../../../../arm-none-eabi/lib/thumb2/libc.a(lib_a-memcpy.o)
                              ./3rdParty/FreeRTOS/queue.o (memcpy)
/usr/local/arm-eabi-toolchain/bin/../lib/gcc/arm-none-eabi/4.4.1/../../../../arm-none-eabi/lib/thumb2/libc.a(lib_a-memset.o)
                              ./3rdParty/FreeRTOS/tasks.o (memset)
/usr/local/arm-eabi-toolchain/bin/../lib/gcc/arm-none-eabi/4.4.1/../../../../arm-none-eabi/lib/thumb2/libc.a(lib_a-strcat.o)
                              ./3rdParty/FreeRTOS/tasks.o (strcat)
/usr/local/arm-eabi-toolchain/bin/../lib/gcc/arm-none-eabi/4.4.1/../../../../arm-none-eabi/lib/thumb2/libc.a(lib_a-strlen.o)
                              ./3rdParty/FreeRTOS/tasks.o (strlen)
/usr/local/arm-eabi-toolchain/bin/../lib/gcc/arm-none-eabi/4.4.1/../../../../arm-none-eabi/lib/thumb2/libc.a(lib_a-strncpy.o)
                              ./3rdParty/FreeRTOS/tasks.o (strncpy)

Allocating common symbols
Common symbol       size              file

_db_dec             0x4               ./3rdParty/Drivers/source/debug_frmwrk.o
_db_dec_32          0x4               ./3rdParty/Drivers/source/debug_frmwrk.o
_db_hex_32          0x4               ./3rdParty/Drivers/source/debug_frmwrk.o
xQueueRegistry      0x50              ./3rdParty/FreeRTOS/queue.o
_db_dec_16          0x4               ./3rdParty/Drivers/source/debug_frmwrk.o
gpsRb               0x210             ./autoPilot/src/driverGps.o
gpsRxReady          0x1               ./autoPilot/src/main.o
_db_msg             0x4               ./3rdParty/Drivers/source/debug_frmwrk.o
_db_get_char        0x4               ./3rdParty/Drivers/source/debug_frmwrk.o
_db_msg_            0x4               ./3rdParty/Drivers/source/debug_frmwrk.o
_db_char            0x4               ./3rdParty/Drivers/source/debug_frmwrk.o
_db_hex             0x4               ./3rdParty/Drivers/source/debug_frmwrk.o
TxIntStat           0x1               ./autoPilot/src/driverGps.o
taskHandles         0x14              ./autoPilot/src/main.o
_db_hex_16          0x4               ./3rdParty/Drivers/source/debug_frmwrk.o

Memory Configuration

Name             Origin             Length             Attributes
FLASH            0x0000000000000000 0x0000000000080000 xr
SRAM             0x0000000010000000 0x0000000000008000 xrw
AHBRAM0          0x000000002007c000 0x0000000000004000
AHBRAM1          0x0000000020080000 0x0000000000004000
*default*        0x0000000000000000 0xffffffffffffffff

Linker script and memory map

LOAD ./autoPilot/src/driverGps.o
LOAD ./autoPilot/src/hwConfig.o
LOAD ./autoPilot/src/main.o
LOAD ./autoPilot/src/taskGps.o
LOAD ./autoPilot/src/taskLed.o
LOAD ./autoPilot/src/util.o
LOAD ./3rdParty/printf/printf-stdarg.o
LOAD ./3rdParty/FreeRTOS/portable/MemMang/heap_2.o
LOAD ./3rdParty/FreeRTOS/portable/GCC/ARM_CM3/port.o
LOAD ./3rdParty/FreeRTOS/list.o
LOAD ./3rdParty/FreeRTOS/queue.o
LOAD ./3rdParty/FreeRTOS/tasks.o
LOAD ./3rdParty/Drivers/source/debug_frmwrk.o
LOAD ./3rdParty/Drivers/source/lpc17xx_clkpwr.o
LOAD ./3rdParty/Drivers/source/lpc17xx_exti.o
LOAD ./3rdParty/Drivers/source/lpc17xx_gpio.o
LOAD ./3rdParty/Drivers/source/lpc17xx_i2c.o
LOAD ./3rdParty/Drivers/source/lpc17xx_libcfg_default.o
LOAD ./3rdParty/Drivers/source/lpc17xx_mcpwm.o
LOAD ./3rdParty/Drivers/source/lpc17xx_pinsel.o
LOAD ./3rdParty/Drivers/source/lpc17xx_pwm.o
LOAD ./3rdParty/Drivers/source/lpc17xx_spi.o
LOAD ./3rdParty/Drivers/source/lpc17xx_timer.o
LOAD ./3rdParty/Drivers/source/lpc17xx_uart.o
LOAD ./3rdParty/Core/CM3/DeviceSupport/NXP/LPC17xx/startup/arm/cr_startup_lpc17.o
LOAD ./3rdParty/Core/CM3/DeviceSupport/NXP/LPC17xx/system_LPC17xx.o
LOAD ./3rdParty/Core/CM3/CoreSupport/core_cm3.o
START GROUP
LOAD /usr/local/arm-eabi-toolchain/bin/../lib/gcc/arm-none-eabi/4.4.1/thumb2/libgcc.a
LOAD /usr/local/arm-eabi-toolchain/bin/../lib/gcc/arm-none-eabi/4.4.1/../../../../arm-none-eabi/lib/thumb2/libc.a
END GROUP
START GROUP
LOAD /usr/local/arm-eabi-toolchain/bin/../lib/gcc/arm-none-eabi/4.4.1/thumb2/libgcc.a
LOAD /usr/local/arm-eabi-toolchain/bin/../lib/gcc/arm-none-eabi/4.4.1/../../../../arm-none-eabi/lib/thumb2/libc.a
END GROUP
                0x0000000010008000                _vRamTop = 0x10008000

.text           0x0000000000000000     0xb404
 *(.isr_vector)
 .isr_vector    0x0000000000000000       0xc8 ./3rdParty/Core/CM3/DeviceSupport/NXP/LPC17xx/startup/arm/cr_startup_lpc17.o
                0x0000000000000000                g_pfnVectors
 *(.text*)
 .text          0x00000000000000c8      0x324 ./autoPilot/src/driverGps.o
                0x000000000000015c                configGpsUART
                0x0000000000000268                UART1_IRQHandler
                0x00000000000002b8                GPS_IntReceive
                0x000000000000034c                GPSReceive
 .text          0x00000000000003ec      0x374 ./autoPilot/src/hwConfig.o
                0x00000000000003ec                setSystem
                0x00000000000006f4                configRedLed
                0x000000000000071c                configPwm
 .text          0x0000000000000760      0x108 ./autoPilot/src/main.o
                0x0000000000000760                main
                0x00000000000007c0                vApplicationTickHook
                0x00000000000007cc                vApplicationStackOverflowHook
                0x00000000000007d8                vConfigureTimerForRunTimeStats
 .text          0x0000000000000868       0x44 ./autoPilot/src/taskGps.o
                0x0000000000000868                vGpsTask
 .text          0x00000000000008ac       0x4c ./autoPilot/src/taskLed.o
                0x00000000000008ac                vLedTask
 .text          0x00000000000008f8      0x194 ./autoPilot/src/util.o
                0x00000000000008f8                isDigit
                0x0000000000000928                strCmp
                0x0000000000000968                a2l
                0x00000000000009bc                a2d
 .text          0x0000000000000a8c      0x4c4 ./3rdParty/printf/printf-stdarg.o
                0x0000000000000ea4                printf
                0x0000000000000ed0                sprintf
                0x0000000000000f00                snprintf
                0x0000000000000f34                write
 .text          0x0000000000000f50      0x264 ./3rdParty/FreeRTOS/portable/MemMang/heap_2.o
                0x0000000000000f50                pvPortMalloc
                0x0000000000001108                vPortFree
                0x0000000000001190                xPortGetFreeHeapSize
                0x00000000000011a8                vPortInitialiseBlocks
 .text          0x00000000000011b4      0x210 ./3rdParty/FreeRTOS/portable/GCC/ARM_CM3/port.o
                0x00000000000011b4                pxPortInitialiseStack
                0x0000000000001214                vPortSVCHandler
                0x0000000000001234                vPortStartFirstTask
                0x0000000000001244                xPortStartScheduler
                0x0000000000001298                vPortEndScheduler
                0x00000000000012a4                vPortYieldFromISR
                0x00000000000012bc                vPortEnterCritical
                0x00000000000012e8                vPortExitCritical
                0x0000000000001320                xPortPendSVHandler
                0x000000000000135c                xPortSysTickHandler
 .text          0x00000000000013c4      0x17c ./3rdParty/FreeRTOS/list.o
                0x00000000000013c4                vListInitialise
                0x000000000000140c                vListInitialiseItem
                0x0000000000001428                vListInsertEnd
                0x0000000000001478                vListInsert
                0x00000000000014ec                vListRemove
 .text          0x0000000000001540      0x9f8 ./3rdParty/FreeRTOS/queue.o
                0x0000000000001540                xQueueGenericCreate
                0x000000000000161c                xQueueCreateMutex
                0x00000000000016c0                xQueueGiveMutexRecursive
                0x0000000000001718                xQueueTakeMutexRecursive
                0x0000000000001778                xQueueGenericSend
                0x0000000000001898                xQueueGenericSendFromISR
                0x0000000000001930                xQueueGenericReceive
                0x0000000000001ac0                xQueueReceiveFromISR
                0x0000000000001b5c                uxQueueMessagesWaiting
                0x0000000000001b80                uxQueueMessagesWaitingFromISR
                0x0000000000001b9c                vQueueDelete
                0x0000000000001bc4                ucQueueGetQueueNumber
                0x0000000000001be0                vQueueSetQueueNumber
                0x0000000000001c00                ucQueueGetQueueType
                0x0000000000001e04                xQueueIsQueueEmptyFromISR
                0x0000000000001e58                xQueueIsQueueFullFromISR
                0x0000000000001e80                vQueueAddToRegistry
 .text          0x0000000000001f38     0x191c ./3rdParty/FreeRTOS/tasks.o
                0x0000000000001f38                xTaskGenericCreate
                0x00000000000020f8                vTaskDelete
                0x00000000000021b8                vTaskDelayUntil
                0x0000000000002274                vTaskDelay
                0x00000000000022d0                uxTaskPriorityGet
                0x0000000000002308                vTaskPrioritySet
                0x0000000000002438                vTaskSuspend
                0x00000000000024f8                xTaskIsTaskSuspended
                0x0000000000002548                vTaskResume
                0x00000000000025f4                xTaskResumeFromISR
                0x00000000000026c8                vTaskStartScheduler
                0x0000000000002744                vTaskEndScheduler
                0x0000000000002764                vTaskSuspendAll
                0x0000000000002788                xTaskResumeAll
                0x00000000000028dc                xTaskGetTickCount
                0x0000000000002904                xTaskGetTickCountFromISR
                0x000000000000293c                uxTaskGetNumberOfTasks
                0x0000000000002954                vTaskList
                0x0000000000002a84                vTaskGetRunTimeStats
                0x0000000000002bc8                vTaskIncrementTick
                0x0000000000002d88                vTaskSwitchContext
                0x0000000000002f10                vTaskPlaceOnEventList
                0x0000000000002f88                xTaskRemoveFromEventList
                0x000000000000304c                vTaskSetTimeOutState
                0x000000000000307c                xTaskCheckForTimeOut
                0x0000000000003124                vTaskMissedYield
                0x000000000000313c                uxTaskGetTaskNumber
                0x000000000000316c                vTaskSetTaskNumber
                0x0000000000003670                uxTaskGetStackHighWaterMark
                0x00000000000036cc                xTaskGetCurrentTaskHandle
                0x00000000000036ec                vTaskPriorityInherit
                0x00000000000037c4                vTaskPriorityDisinherit
 .text          0x0000000000003854      0x840 ./3rdParty/Drivers/source/debug_frmwrk.o
                0x0000000000003854                UARTPutChar
                0x000000000000387c                UARTGetChar
                0x00000000000038ac                UARTPuts
                0x00000000000038e0                UARTPuts_
                0x0000000000003908                UARTPutDec
                0x00000000000039dc                UARTPutDec16
                0x0000000000003b48                UARTPutDec32
                0x0000000000003e10                UARTPutHex
                0x0000000000003e84                UARTPutHex16
                0x0000000000003ef8                UARTPutHex32
                0x0000000000003f6c                debug_frmwrk_init
 .text          0x0000000000004094      0x2ac ./3rdParty/Drivers/source/lpc17xx_clkpwr.o
                0x0000000000004094                CLKPWR_SetPCLKDiv
                0x0000000000004160                CLKPWR_GetPCLKSEL
                0x00000000000041b4                CLKPWR_GetPCLK
                0x0000000000004224                CLKPWR_ConfigPPWR
                0x00000000000042a0                CLKPWR_Sleep
                0x00000000000042bc                CLKPWR_DeepSleep
                0x00000000000042e8                CLKPWR_PowerDown
                0x0000000000004314                CLKPWR_DeepPowerDown
 .text          0x0000000000004340      0x1b4 ./3rdParty/Drivers/source/lpc17xx_exti.o
                0x0000000000004340                EXTI_Init
                0x000000000000437c                EXTI_DeInit
                0x0000000000004388                EXTI_Config
                0x00000000000043c8                EXTI_SetMode
                0x0000000000004440                EXTI_SetPolarity
                0x00000000000044b8                EXTI_ClearEXTIFlag
 .text          0x00000000000044f4      0x8b8 ./3rdParty/Drivers/source/lpc17xx_gpio.o
                0x000000000000465c                GPIO_SetDir
                0x00000000000046b0                GPIO_SetValue
                0x00000000000046dc                GPIO_ClearValue
                0x0000000000004708                GPIO_ReadValue
                0x0000000000004738                GPIO_IntCmd
                0x00000000000047c0                GPIO_GetIntStatus
                0x0000000000004870                GPIO_ClearInt
                0x00000000000048b0                FIO_SetDir
                0x00000000000048d8                FIO_SetValue
                0x00000000000048f8                FIO_ClearValue
                0x0000000000004918                FIO_ReadValue
                0x0000000000004938                FIO_IntCmd
                0x0000000000004960                FIO_GetIntStatus
                0x000000000000498c                FIO_ClearInt
                0x00000000000049ac                FIO_SetMask
                0x0000000000004a00                FIO_HalfWordSetDir
                0x0000000000004a9c                FIO_HalfWordSetMask
                0x0000000000004b38                FIO_HalfWordSetValue
                0x0000000000004b78                FIO_HalfWordClearValue
                0x0000000000004bb8                FIO_HalfWordReadValue
                0x0000000000004bfc                FIO_ByteSetDir
                0x0000000000004c74                FIO_ByteSetMask
                0x0000000000004cf4                FIO_ByteSetValue
                0x0000000000004d30                FIO_ByteClearValue
                0x0000000000004d6c                FIO_ByteReadValue
 .text          0x0000000000004dac     0x1464 ./3rdParty/Drivers/source/lpc17xx_i2c.o
                0x000000000000505c                I2C_Init
                0x0000000000005134                I2C_DeInit
                0x00000000000051d8                I2C_Cmd
                0x000000000000525c                I2C_IntCmd
                0x0000000000005308                I2C_MasterHandler
                0x00000000000056e4                I2C_SlaveHandler
                0x00000000000058bc                I2C_MasterTransferData
                0x0000000000005c0c                I2C_SlaveTransferData
                0x0000000000005e74                I2C_SetOwnSlaveAddr
                0x0000000000005f88                I2C_MonitorModeConfig
                0x0000000000006020                I2C_MonitorModeCmd
                0x00000000000060d0                I2C_MonitorGetDatabuffer
                0x0000000000006124                I2C_MonitorHandler
                0x0000000000006190                I2C_MasterTransferComplete
                0x00000000000061d0                I2C_SlaveTransferComplete
 .text          0x0000000000006210        0xc ./3rdParty/Drivers/source/lpc17xx_libcfg_default.o
                0x0000000000006210                check_failed
 .text          0x000000000000621c      0x7f0 ./3rdParty/Drivers/source/lpc17xx_mcpwm.o
                0x000000000000621c                MCPWM_Init
                0x0000000000006250                MCPWM_ConfigChannel
                0x0000000000006484                MCPWM_WriteToShadow
                0x00000000000064e0                MCPWM_ConfigCapture
                0x0000000000006680                MCPWM_ClearCapture
                0x00000000000066b0                MCPWM_GetCapture
                0x00000000000066f0                MCPWM_CountConfig
                0x0000000000006844                MCPWM_Start
                0x00000000000068a4                MCPWM_Stop
                0x0000000000006904                MCPWM_ACMode
                0x0000000000006930                MCPWM_DCMode
                0x0000000000006980                MCPWM_IntConfig
                0x00000000000069ac                MCPWM_IntSet
                0x00000000000069c8                MCPWM_IntClear
                0x00000000000069e4                MCPWM_GetIntStatus
 .text          0x0000000000006a0c      0x2a4 ./3rdParty/Drivers/source/lpc17xx_pinsel.o
                0x0000000000006bcc                PINSEL_ConfigTraceFunc
                0x0000000000006c20                PINSEL_SetI2C0Pins
                0x0000000000006c5c                PINSEL_ConfigPin
 .text          0x0000000000006cb0      0xc8c ./3rdParty/Drivers/source/lpc17xx_pwm.o
                0x0000000000006cb0                PWM_GetIntStatus
                0x0000000000006d40                PWM_ClearIntPending
                0x0000000000006dc4                PWM_ConfigStructInit
                0x0000000000006e2c                PWM_Init
                0x0000000000006fe0                PWM_DeInit
                0x0000000000007024                PWM_Cmd
                0x0000000000007094                PWM_CounterCmd
                0x0000000000007104                PWM_ResetCounter
                0x000000000000714c                PWM_ConfigMatch
                0x0000000000007344                PWM_ConfigCapture
                0x0000000000007538                PWM_GetCaptureValue
                0x00000000000075a4                PWM_MatchUpdate
                0x00000000000076ac                PWM_MultiMatchUpdate
                0x00000000000077a8                PWM_ChannelConfig
                0x000000000000787c                PWM_ChannelCmd
 .text          0x000000000000793c      0x5f0 ./3rdParty/Drivers/source/lpc17xx_spi.o
                0x000000000000793c                SPI_SetClock
                0x00000000000079c4                SPI_DeInit
                0x0000000000007a0c                SPI_GetDataSize
                0x0000000000007a4c                SPI_Init
                0x0000000000007af8                SPI_ConfigStructInit
                0x0000000000007b40                SPI_SendData
                0x0000000000007b78                SPI_ReceiveData
                0x0000000000007bb0                SPI_ReadWrite
                0x0000000000007db4                SPI_IntCmd
                0x0000000000007e2c                SPI_GetIntStatus
                0x0000000000007e68                SPI_ClearIntPending
                0x0000000000007ea0                SPI_GetStatus
                0x0000000000007ed8                SPI_CheckStatus
 .text          0x0000000000007f2c      0xbcc ./3rdParty/Drivers/source/lpc17xx_timer.o
                0x000000000000806c                TIM_GetIntStatus
                0x0000000000008128                TIM_GetIntCaptureStatus
                0x00000000000081e8                TIM_ClearIntPending
                0x0000000000008288                TIM_ClearIntCapturePending
                0x000000000000832c                TIM_ConfigStructInit
                0x000000000000836c                TIM_Init
                0x0000000000008540                TIM_DeInit
                0x0000000000008610                TIM_Cmd
                0x000000000000868c                TIM_ResetCounter
                0x00000000000086fc                TIM_ConfigMatch
                0x00000000000088c4                TIM_UpdateMatchValue
                0x0000000000008964                TIM_ConfigCapture
                0x0000000000008a6c                TIM_GetCaptureValue
 .text          0x0000000000008af8     0x18a8 ./3rdParty/Drivers/source/lpc17xx_uart.o
                0x0000000000008e1c                UART_Init
                0x0000000000009178                UART_DeInit
                0x0000000000009244                UART_ConfigStructInit
                0x0000000000009278                UART_SendByte
                0x00000000000092f0                UART_ReceiveByte
                0x0000000000009368                UART_Send
                0x0000000000009474                UART_Receive
                0x000000000000954c                UART_ForceBreak
                0x00000000000095d4                UART_IntConfig
                0x00000000000097a8                UART_GetLineStatus
                0x0000000000009824                UART_GetIntId
                0x0000000000009890                UART_CheckBusy
                0x00000000000098bc                UART_FIFOConfig
                0x0000000000009a44                UART_FIFOConfigStructInit
                0x0000000000009a78                UART_ABCmd
                0x0000000000009bd8                UART_ABClearIntPending
                0x0000000000009c60                UART_TxCmd
                0x0000000000009d50                UART_IrDAInvtInputCmd
                0x0000000000009dd4                UART_IrDACmd
                0x0000000000009e50                UART_IrDAPulseDivConfig
                0x0000000000009ef8                UART_FullModemForcePinState
                0x0000000000009fc4                UART_FullModemConfigMode
                0x000000000000a098                UART_FullModemGetStatus
                0x000000000000a0d0                UART_RS485Config
                0x000000000000a288                UART_RS485ReceiverCmd
                0x000000000000a2cc                UART_RS485Send
                0x000000000000a350                UART_RS485SendSlvAddr
                0x000000000000a378                UART_RS485SendData
 .text          0x000000000000a3a0       0x9c ./3rdParty/Core/CM3/DeviceSupport/NXP/LPC17xx/startup/arm/cr_startup_lpc17.o
                0x000000000000a3a0                ResetISR
                0x000000000000a3fc                NMI_Handler
                0x000000000000a404                HardFault_Handler
                0x000000000000a40c                MemManage_Handler
                0x000000000000a414                BusFault_Handler
                0x000000000000a41c                UsageFault_Handler
                0x000000000000a424                DebugMon_Handler
                0x000000000000a42c                EINT3_IRQHandler
                0x000000000000a42c                CANActivity_IRQHandler
                0x000000000000a42c                TIMER3_IRQHandler
                0x000000000000a42c                UART0_IRQHandler
                0x000000000000a42c                IntDefaultHandler
                0x000000000000a42c                PLL0_IRQHandler
                0x000000000000a42c                CAN_IRQHandler
                0x000000000000a42c                PLL1_IRQHandler
                0x000000000000a42c                SSP0_IRQHandler
                0x000000000000a42c                I2S_IRQHandler
                0x000000000000a42c                I2C2_IRQHandler
                0x000000000000a42c                RTC_IRQHandler
                0x000000000000a42c                TIMER0_IRQHandler
                0x000000000000a42c                SPI_IRQHandler
                0x000000000000a42c                EINT1_IRQHandler
                0x000000000000a42c                TIMER1_IRQHandler
                0x000000000000a42c                UART2_IRQHandler
                0x000000000000a42c                ADC_IRQHandler
                0x000000000000a42c                SSP1_IRQHandler
                0x000000000000a42c                USB_IRQHandler
                0x000000000000a42c                BOD_IRQHandler
                0x000000000000a42c                WDT_IRQHandler
                0x000000000000a42c                QEI_IRQHandler
                0x000000000000a42c                EINT0_IRQHandler
                0x000000000000a42c                DMA_IRQHandler
                0x000000000000a42c                UART3_IRQHandler
                0x000000000000a42c                MCPWM_IRQHandler
                0x000000000000a42c                TIMER2_IRQHandler
                0x000000000000a42c                ENET_IRQHandler
                0x000000000000a42c                RIT_IRQHandler
                0x000000000000a42c                I2C0_IRQHandler
                0x000000000000a42c                USBActivity_IRQHandler
                0x000000000000a42c                PWM1_IRQHandler
                0x000000000000a42c                I2C1_IRQHandler
                0x000000000000a42c                EINT2_IRQHandler
 .text          0x000000000000a43c      0x45c ./3rdParty/Core/CM3/DeviceSupport/NXP/LPC17xx/system_LPC17xx.o
                0x000000000000a43c                SystemCoreClockUpdate
                0x000000000000a660                SystemInit
 .text          0x000000000000a898        0x0 ./3rdParty/Core/CM3/CoreSupport/core_cm3.o
 .text          0x000000000000a898       0x2c /usr/local/arm-eabi-toolchain/bin/../lib/gcc/arm-none-eabi/4.4.1/thumb2/libgcc.a(_aeabi_uldivmod.o)
                0x000000000000a898                __aeabi_uldivmod
 .text          0x000000000000a8c4       0x58 /usr/local/arm-eabi-toolchain/bin/../lib/gcc/arm-none-eabi/4.4.1/thumb2/libgcc.a(bpabi.o)
                0x000000000000a8c4                __gnu_uldivmod_helper
                0x000000000000a8f0                __gnu_ldivmod_helper
 .text          0x000000000000a91c        0x4 /usr/local/arm-eabi-toolchain/bin/../lib/gcc/arm-none-eabi/4.4.1/thumb2/libgcc.a(_dvmd_tls.o)
                0x000000000000a91c                __aeabi_ldiv0
                0x000000000000a91c                __aeabi_idiv0
 .text          0x000000000000a920      0x364 /usr/local/arm-eabi-toolchain/bin/../lib/gcc/arm-none-eabi/4.4.1/thumb2/libgcc.a(_divdi3.o)
                0x000000000000a920                __divdi3
 .text          0x000000000000ac84      0x300 /usr/local/arm-eabi-toolchain/bin/../lib/gcc/arm-none-eabi/4.4.1/thumb2/libgcc.a(_udivdi3.o)
                0x000000000000ac84                __udivdi3
 *fill*         0x000000000000af84        0x4 00
 .text          0x000000000000af88      0x278 /usr/local/arm-eabi-toolchain/bin/../lib/gcc/arm-none-eabi/4.4.1/thumb2/libgcc.a(_udivsi3.o)
                0x000000000000af88                __udivsi3
                0x000000000000af88                __aeabi_uidiv
                0x000000000000b1e4                __aeabi_uidivmod
 .text          0x000000000000b200        0x0 /usr/local/arm-eabi-toolchain/bin/../lib/gcc/arm-none-eabi/4.4.1/../../../../arm-none-eabi/lib/thumb2/libc.a(lib_a-memcmp.o)
 .text.memcmp   0x000000000000b200       0x22 /usr/local/arm-eabi-toolchain/bin/../lib/gcc/arm-none-eabi/4.4.1/../../../../arm-none-eabi/lib/thumb2/libc.a(lib_a-memcmp.o)
                0x000000000000b200                memcmp
 .text          0x000000000000b222        0x0 /usr/local/arm-eabi-toolchain/bin/../lib/gcc/arm-none-eabi/4.4.1/../../../../arm-none-eabi/lib/thumb2/libc.a(lib_a-memcpy.o)
 .text.memcpy   0x000000000000b222       0x1a /usr/local/arm-eabi-toolchain/bin/../lib/gcc/arm-none-eabi/4.4.1/../../../../arm-none-eabi/lib/thumb2/libc.a(lib_a-memcpy.o)
                0x000000000000b222                memcpy
 .text          0x000000000000b23c        0x0 /usr/local/arm-eabi-toolchain/bin/../lib/gcc/arm-none-eabi/4.4.1/../../../../arm-none-eabi/lib/thumb2/libc.a(lib_a-memset.o)
 .text.memset   0x000000000000b23c       0x12 /usr/local/arm-eabi-toolchain/bin/../lib/gcc/arm-none-eabi/4.4.1/../../../../arm-none-eabi/lib/thumb2/libc.a(lib_a-memset.o)
                0x000000000000b23c                memset
 .text          0x000000000000b24e        0x0 /usr/local/arm-eabi-toolchain/bin/../lib/gcc/arm-none-eabi/4.4.1/../../../../arm-none-eabi/lib/thumb2/libc.a(lib_a-strcat.o)
 .text.strcat   0x000000000000b24e       0x1a /usr/local/arm-eabi-toolchain/bin/../lib/gcc/arm-none-eabi/4.4.1/../../../../arm-none-eabi/lib/thumb2/libc.a(lib_a-strcat.o)
                0x000000000000b24e                strcat
 .text          0x000000000000b268        0x0 /usr/local/arm-eabi-toolchain/bin/../lib/gcc/arm-none-eabi/4.4.1/../../../../arm-none-eabi/lib/thumb2/libc.a(lib_a-strlen.o)
 .text.strlen   0x000000000000b268       0x10 /usr/local/arm-eabi-toolchain/bin/../lib/gcc/arm-none-eabi/4.4.1/../../../../arm-none-eabi/lib/thumb2/libc.a(lib_a-strlen.o)
                0x000000000000b268                strlen
 .text          0x000000000000b278        0x0 /usr/local/arm-eabi-toolchain/bin/../lib/gcc/arm-none-eabi/4.4.1/../../../../arm-none-eabi/lib/thumb2/libc.a(lib_a-strncpy.o)
 .text.strncpy  0x000000000000b278       0x30 /usr/local/arm-eabi-toolchain/bin/../lib/gcc/arm-none-eabi/4.4.1/../../../../arm-none-eabi/lib/thumb2/libc.a(lib_a-strncpy.o)
                0x000000000000b278                strncpy
 *(.rodata*)
 .rodata        0x000000000000b2a8        0x4 ./autoPilot/src/main.o
 .rodata        0x000000000000b2ac        0x8 ./3rdParty/printf/printf-stdarg.o
 .rodata        0x000000000000b2b4        0x2 ./3rdParty/FreeRTOS/portable/MemMang/heap_2.o
 *fill*         0x000000000000b2b6        0x2 00
 .rodata        0x000000000000b2b8        0x4 ./3rdParty/FreeRTOS/portable/GCC/ARM_CM3/port.o
                0x000000000000b2b8                ulKernelPriority
 .rodata        0x000000000000b2bc       0x64 ./3rdParty/FreeRTOS/tasks.o
 .rodata        0x000000000000b320        0x8 ./3rdParty/Drivers/source/debug_frmwrk.o
 .rodata        0x000000000000b328       0x2c ./3rdParty/Drivers/source/lpc17xx_i2c.o
 .rodata        0x000000000000b354       0x2c ./3rdParty/Drivers/source/lpc17xx_pwm.o
 .rodata        0x000000000000b380       0x2c ./3rdParty/Drivers/source/lpc17xx_spi.o
 .rodata        0x000000000000b3ac       0x2c ./3rdParty/Drivers/source/lpc17xx_timer.o
 .rodata        0x000000000000b3d8       0x2c ./3rdParty/Drivers/source/lpc17xx_uart.o

.glue_7         0x000000000000b404        0x0
 .glue_7        0x0000000000000000        0x0 linker stubs

.glue_7t        0x000000000000b404        0x0
 .glue_7t       0x0000000000000000        0x0 linker stubs

.vfp11_veneer   0x000000000000b404        0x0
 .vfp11_veneer  0x0000000000000000        0x0 linker stubs

.v4_bx          0x000000000000b404        0x0
 .v4_bx         0x0000000000000000        0x0 linker stubs

.ARM.extab      0x000000000000b404        0x0
 *(.ARM.extab* .gnu.linkonce.armextab.*)
 .ARM.extab     0x000000000000b404        0x0 /usr/local/arm-eabi-toolchain/bin/../lib/gcc/arm-none-eabi/4.4.1/thumb2/libgcc.a(_divdi3.o)
 .ARM.extab     0x000000000000b404        0x0 /usr/local/arm-eabi-toolchain/bin/../lib/gcc/arm-none-eabi/4.4.1/thumb2/libgcc.a(_udivdi3.o)
                0x000000000000b404                __exidx_start = .

.ARM.exidx      0x000000000000b404        0x8
 *(.ARM.exidx* .gnu.linkonce.armexidx.*)
 .ARM.exidx     0x000000000000b404        0x8 /usr/local/arm-eabi-toolchain/bin/../lib/gcc/arm-none-eabi/4.4.1/thumb2/libgcc.a(_divdi3.o)
 .ARM.exidx     0x000000000000b40c        0x0 /usr/local/arm-eabi-toolchain/bin/../lib/gcc/arm-none-eabi/4.4.1/thumb2/libgcc.a(_udivdi3.o)
                                          0x8 (size before relaxing)
                0x000000000000b40c                __exidx_end = .
                0x000000000000b40c                _etext = .

.data           0x0000000010000000       0x10 load address 0x000000000000b40c
                0x0000000010000000                _data = .
 *(vtable)
 *(.data*)
 .data          0x0000000010000000        0x0 ./autoPilot/src/driverGps.o
 .data          0x0000000010000000        0x0 ./autoPilot/src/hwConfig.o
 .data          0x0000000010000000        0x0 ./autoPilot/src/main.o
 .data          0x0000000010000000        0x0 ./autoPilot/src/taskGps.o
 .data          0x0000000010000000        0x0 ./autoPilot/src/taskLed.o
 .data          0x0000000010000000        0x0 ./autoPilot/src/util.o
 .data          0x0000000010000000        0x0 ./3rdParty/printf/printf-stdarg.o
 .data          0x0000000010000000        0x4 ./3rdParty/FreeRTOS/portable/MemMang/heap_2.o
 .data          0x0000000010000004        0x4 ./3rdParty/FreeRTOS/portable/GCC/ARM_CM3/port.o
 .data          0x0000000010000008        0x0 ./3rdParty/FreeRTOS/list.o
 .data          0x0000000010000008        0x0 ./3rdParty/FreeRTOS/queue.o
 .data          0x0000000010000008        0x4 ./3rdParty/FreeRTOS/tasks.o
 .data          0x000000001000000c        0x0 ./3rdParty/Drivers/source/debug_frmwrk.o
 .data          0x000000001000000c        0x0 ./3rdParty/Drivers/source/lpc17xx_clkpwr.o
 .data          0x000000001000000c        0x0 ./3rdParty/Drivers/source/lpc17xx_exti.o
 .data          0x000000001000000c        0x0 ./3rdParty/Drivers/source/lpc17xx_gpio.o
 .data          0x000000001000000c        0x0 ./3rdParty/Drivers/source/lpc17xx_i2c.o
 .data          0x000000001000000c        0x0 ./3rdParty/Drivers/source/lpc17xx_libcfg_default.o
 .data          0x000000001000000c        0x0 ./3rdParty/Drivers/source/lpc17xx_mcpwm.o
 .data          0x000000001000000c        0x0 ./3rdParty/Drivers/source/lpc17xx_pinsel.o
 .data          0x000000001000000c        0x0 ./3rdParty/Drivers/source/lpc17xx_pwm.o
 .data          0x000000001000000c        0x0 ./3rdParty/Drivers/source/lpc17xx_spi.o
 .data          0x000000001000000c        0x0 ./3rdParty/Drivers/source/lpc17xx_timer.o
 .data          0x000000001000000c        0x0 ./3rdParty/Drivers/source/lpc17xx_uart.o
 .data          0x000000001000000c        0x0 ./3rdParty/Core/CM3/DeviceSupport/NXP/LPC17xx/startup/arm/cr_startup_lpc17.o
 .data          0x000000001000000c        0x4 ./3rdParty/Core/CM3/DeviceSupport/NXP/LPC17xx/system_LPC17xx.o
                0x000000001000000c                SystemCoreClock
 .data          0x0000000010000010        0x0 ./3rdParty/Core/CM3/CoreSupport/core_cm3.o
 .data          0x0000000010000010        0x0 /usr/local/arm-eabi-toolchain/bin/../lib/gcc/arm-none-eabi/4.4.1/thumb2/libgcc.a(_aeabi_uldivmod.o)
 .data          0x0000000010000010        0x0 /usr/local/arm-eabi-toolchain/bin/../lib/gcc/arm-none-eabi/4.4.1/thumb2/libgcc.a(bpabi.o)
 .data          0x0000000010000010        0x0 /usr/local/arm-eabi-toolchain/bin/../lib/gcc/arm-none-eabi/4.4.1/thumb2/libgcc.a(_dvmd_tls.o)
 .data          0x0000000010000010        0x0 /usr/local/arm-eabi-toolchain/bin/../lib/gcc/arm-none-eabi/4.4.1/thumb2/libgcc.a(_divdi3.o)
 .data          0x0000000010000010        0x0 /usr/local/arm-eabi-toolchain/bin/../lib/gcc/arm-none-eabi/4.4.1/thumb2/libgcc.a(_udivdi3.o)
 .data          0x0000000010000010        0x0 /usr/local/arm-eabi-toolchain/bin/../lib/gcc/arm-none-eabi/4.4.1/thumb2/libgcc.a(_udivsi3.o)
 .data          0x0000000010000010        0x0 /usr/local/arm-eabi-toolchain/bin/../lib/gcc/arm-none-eabi/4.4.1/../../../../arm-none-eabi/lib/thumb2/libc.a(lib_a-memcmp.o)
 .data          0x0000000010000010        0x0 /usr/local/arm-eabi-toolchain/bin/../lib/gcc/arm-none-eabi/4.4.1/../../../../arm-none-eabi/lib/thumb2/libc.a(lib_a-memcpy.o)
 .data          0x0000000010000010        0x0 /usr/local/arm-eabi-toolchain/bin/../lib/gcc/arm-none-eabi/4.4.1/../../../../arm-none-eabi/lib/thumb2/libc.a(lib_a-memset.o)
 .data          0x0000000010000010        0x0 /usr/local/arm-eabi-toolchain/bin/../lib/gcc/arm-none-eabi/4.4.1/../../../../arm-none-eabi/lib/thumb2/libc.a(lib_a-strcat.o)
 .data          0x0000000010000010        0x0 /usr/local/arm-eabi-toolchain/bin/../lib/gcc/arm-none-eabi/4.4.1/../../../../arm-none-eabi/lib/thumb2/libc.a(lib_a-strlen.o)
 .data          0x0000000010000010        0x0 /usr/local/arm-eabi-toolchain/bin/../lib/gcc/arm-none-eabi/4.4.1/../../../../arm-none-eabi/lib/thumb2/libc.a(lib_a-strncpy.o)
                0x0000000010000010                _edata = .

.bss            0x0000000010000010     0x5064 load address 0x000000000000b41c
                0x0000000010000010                _bss = .
 *(.bss*)
 .bss           0x0000000010000010        0x0 ./autoPilot/src/driverGps.o
 .bss           0x0000000010000010        0x0 ./autoPilot/src/hwConfig.o
 .bss           0x0000000010000010        0x4 ./autoPilot/src/main.o
 .bss           0x0000000010000014        0x0 ./autoPilot/src/taskGps.o
 .bss           0x0000000010000014        0x0 ./autoPilot/src/taskLed.o
 .bss           0x0000000010000014        0x0 ./autoPilot/src/util.o
 .bss           0x0000000010000014        0x0 ./3rdParty/printf/printf-stdarg.o
 *fill*         0x0000000010000014        0x4 00
 .bss           0x0000000010000018     0x4c18 ./3rdParty/FreeRTOS/portable/MemMang/heap_2.o
 .bss           0x0000000010004c30        0x0 ./3rdParty/FreeRTOS/portable/GCC/ARM_CM3/port.o
 .bss           0x0000000010004c30        0x0 ./3rdParty/FreeRTOS/list.o
 .bss           0x0000000010004c30        0x0 ./3rdParty/FreeRTOS/queue.o
 .bss           0x0000000010004c30      0x16c ./3rdParty/FreeRTOS/tasks.o
                0x0000000010004c30                pxCurrentTCB
 .bss           0x0000000010004d9c        0x0 ./3rdParty/Drivers/source/debug_frmwrk.o
 .bss           0x0000000010004d9c        0x0 ./3rdParty/Drivers/source/lpc17xx_clkpwr.o
 .bss           0x0000000010004d9c        0x0 ./3rdParty/Drivers/source/lpc17xx_exti.o
 .bss           0x0000000010004d9c        0x0 ./3rdParty/Drivers/source/lpc17xx_gpio.o
 .bss           0x0000000010004d9c       0x34 ./3rdParty/Drivers/source/lpc17xx_i2c.o
 .bss           0x0000000010004dd0        0x0 ./3rdParty/Drivers/source/lpc17xx_libcfg_default.o
 .bss           0x0000000010004dd0        0x0 ./3rdParty/Drivers/source/lpc17xx_mcpwm.o
 .bss           0x0000000010004dd0        0x0 ./3rdParty/Drivers/source/lpc17xx_pinsel.o
 .bss           0x0000000010004dd0        0x0 ./3rdParty/Drivers/source/lpc17xx_pwm.o
 .bss           0x0000000010004dd0        0x0 ./3rdParty/Drivers/source/lpc17xx_spi.o
 .bss           0x0000000010004dd0        0x0 ./3rdParty/Drivers/source/lpc17xx_timer.o
 .bss           0x0000000010004dd0        0x0 ./3rdParty/Drivers/source/lpc17xx_uart.o
 .bss           0x0000000010004dd0        0x0 ./3rdParty/Core/CM3/DeviceSupport/NXP/LPC17xx/startup/arm/cr_startup_lpc17.o
 .bss           0x0000000010004dd0        0x0 ./3rdParty/Core/CM3/DeviceSupport/NXP/LPC17xx/system_LPC17xx.o
 .bss           0x0000000010004dd0        0x0 ./3rdParty/Core/CM3/CoreSupport/core_cm3.o
 .bss           0x0000000010004dd0        0x0 /usr/local/arm-eabi-toolchain/bin/../lib/gcc/arm-none-eabi/4.4.1/thumb2/libgcc.a(_aeabi_uldivmod.o)
 .bss           0x0000000010004dd0        0x0 /usr/local/arm-eabi-toolchain/bin/../lib/gcc/arm-none-eabi/4.4.1/thumb2/libgcc.a(bpabi.o)
 .bss           0x0000000010004dd0        0x0 /usr/local/arm-eabi-toolchain/bin/../lib/gcc/arm-none-eabi/4.4.1/thumb2/libgcc.a(_dvmd_tls.o)
 .bss           0x0000000010004dd0        0x0 /usr/local/arm-eabi-toolchain/bin/../lib/gcc/arm-none-eabi/4.4.1/thumb2/libgcc.a(_divdi3.o)
 .bss           0x0000000010004dd0        0x0 /usr/local/arm-eabi-toolchain/bin/../lib/gcc/arm-none-eabi/4.4.1/thumb2/libgcc.a(_udivdi3.o)
 .bss           0x0000000010004dd0        0x0 /usr/local/arm-eabi-toolchain/bin/../lib/gcc/arm-none-eabi/4.4.1/thumb2/libgcc.a(_udivsi3.o)
 .bss           0x0000000010004dd0        0x0 /usr/local/arm-eabi-toolchain/bin/../lib/gcc/arm-none-eabi/4.4.1/../../../../arm-none-eabi/lib/thumb2/libc.a(lib_a-memcmp.o)
 .bss           0x0000000010004dd0        0x0 /usr/local/arm-eabi-toolchain/bin/../lib/gcc/arm-none-eabi/4.4.1/../../../../arm-none-eabi/lib/thumb2/libc.a(lib_a-memcpy.o)
 .bss           0x0000000010004dd0        0x0 /usr/local/arm-eabi-toolchain/bin/../lib/gcc/arm-none-eabi/4.4.1/../../../../arm-none-eabi/lib/thumb2/libc.a(lib_a-memset.o)
 .bss           0x0000000010004dd0        0x0 /usr/local/arm-eabi-toolchain/bin/../lib/gcc/arm-none-eabi/4.4.1/../../../../arm-none-eabi/lib/thumb2/libc.a(lib_a-strcat.o)
 .bss           0x0000000010004dd0        0x0 /usr/local/arm-eabi-toolchain/bin/../lib/gcc/arm-none-eabi/4.4.1/../../../../arm-none-eabi/lib/thumb2/libc.a(lib_a-strlen.o)
 .bss           0x0000000010004dd0        0x0 /usr/local/arm-eabi-toolchain/bin/../lib/gcc/arm-none-eabi/4.4.1/../../../../arm-none-eabi/lib/thumb2/libc.a(lib_a-strncpy.o)
 *(COMMON)
 COMMON         0x0000000010004dd0      0x211 ./autoPilot/src/driverGps.o
                0x0000000010004dd0                gpsRb
                0x0000000010004fe0                TxIntStat
 *fill*         0x0000000010004fe1        0x3 00
 COMMON         0x0000000010004fe4       0x18 ./autoPilot/src/main.o
                0x0000000010004fe4                gpsRxReady
                0x0000000010004fe8                taskHandles
 COMMON         0x0000000010004ffc       0x50 ./3rdParty/FreeRTOS/queue.o
                0x0000000010004ffc                xQueueRegistry
 COMMON         0x000000001000504c       0x28 ./3rdParty/Drivers/source/debug_frmwrk.o
                0x000000001000504c                _db_dec
                0x0000000010005050                _db_dec_32
                0x0000000010005054                _db_hex_32
                0x0000000010005058                _db_dec_16
                0x000000001000505c                _db_msg
                0x0000000010005060                _db_get_char
                0x0000000010005064                _db_msg_
                0x0000000010005068                _db_char
                0x000000001000506c                _db_hex
                0x0000000010005070                _db_hex_16
                0x0000000010005074                _ebss = .

.cr_heap        0x0000000010005074        0x0
                0x0000000010005074                end = .
                0x0000000010005074                _pvHeapStart = .
                0x0000000010007ff0                _vStackTop = (_vRamTop - 0x10)

.ETHRAM

.USBRAM
OUTPUT(ee542.elf elf32-littlearm)

.debug_abbrev   0x0000000000000000     0x262a
 .debug_abbrev  0x0000000000000000      0x203 ./autoPilot/src/driverGps.o
 .debug_abbrev  0x0000000000000203       0xf9 ./autoPilot/src/hwConfig.o
 .debug_abbrev  0x00000000000002fc      0x155 ./autoPilot/src/main.o
 .debug_abbrev  0x0000000000000451      0x138 ./autoPilot/src/taskGps.o
 .debug_abbrev  0x0000000000000589       0xfd ./autoPilot/src/taskLed.o
 .debug_abbrev  0x0000000000000686       0xe4 ./autoPilot/src/util.o
 .debug_abbrev  0x000000000000076a      0x145 ./3rdParty/printf/printf-stdarg.o
 .debug_abbrev  0x00000000000008af      0x178 ./3rdParty/FreeRTOS/portable/MemMang/heap_2.o
 .debug_abbrev  0x0000000000000a27      0x143 ./3rdParty/FreeRTOS/portable/GCC/ARM_CM3/port.o
 .debug_abbrev  0x0000000000000b6a       0xc6 ./3rdParty/FreeRTOS/list.o
 .debug_abbrev  0x0000000000000c30      0x149 ./3rdParty/FreeRTOS/queue.o
 .debug_abbrev  0x0000000000000d79      0x1bf ./3rdParty/FreeRTOS/tasks.o
 .debug_abbrev  0x0000000000000f38      0x1cf ./3rdParty/Drivers/source/debug_frmwrk.o
 .debug_abbrev  0x0000000000001107      0x173 ./3rdParty/Drivers/source/lpc17xx_clkpwr.o
 .debug_abbrev  0x000000000000127a      0x105 ./3rdParty/Drivers/source/lpc17xx_exti.o
 .debug_abbrev  0x000000000000137f      0x1d2 ./3rdParty/Drivers/source/lpc17xx_gpio.o
 .debug_abbrev  0x0000000000001551      0x206 ./3rdParty/Drivers/source/lpc17xx_i2c.o
 .debug_abbrev  0x0000000000001757       0x68 ./3rdParty/Drivers/source/lpc17xx_libcfg_default.o
 .debug_abbrev  0x00000000000017bf      0x15b ./3rdParty/Drivers/source/lpc17xx_mcpwm.o
 .debug_abbrev  0x000000000000191a      0x126 ./3rdParty/Drivers/source/lpc17xx_pinsel.o
 .debug_abbrev  0x0000000000001a40      0x1ae ./3rdParty/Drivers/source/lpc17xx_pwm.o
 .debug_abbrev  0x0000000000001bee      0x190 ./3rdParty/Drivers/source/lpc17xx_spi.o
 .debug_abbrev  0x0000000000001d7e      0x1bd ./3rdParty/Drivers/source/lpc17xx_timer.o
 .debug_abbrev  0x0000000000001f3b      0x1d7 ./3rdParty/Drivers/source/lpc17xx_uart.o
 .debug_abbrev  0x0000000000002112       0xb0 ./3rdParty/Core/CM3/DeviceSupport/NXP/LPC17xx/startup/arm/cr_startup_lpc17.o
 .debug_abbrev  0x00000000000021c2       0xd1 ./3rdParty/Core/CM3/DeviceSupport/NXP/LPC17xx/system_LPC17xx.o
 .debug_abbrev  0x0000000000002293       0x2c ./3rdParty/Core/CM3/CoreSupport/core_cm3.o
 .debug_abbrev  0x00000000000022bf       0x14 /usr/local/arm-eabi-toolchain/bin/../lib/gcc/arm-none-eabi/4.4.1/thumb2/libgcc.a(_aeabi_uldivmod.o)
 .debug_abbrev  0x00000000000022d3       0x6c /usr/local/arm-eabi-toolchain/bin/../lib/gcc/arm-none-eabi/4.4.1/thumb2/libgcc.a(bpabi.o)
 .debug_abbrev  0x000000000000233f       0x14 /usr/local/arm-eabi-toolchain/bin/../lib/gcc/arm-none-eabi/4.4.1/thumb2/libgcc.a(_dvmd_tls.o)
 .debug_abbrev  0x0000000000002353      0x169 /usr/local/arm-eabi-toolchain/bin/../lib/gcc/arm-none-eabi/4.4.1/thumb2/libgcc.a(_divdi3.o)
 .debug_abbrev  0x00000000000024bc      0x15a /usr/local/arm-eabi-toolchain/bin/../lib/gcc/arm-none-eabi/4.4.1/thumb2/libgcc.a(_udivdi3.o)
 .debug_abbrev  0x0000000000002616       0x14 /usr/local/arm-eabi-toolchain/bin/../lib/gcc/arm-none-eabi/4.4.1/thumb2/libgcc.a(_udivsi3.o)

.debug_info     0x0000000000000000     0xc880
 .debug_info    0x0000000000000000      0xca4 ./autoPilot/src/driverGps.o
 .debug_info    0x0000000000000ca4      0x817 ./autoPilot/src/hwConfig.o
 .debug_info    0x00000000000014bb      0x575 ./autoPilot/src/main.o
 .debug_info    0x0000000000001a30      0x512 ./autoPilot/src/taskGps.o
 .debug_info    0x0000000000001f42      0x3f1 ./autoPilot/src/taskLed.o
 .debug_info    0x0000000000002333      0x184 ./autoPilot/src/util.o
 .debug_info    0x00000000000024b7      0x3e8 ./3rdParty/printf/printf-stdarg.o
 .debug_info    0x000000000000289f      0x2d8 ./3rdParty/FreeRTOS/portable/MemMang/heap_2.o
 .debug_info    0x0000000000002b77      0x20a ./3rdParty/FreeRTOS/portable/GCC/ARM_CM3/port.o
 .debug_info    0x0000000000002d81      0x2d3 ./3rdParty/FreeRTOS/list.o
 .debug_info    0x0000000000003054      0x9ba ./3rdParty/FreeRTOS/queue.o
 .debug_info    0x0000000000003a0e     0x129f ./3rdParty/FreeRTOS/tasks.o
 .debug_info    0x0000000000004cad      0x8a9 ./3rdParty/Drivers/source/debug_frmwrk.o
 .debug_info    0x0000000000005556      0x692 ./3rdParty/Drivers/source/lpc17xx_clkpwr.o
 .debug_info    0x0000000000005be8      0x4c7 ./3rdParty/Drivers/source/lpc17xx_exti.o
 .debug_info    0x00000000000060af      0xe12 ./3rdParty/Drivers/source/lpc17xx_gpio.o
 .debug_info    0x0000000000006ec1      0xd9b ./3rdParty/Drivers/source/lpc17xx_i2c.o
 .debug_info    0x0000000000007c5c       0xc9 ./3rdParty/Drivers/source/lpc17xx_libcfg_default.o
 .debug_info    0x0000000000007d25      0x80b ./3rdParty/Drivers/source/lpc17xx_mcpwm.o
 .debug_info    0x0000000000008530      0x49f ./3rdParty/Drivers/source/lpc17xx_pinsel.o
 .debug_info    0x00000000000089cf      0x8cb ./3rdParty/Drivers/source/lpc17xx_pwm.o
 .debug_info    0x000000000000929a      0x5c1 ./3rdParty/Drivers/source/lpc17xx_spi.o
 .debug_info    0x000000000000985b      0x887 ./3rdParty/Drivers/source/lpc17xx_timer.o
 .debug_info    0x000000000000a0e2     0x1152 ./3rdParty/Drivers/source/lpc17xx_uart.o
 .debug_info    0x000000000000b234      0x160 ./3rdParty/Core/CM3/DeviceSupport/NXP/LPC17xx/startup/arm/cr_startup_lpc17.o
 .debug_info    0x000000000000b394      0x4da ./3rdParty/Core/CM3/DeviceSupport/NXP/LPC17xx/system_LPC17xx.o
 .debug_info    0x000000000000b86e       0x70 ./3rdParty/Core/CM3/CoreSupport/core_cm3.o
 .debug_info    0x000000000000b8de       0xb0 /usr/local/arm-eabi-toolchain/bin/../lib/gcc/arm-none-eabi/4.4.1/thumb2/libgcc.a(_aeabi_uldivmod.o)
 .debug_info    0x000000000000b98e       0xe2 /usr/local/arm-eabi-toolchain/bin/../lib/gcc/arm-none-eabi/4.4.1/thumb2/libgcc.a(bpabi.o)
 .debug_info    0x000000000000ba70       0xb6 /usr/local/arm-eabi-toolchain/bin/../lib/gcc/arm-none-eabi/4.4.1/thumb2/libgcc.a(_dvmd_tls.o)
 .debug_info    0x000000000000bb26      0x665 /usr/local/arm-eabi-toolchain/bin/../lib/gcc/arm-none-eabi/4.4.1/thumb2/libgcc.a(_divdi3.o)
 .debug_info    0x000000000000c18b      0x63f /usr/local/arm-eabi-toolchain/bin/../lib/gcc/arm-none-eabi/4.4.1/thumb2/libgcc.a(_udivdi3.o)
 .debug_info    0x000000000000c7ca       0xb6 /usr/local/arm-eabi-toolchain/bin/../lib/gcc/arm-none-eabi/4.4.1/thumb2/libgcc.a(_udivsi3.o)

.debug_line     0x0000000000000000     0x5dbc
 .debug_line    0x0000000000000000      0x449 ./autoPilot/src/driverGps.o
 .debug_line    0x0000000000000449      0x2e9 ./autoPilot/src/hwConfig.o
 .debug_line    0x0000000000000732      0x5bf ./autoPilot/src/main.o
 .debug_line    0x0000000000000cf1      0x428 ./autoPilot/src/taskGps.o
 .debug_line    0x0000000000001119      0x408 ./autoPilot/src/taskLed.o
 .debug_line    0x0000000000001521      0x175 ./autoPilot/src/util.o
 .debug_line    0x0000000000001696      0x132 ./3rdParty/printf/printf-stdarg.o
 .debug_line    0x00000000000017c8      0x4c2 ./3rdParty/FreeRTOS/portable/MemMang/heap_2.o
 .debug_line    0x0000000000001c8a      0x368 ./3rdParty/FreeRTOS/portable/GCC/ARM_CM3/port.o
 .debug_line    0x0000000000001ff2      0x49f ./3rdParty/FreeRTOS/list.o
 .debug_line    0x0000000000002491      0x5fc ./3rdParty/FreeRTOS/queue.o
 .debug_line    0x0000000000002a8d      0x74b ./3rdParty/FreeRTOS/tasks.o
 .debug_line    0x00000000000031d8      0x2fa ./3rdParty/Drivers/source/debug_frmwrk.o
 .debug_line    0x00000000000034d2      0x2a0 ./3rdParty/Drivers/source/lpc17xx_clkpwr.o
 .debug_line    0x0000000000003772      0x26d ./3rdParty/Drivers/source/lpc17xx_exti.o
 .debug_line    0x00000000000039df      0x348 ./3rdParty/Drivers/source/lpc17xx_gpio.o
 .debug_line    0x0000000000003d27      0x4cf ./3rdParty/Drivers/source/lpc17xx_i2c.o
 .debug_line    0x00000000000041f6      0x145 ./3rdParty/Drivers/source/lpc17xx_libcfg_default.o
 .debug_line    0x000000000000433b      0x30d ./3rdParty/Drivers/source/lpc17xx_mcpwm.o
 .debug_line    0x0000000000004648      0x268 ./3rdParty/Drivers/source/lpc17xx_pinsel.o
 .debug_line    0x00000000000048b0      0x336 ./3rdParty/Drivers/source/lpc17xx_pwm.o
 .debug_line    0x0000000000004be6      0x303 ./3rdParty/Drivers/source/lpc17xx_spi.o
 .debug_line    0x0000000000004ee9      0x360 ./3rdParty/Drivers/source/lpc17xx_timer.o
 .debug_line    0x0000000000005249      0x4a5 ./3rdParty/Drivers/source/lpc17xx_uart.o
 .debug_line    0x00000000000056ee       0x9b ./3rdParty/Core/CM3/DeviceSupport/NXP/LPC17xx/startup/arm/cr_startup_lpc17.o
 .debug_line    0x0000000000005789      0x1c5 ./3rdParty/Core/CM3/DeviceSupport/NXP/LPC17xx/system_LPC17xx.o
 .debug_line    0x000000000000594e       0xbb ./3rdParty/Core/CM3/CoreSupport/core_cm3.o
 .debug_line    0x0000000000005a09       0x77 /usr/local/arm-eabi-toolchain/bin/../lib/gcc/arm-none-eabi/4.4.1/thumb2/libgcc.a(_aeabi_uldivmod.o)
 .debug_line    0x0000000000005a80       0x79 /usr/local/arm-eabi-toolchain/bin/../lib/gcc/arm-none-eabi/4.4.1/thumb2/libgcc.a(bpabi.o)
 .debug_line    0x0000000000005af9       0x75 /usr/local/arm-eabi-toolchain/bin/../lib/gcc/arm-none-eabi/4.4.1/thumb2/libgcc.a(_dvmd_tls.o)
 .debug_line    0x0000000000005b6e       0xe1 /usr/local/arm-eabi-toolchain/bin/../lib/gcc/arm-none-eabi/4.4.1/thumb2/libgcc.a(_divdi3.o)
 .debug_line    0x0000000000005c4f       0xd5 /usr/local/arm-eabi-toolchain/bin/../lib/gcc/arm-none-eabi/4.4.1/thumb2/libgcc.a(_udivdi3.o)
 .debug_line    0x0000000000005d24       0x98 /usr/local/arm-eabi-toolchain/bin/../lib/gcc/arm-none-eabi/4.4.1/thumb2/libgcc.a(_udivsi3.o)

.debug_macinfo  0x0000000000000000    0xbfb52
 .debug_macinfo
                0x0000000000000000     0x9ffe ./autoPilot/src/driverGps.o
 .debug_macinfo
                0x0000000000009ffe     0x901c ./autoPilot/src/hwConfig.o
 .debug_macinfo
                0x000000000001301a     0xd62a ./autoPilot/src/main.o
 .debug_macinfo
                0x0000000000020644     0xa089 ./autoPilot/src/taskGps.o
 .debug_macinfo
                0x000000000002a6cd     0x9263 ./autoPilot/src/taskLed.o
 .debug_macinfo
                0x0000000000033930     0x169d ./autoPilot/src/util.o
 .debug_macinfo
                0x0000000000034fcd      0xdef ./3rdParty/printf/printf-stdarg.o
 .debug_macinfo
                0x0000000000035dbc     0x9bd3 ./3rdParty/FreeRTOS/portable/MemMang/heap_2.o
 .debug_macinfo
                0x000000000003f98f     0x7e81 ./3rdParty/FreeRTOS/portable/GCC/ARM_CM3/port.o
 .debug_macinfo
                0x0000000000047810     0x9525 ./3rdParty/FreeRTOS/list.o
 .debug_macinfo
                0x0000000000050d35     0x9cf0 ./3rdParty/FreeRTOS/queue.o
 .debug_macinfo
                0x000000000005aa25     0xb3f8 ./3rdParty/FreeRTOS/tasks.o
 .debug_macinfo
                0x0000000000065e1d     0x7da0 ./3rdParty/Drivers/source/debug_frmwrk.o
 .debug_macinfo
                0x000000000006dbbd     0x6f8a ./3rdParty/Drivers/source/lpc17xx_clkpwr.o
 .debug_macinfo
                0x0000000000074b47     0x5e82 ./3rdParty/Drivers/source/lpc17xx_exti.o
 .debug_macinfo
                0x000000000007a9c9     0x6050 ./3rdParty/Drivers/source/lpc17xx_gpio.o
 .debug_macinfo
                0x0000000000080a19     0x7f69 ./3rdParty/Drivers/source/lpc17xx_i2c.o
 .debug_macinfo
                0x0000000000088982     0x183c ./3rdParty/Drivers/source/lpc17xx_libcfg_default.o
 .debug_macinfo
                0x000000000008a1be     0x7af2 ./3rdParty/Drivers/source/lpc17xx_mcpwm.o
 .debug_macinfo
                0x0000000000091cb0     0x6165 ./3rdParty/Drivers/source/lpc17xx_pinsel.o
 .debug_macinfo
                0x0000000000097e15     0x7a1a ./3rdParty/Drivers/source/lpc17xx_pwm.o
 .debug_macinfo
                0x000000000009f82f     0x7ba5 ./3rdParty/Drivers/source/lpc17xx_spi.o
 .debug_macinfo
                0x00000000000a73d4     0x7e6a ./3rdParty/Drivers/source/lpc17xx_timer.o
 .debug_macinfo
                0x00000000000af23e     0x89e8 ./3rdParty/Drivers/source/lpc17xx_uart.o
 .debug_macinfo
                0x00000000000b7c26      0xcaf ./3rdParty/Core/CM3/DeviceSupport/NXP/LPC17xx/startup/arm/cr_startup_lpc17.o
 .debug_macinfo
                0x00000000000b88d5     0x5d89 ./3rdParty/Core/CM3/DeviceSupport/NXP/LPC17xx/system_LPC17xx.o
 .debug_macinfo
                0x00000000000be65e     0x14f4 ./3rdParty/Core/CM3/CoreSupport/core_cm3.o

.debug_frame    0x0000000000000000     0x25e0
 .debug_frame   0x0000000000000000       0xc4 ./autoPilot/src/driverGps.o
 .debug_frame   0x00000000000000c4       0x64 ./autoPilot/src/hwConfig.o
 .debug_frame   0x0000000000000128       0x84 ./autoPilot/src/main.o
 .debug_frame   0x00000000000001ac       0x30 ./autoPilot/src/taskGps.o
 .debug_frame   0x00000000000001dc       0x30 ./autoPilot/src/taskLed.o
 .debug_frame   0x000000000000020c       0x88 ./autoPilot/src/util.o
 .debug_frame   0x0000000000000294      0x154 ./3rdParty/printf/printf-stdarg.o
 .debug_frame   0x00000000000003e8       0x88 ./3rdParty/FreeRTOS/portable/MemMang/heap_2.o
 .debug_frame   0x0000000000000470      0x124 ./3rdParty/FreeRTOS/portable/GCC/ARM_CM3/port.o
 .debug_frame   0x0000000000000594       0x9c ./3rdParty/FreeRTOS/list.o
 .debug_frame   0x0000000000000630      0x2d8 ./3rdParty/FreeRTOS/queue.o
 .debug_frame   0x0000000000000908      0x534 ./3rdParty/FreeRTOS/tasks.o
 .debug_frame   0x0000000000000e3c      0x170 ./3rdParty/Drivers/source/debug_frmwrk.o
 .debug_frame   0x0000000000000fac       0xf4 ./3rdParty/Drivers/source/lpc17xx_clkpwr.o
 .debug_frame   0x00000000000010a0       0xbc ./3rdParty/Drivers/source/lpc17xx_exti.o
 .debug_frame   0x000000000000115c      0x378 ./3rdParty/Drivers/source/lpc17xx_gpio.o
 .debug_frame   0x00000000000014d4      0x2d0 ./3rdParty/Drivers/source/lpc17xx_i2c.o
 .debug_frame   0x00000000000017a4       0x2c ./3rdParty/Drivers/source/lpc17xx_libcfg_default.o
 .debug_frame   0x00000000000017d0      0x1b8 ./3rdParty/Drivers/source/lpc17xx_mcpwm.o
 .debug_frame   0x0000000000001988       0xbc ./3rdParty/Drivers/source/lpc17xx_pinsel.o
 .debug_frame   0x0000000000001a44      0x1f0 ./3rdParty/Drivers/source/lpc17xx_pwm.o
 .debug_frame   0x0000000000001c34      0x1ac ./3rdParty/Drivers/source/lpc17xx_spi.o
 .debug_frame   0x0000000000001de0      0x208 ./3rdParty/Drivers/source/lpc17xx_timer.o
 .debug_frame   0x0000000000001fe8      0x3b4 ./3rdParty/Drivers/source/lpc17xx_uart.o
 .debug_frame   0x000000000000239c       0xf4 ./3rdParty/Core/CM3/DeviceSupport/NXP/LPC17xx/startup/arm/cr_startup_lpc17.o
 .debug_frame   0x0000000000002490       0x48 ./3rdParty/Core/CM3/DeviceSupport/NXP/LPC17xx/system_LPC17xx.o
 .debug_frame   0x00000000000024d8       0x60 /usr/local/arm-eabi-toolchain/bin/../lib/gcc/arm-none-eabi/4.4.1/thumb2/libgcc.a(bpabi.o)
 .debug_frame   0x0000000000002538       0x44 /usr/local/arm-eabi-toolchain/bin/../lib/gcc/arm-none-eabi/4.4.1/thumb2/libgcc.a(_divdi3.o)
 .debug_frame   0x000000000000257c       0x44 /usr/local/arm-eabi-toolchain/bin/../lib/gcc/arm-none-eabi/4.4.1/thumb2/libgcc.a(_udivdi3.o)
 .debug_frame   0x00000000000025c0       0x20 /usr/local/arm-eabi-toolchain/bin/../lib/gcc/arm-none-eabi/4.4.1/thumb2/libgcc.a(_udivsi3.o)

.debug_loc      0x0000000000000000     0x4def
 .debug_loc     0x0000000000000000      0x14a ./autoPilot/src/driverGps.o
 .debug_loc     0x000000000000014a       0x81 ./autoPilot/src/hwConfig.o
 .debug_loc     0x00000000000001cb       0xd0 ./autoPilot/src/main.o
 .debug_loc     0x000000000000029b       0x37 ./autoPilot/src/taskGps.o
 .debug_loc     0x00000000000002d2       0x37 ./autoPilot/src/taskLed.o
 .debug_loc     0x0000000000000309       0xdc ./autoPilot/src/util.o
 .debug_loc     0x00000000000003e5      0x1df ./3rdParty/printf/printf-stdarg.o
 .debug_loc     0x00000000000005c4       0xc4 ./3rdParty/FreeRTOS/portable/MemMang/heap_2.o
 .debug_loc     0x0000000000000688      0x170 ./3rdParty/FreeRTOS/portable/GCC/ARM_CM3/port.o
 .debug_loc     0x00000000000007f8      0x113 ./3rdParty/FreeRTOS/list.o
 .debug_loc     0x000000000000090b      0x4f1 ./3rdParty/FreeRTOS/queue.o
 .debug_loc     0x0000000000000dfc      0x8d7 ./3rdParty/FreeRTOS/tasks.o
 .debug_loc     0x00000000000016d3      0x25d ./3rdParty/Drivers/source/debug_frmwrk.o
 .debug_loc     0x0000000000001930      0x188 ./3rdParty/Drivers/source/lpc17xx_clkpwr.o
 .debug_loc     0x0000000000001ab8      0x132 ./3rdParty/Drivers/source/lpc17xx_exti.o
 .debug_loc     0x0000000000001bea      0x604 ./3rdParty/Drivers/source/lpc17xx_gpio.o
 .debug_loc     0x00000000000021ee      0x4f1 ./3rdParty/Drivers/source/lpc17xx_i2c.o
 .debug_loc     0x00000000000026df       0x37 ./3rdParty/Drivers/source/lpc17xx_libcfg_default.o
 .debug_loc     0x0000000000002716      0x339 ./3rdParty/Drivers/source/lpc17xx_mcpwm.o
 .debug_loc     0x0000000000002a4f      0x14a ./3rdParty/Drivers/source/lpc17xx_pinsel.o
 .debug_loc     0x0000000000002b99      0x339 ./3rdParty/Drivers/source/lpc17xx_pwm.o
 .debug_loc     0x0000000000002ed2      0x2cb ./3rdParty/Drivers/source/lpc17xx_spi.o
 .debug_loc     0x000000000000319d      0x370 ./3rdParty/Drivers/source/lpc17xx_timer.o
 .debug_loc     0x000000000000350d      0x63d ./3rdParty/Drivers/source/lpc17xx_uart.o
 .debug_loc     0x0000000000003b4a      0x164 ./3rdParty/Core/CM3/DeviceSupport/NXP/LPC17xx/startup/arm/cr_startup_lpc17.o
 .debug_loc     0x0000000000003cae       0x56 ./3rdParty/Core/CM3/DeviceSupport/NXP/LPC17xx/system_LPC17xx.o
 .debug_loc     0x0000000000003d04      0x11e /usr/local/arm-eabi-toolchain/bin/../lib/gcc/arm-none-eabi/4.4.1/thumb2/libgcc.a(bpabi.o)
 .debug_loc     0x0000000000003e22      0x7bb /usr/local/arm-eabi-toolchain/bin/../lib/gcc/arm-none-eabi/4.4.1/thumb2/libgcc.a(_divdi3.o)
 .debug_loc     0x00000000000045dd      0x812 /usr/local/arm-eabi-toolchain/bin/../lib/gcc/arm-none-eabi/4.4.1/thumb2/libgcc.a(_udivdi3.o)

.debug_pubnames
                0x0000000000000000     0x17de
 .debug_pubnames
                0x0000000000000000       0x73 ./autoPilot/src/driverGps.o
 .debug_pubnames
                0x0000000000000073       0x3f ./autoPilot/src/hwConfig.o
 .debug_pubnames
                0x00000000000000b2       0x98 ./autoPilot/src/main.o
 .debug_pubnames
                0x000000000000014a       0x1f ./autoPilot/src/taskGps.o
 .debug_pubnames
                0x0000000000000169       0x1f ./autoPilot/src/taskLed.o
 .debug_pubnames
                0x0000000000000188       0x39 ./autoPilot/src/util.o
 .debug_pubnames
                0x00000000000001c1       0x40 ./3rdParty/printf/printf-stdarg.o
 .debug_pubnames
                0x0000000000000201       0x64 ./3rdParty/FreeRTOS/portable/MemMang/heap_2.o
 .debug_pubnames
                0x0000000000000265      0x10d ./3rdParty/FreeRTOS/portable/GCC/ARM_CM3/port.o
 .debug_pubnames
                0x0000000000000372       0x71 ./3rdParty/FreeRTOS/list.o
 .debug_pubnames
                0x00000000000003e3      0x1de ./3rdParty/FreeRTOS/queue.o
 .debug_pubnames
                0x00000000000005c1      0x301 ./3rdParty/FreeRTOS/tasks.o
 .debug_pubnames
                0x00000000000008c2      0x150 ./3rdParty/Drivers/source/debug_frmwrk.o
 .debug_pubnames
                0x0000000000000a12       0xbb ./3rdParty/Drivers/source/lpc17xx_clkpwr.o
 .debug_pubnames
                0x0000000000000acd       0x7d ./3rdParty/Drivers/source/lpc17xx_exti.o
 .debug_pubnames
                0x0000000000000b4a      0x203 ./3rdParty/Drivers/source/lpc17xx_gpio.o
 .debug_pubnames
                0x0000000000000d4d      0x163 ./3rdParty/Drivers/source/lpc17xx_i2c.o
 .debug_pubnames
                0x0000000000000eb0       0x23 ./3rdParty/Drivers/source/lpc17xx_libcfg_default.o
 .debug_pubnames
                0x0000000000000ed3      0x13b ./3rdParty/Drivers/source/lpc17xx_mcpwm.o
 .debug_pubnames
                0x000000000000100e       0x59 ./3rdParty/Drivers/source/lpc17xx_pinsel.o
 .debug_pubnames
                0x0000000000001067      0x140 ./3rdParty/Drivers/source/lpc17xx_pwm.o
 .debug_pubnames
                0x00000000000011a7      0x105 ./3rdParty/Drivers/source/lpc17xx_spi.o
 .debug_pubnames
                0x00000000000012ac      0x12b ./3rdParty/Drivers/source/lpc17xx_timer.o
 .debug_pubnames
                0x00000000000013d7      0x271 ./3rdParty/Drivers/source/lpc17xx_uart.o
 .debug_pubnames
                0x0000000000001648       0xc3 ./3rdParty/Core/CM3/DeviceSupport/NXP/LPC17xx/startup/arm/cr_startup_lpc17.o
 .debug_pubnames
                0x000000000000170b       0x4f ./3rdParty/Core/CM3/DeviceSupport/NXP/LPC17xx/system_LPC17xx.o
 .debug_pubnames
                0x000000000000175a       0x45 /usr/local/arm-eabi-toolchain/bin/../lib/gcc/arm-none-eabi/4.4.1/thumb2/libgcc.a(bpabi.o)
 .debug_pubnames
                0x000000000000179f       0x1f /usr/local/arm-eabi-toolchain/bin/../lib/gcc/arm-none-eabi/4.4.1/thumb2/libgcc.a(_divdi3.o)
 .debug_pubnames
                0x00000000000017be       0x20 /usr/local/arm-eabi-toolchain/bin/../lib/gcc/arm-none-eabi/4.4.1/thumb2/libgcc.a(_udivdi3.o)

.debug_aranges  0x0000000000000000      0x400
 .debug_aranges
                0x0000000000000000       0x20 ./autoPilot/src/driverGps.o
 .debug_aranges
                0x0000000000000020       0x20 ./autoPilot/src/hwConfig.o
 .debug_aranges
                0x0000000000000040       0x20 ./autoPilot/src/main.o
 .debug_aranges
                0x0000000000000060       0x20 ./autoPilot/src/taskGps.o
 .debug_aranges
                0x0000000000000080       0x20 ./autoPilot/src/taskLed.o
 .debug_aranges
                0x00000000000000a0       0x20 ./autoPilot/src/util.o
 .debug_aranges
                0x00000000000000c0       0x20 ./3rdParty/printf/printf-stdarg.o
 .debug_aranges
                0x00000000000000e0       0x20 ./3rdParty/FreeRTOS/portable/MemMang/heap_2.o
 .debug_aranges
                0x0000000000000100       0x20 ./3rdParty/FreeRTOS/portable/GCC/ARM_CM3/port.o
 .debug_aranges
                0x0000000000000120       0x20 ./3rdParty/FreeRTOS/list.o
 .debug_aranges
                0x0000000000000140       0x20 ./3rdParty/FreeRTOS/queue.o
 .debug_aranges
                0x0000000000000160       0x20 ./3rdParty/FreeRTOS/tasks.o
 .debug_aranges
                0x0000000000000180       0x20 ./3rdParty/Drivers/source/debug_frmwrk.o
 .debug_aranges
                0x00000000000001a0       0x20 ./3rdParty/Drivers/source/lpc17xx_clkpwr.o
 .debug_aranges
                0x00000000000001c0       0x20 ./3rdParty/Drivers/source/lpc17xx_exti.o
 .debug_aranges
                0x00000000000001e0       0x20 ./3rdParty/Drivers/source/lpc17xx_gpio.o
 .debug_aranges
                0x0000000000000200       0x20 ./3rdParty/Drivers/source/lpc17xx_i2c.o
 .debug_aranges
                0x0000000000000220       0x20 ./3rdParty/Drivers/source/lpc17xx_libcfg_default.o
 .debug_aranges
                0x0000000000000240       0x20 ./3rdParty/Drivers/source/lpc17xx_mcpwm.o
 .debug_aranges
                0x0000000000000260       0x20 ./3rdParty/Drivers/source/lpc17xx_pinsel.o
 .debug_aranges
                0x0000000000000280       0x20 ./3rdParty/Drivers/source/lpc17xx_pwm.o
 .debug_aranges
                0x00000000000002a0       0x20 ./3rdParty/Drivers/source/lpc17xx_spi.o
 .debug_aranges
                0x00000000000002c0       0x20 ./3rdParty/Drivers/source/lpc17xx_timer.o
 .debug_aranges
                0x00000000000002e0       0x20 ./3rdParty/Drivers/source/lpc17xx_uart.o
 .debug_aranges
                0x0000000000000300       0x20 ./3rdParty/Core/CM3/DeviceSupport/NXP/LPC17xx/startup/arm/cr_startup_lpc17.o
 .debug_aranges
                0x0000000000000320       0x20 ./3rdParty/Core/CM3/DeviceSupport/NXP/LPC17xx/system_LPC17xx.o
 .debug_aranges
                0x0000000000000340       0x20 /usr/local/arm-eabi-toolchain/bin/../lib/gcc/arm-none-eabi/4.4.1/thumb2/libgcc.a(_aeabi_uldivmod.o)
 .debug_aranges
                0x0000000000000360       0x20 /usr/local/arm-eabi-toolchain/bin/../lib/gcc/arm-none-eabi/4.4.1/thumb2/libgcc.a(bpabi.o)
 .debug_aranges
                0x0000000000000380       0x20 /usr/local/arm-eabi-toolchain/bin/../lib/gcc/arm-none-eabi/4.4.1/thumb2/libgcc.a(_dvmd_tls.o)
 .debug_aranges
                0x00000000000003a0       0x20 /usr/local/arm-eabi-toolchain/bin/../lib/gcc/arm-none-eabi/4.4.1/thumb2/libgcc.a(_divdi3.o)
 .debug_aranges
                0x00000000000003c0       0x20 /usr/local/arm-eabi-toolchain/bin/../lib/gcc/arm-none-eabi/4.4.1/thumb2/libgcc.a(_udivdi3.o)
 .debug_aranges
                0x00000000000003e0       0x20 /usr/local/arm-eabi-toolchain/bin/../lib/gcc/arm-none-eabi/4.4.1/thumb2/libgcc.a(_udivsi3.o)

.debug_str      0x0000000000000000     0x41ec
 .debug_str     0x0000000000000000      0x785 ./autoPilot/src/driverGps.o
                                        0x7e6 (size before relaxing)
 .debug_str     0x0000000000000785      0x335 ./autoPilot/src/hwConfig.o
                                        0x483 (size before relaxing)
 .debug_str     0x0000000000000aba       0xe6 ./autoPilot/src/main.o
                                        0x322 (size before relaxing)
 .debug_str     0x0000000000000ba0       0x31 ./autoPilot/src/taskGps.o
                                        0x25b (size before relaxing)
 .debug_str     0x0000000000000bd1       0x3f ./autoPilot/src/taskLed.o
                                        0x268 (size before relaxing)
 .debug_str     0x0000000000000c10       0x47 ./autoPilot/src/util.o
                                        0x110 (size before relaxing)
 .debug_str     0x0000000000000c57       0xa9 ./3rdParty/printf/printf-stdarg.o
                                        0x110 (size before relaxing)
 .debug_str     0x0000000000000d00      0x171 ./3rdParty/FreeRTOS/portable/MemMang/heap_2.o
                                        0x256 (size before relaxing)
 .debug_str     0x0000000000000e71      0x151 ./3rdParty/FreeRTOS/portable/GCC/ARM_CM3/port.o
                                        0x237 (size before relaxing)
 .debug_str     0x0000000000000fc2      0x12f ./3rdParty/FreeRTOS/list.o
                                        0x22b (size before relaxing)
 .debug_str     0x00000000000010f1      0x425 ./3rdParty/FreeRTOS/queue.o
                                        0x5d5 (size before relaxing)
 .debug_str     0x0000000000001516      0x809 ./3rdParty/FreeRTOS/tasks.o
                                        0xa63 (size before relaxing)
 .debug_str     0x0000000000001d1f      0x158 ./3rdParty/Drivers/source/debug_frmwrk.o
                                        0x411 (size before relaxing)
 .debug_str     0x0000000000001e77       0xf8 ./3rdParty/Drivers/source/lpc17xx_clkpwr.o
                                        0x386 (size before relaxing)
 .debug_str     0x0000000000001f6f      0x1a3 ./3rdParty/Drivers/source/lpc17xx_exti.o
                                        0x3d3 (size before relaxing)
 .debug_str     0x0000000000002112      0x30a ./3rdParty/Drivers/source/lpc17xx_gpio.o
                                        0x54f (size before relaxing)
 .debug_str     0x000000000000241c      0x4a0 ./3rdParty/Drivers/source/lpc17xx_i2c.o
                                        0x854 (size before relaxing)
 .debug_str     0x00000000000028bc       0x4b ./3rdParty/Drivers/source/lpc17xx_libcfg_default.o
                                        0x125 (size before relaxing)
 .debug_str     0x0000000000002907      0x41c ./3rdParty/Drivers/source/lpc17xx_mcpwm.o
                                        0x53c (size before relaxing)
 .debug_str     0x0000000000002d23      0x103 ./3rdParty/Drivers/source/lpc17xx_pinsel.o
                                        0x364 (size before relaxing)
 .debug_str     0x0000000000002e26      0x477 ./3rdParty/Drivers/source/lpc17xx_pwm.o
                                        0x605 (size before relaxing)
 .debug_str     0x000000000000329d      0x221 ./3rdParty/Drivers/source/lpc17xx_spi.o
                                        0x3aa (size before relaxing)
 .debug_str     0x00000000000034be      0x365 ./3rdParty/Drivers/source/lpc17xx_timer.o
                                        0x5a5 (size before relaxing)
 .debug_str     0x0000000000003823      0x6a0 ./3rdParty/Drivers/source/lpc17xx_uart.o
                                        0xb11 (size before relaxing)
 .debug_str     0x0000000000003ec3       0xf8 ./3rdParty/Core/CM3/DeviceSupport/NXP/LPC17xx/startup/arm/cr_startup_lpc17.o
                                        0x150 (size before relaxing)
 .debug_str     0x0000000000003fbb       0x61 ./3rdParty/Core/CM3/DeviceSupport/NXP/LPC17xx/system_LPC17xx.o
                                        0x2db (size before relaxing)
 .debug_str     0x000000000000401c       0x2c ./3rdParty/Core/CM3/CoreSupport/core_cm3.o
                                         0xf0 (size before relaxing)
 .debug_str     0x0000000000004048       0xc5 /usr/local/arm-eabi-toolchain/bin/../lib/gcc/arm-none-eabi/4.4.1/thumb2/libgcc.a(bpabi.o)
                                         0xf6 (size before relaxing)
 .debug_str     0x000000000000410d       0xd5 /usr/local/arm-eabi-toolchain/bin/../lib/gcc/arm-none-eabi/4.4.1/thumb2/libgcc.a(_divdi3.o)
                                        0x1c4 (size before relaxing)
 .debug_str     0x00000000000041e2        0xa /usr/local/arm-eabi-toolchain/bin/../lib/gcc/arm-none-eabi/4.4.1/thumb2/libgcc.a(_udivdi3.o)
                                        0x1c5 (size before relaxing)

.comment        0x0000000000000000      0x288
 .comment       0x0000000000000000       0x12 ./autoPilot/src/driverGps.o
 .comment       0x0000000000000012       0x12 ./autoPilot/src/hwConfig.o
 .comment       0x0000000000000024       0x12 ./autoPilot/src/main.o
 .comment       0x0000000000000036       0x12 ./autoPilot/src/taskGps.o
 .comment       0x0000000000000048       0x12 ./autoPilot/src/taskLed.o
 .comment       0x000000000000005a       0x12 ./autoPilot/src/util.o
 .comment       0x000000000000006c       0x12 ./3rdParty/printf/printf-stdarg.o
 .comment       0x000000000000007e       0x12 ./3rdParty/FreeRTOS/portable/MemMang/heap_2.o
 .comment       0x0000000000000090       0x12 ./3rdParty/FreeRTOS/portable/GCC/ARM_CM3/port.o
 .comment       0x00000000000000a2       0x12 ./3rdParty/FreeRTOS/list.o
 .comment       0x00000000000000b4       0x12 ./3rdParty/FreeRTOS/queue.o
 .comment       0x00000000000000c6       0x12 ./3rdParty/FreeRTOS/tasks.o
 .comment       0x00000000000000d8       0x12 ./3rdParty/Drivers/source/debug_frmwrk.o
 .comment       0x00000000000000ea       0x12 ./3rdParty/Drivers/source/lpc17xx_clkpwr.o
 .comment       0x00000000000000fc       0x12 ./3rdParty/Drivers/source/lpc17xx_exti.o
 .comment       0x000000000000010e       0x12 ./3rdParty/Drivers/source/lpc17xx_gpio.o
 .comment       0x0000000000000120       0x12 ./3rdParty/Drivers/source/lpc17xx_i2c.o
 .comment       0x0000000000000132       0x12 ./3rdParty/Drivers/source/lpc17xx_libcfg_default.o
 .comment       0x0000000000000144       0x12 ./3rdParty/Drivers/source/lpc17xx_mcpwm.o
 .comment       0x0000000000000156       0x12 ./3rdParty/Drivers/source/lpc17xx_pinsel.o
 .comment       0x0000000000000168       0x12 ./3rdParty/Drivers/source/lpc17xx_pwm.o
 .comment       0x000000000000017a       0x12 ./3rdParty/Drivers/source/lpc17xx_spi.o
 .comment       0x000000000000018c       0x12 ./3rdParty/Drivers/source/lpc17xx_timer.o
 .comment       0x000000000000019e       0x12 ./3rdParty/Drivers/source/lpc17xx_uart.o
 .comment       0x00000000000001b0       0x12 ./3rdParty/Core/CM3/DeviceSupport/NXP/LPC17xx/startup/arm/cr_startup_lpc17.o
 .comment       0x00000000000001c2       0x12 ./3rdParty/Core/CM3/DeviceSupport/NXP/LPC17xx/system_LPC17xx.o
 .comment       0x00000000000001d4       0x12 ./3rdParty/Core/CM3/CoreSupport/core_cm3.o
 .comment       0x00000000000001e6       0x12 /usr/local/arm-eabi-toolchain/bin/../lib/gcc/arm-none-eabi/4.4.1/thumb2/libgcc.a(bpabi.o)
 .comment       0x00000000000001f8       0x12 /usr/local/arm-eabi-toolchain/bin/../lib/gcc/arm-none-eabi/4.4.1/thumb2/libgcc.a(_divdi3.o)
 .comment       0x000000000000020a       0x12 /usr/local/arm-eabi-toolchain/bin/../lib/gcc/arm-none-eabi/4.4.1/thumb2/libgcc.a(_udivdi3.o)
 .comment       0x000000000000021c       0x12 /usr/local/arm-eabi-toolchain/bin/../lib/gcc/arm-none-eabi/4.4.1/../../../../arm-none-eabi/lib/thumb2/libc.a(lib_a-memcmp.o)
 .comment       0x000000000000022e       0x12 /usr/local/arm-eabi-toolchain/bin/../lib/gcc/arm-none-eabi/4.4.1/../../../../arm-none-eabi/lib/thumb2/libc.a(lib_a-memcpy.o)
 .comment       0x0000000000000240       0x12 /usr/local/arm-eabi-toolchain/bin/../lib/gcc/arm-none-eabi/4.4.1/../../../../arm-none-eabi/lib/thumb2/libc.a(lib_a-memset.o)
 .comment       0x0000000000000252       0x12 /usr/local/arm-eabi-toolchain/bin/../lib/gcc/arm-none-eabi/4.4.1/../../../../arm-none-eabi/lib/thumb2/libc.a(lib_a-strcat.o)
 .comment       0x0000000000000264       0x12 /usr/local/arm-eabi-toolchain/bin/../lib/gcc/arm-none-eabi/4.4.1/../../../../arm-none-eabi/lib/thumb2/libc.a(lib_a-strlen.o)
 .comment       0x0000000000000276       0x12 /usr/local/arm-eabi-toolchain/bin/../lib/gcc/arm-none-eabi/4.4.1/../../../../arm-none-eabi/lib/thumb2/libc.a(lib_a-strncpy.o)

.ARM.attributes
                0x0000000000000000       0x31
 .ARM.attributes
                0x0000000000000000       0x31 ./autoPilot/src/driverGps.o
 .ARM.attributes
                0x0000000000000031       0x31 ./autoPilot/src/hwConfig.o
 .ARM.attributes
                0x0000000000000062       0x31 ./autoPilot/src/main.o
 .ARM.attributes
                0x0000000000000093       0x31 ./autoPilot/src/taskGps.o
 .ARM.attributes
                0x00000000000000c4       0x31 ./autoPilot/src/taskLed.o
 .ARM.attributes
                0x00000000000000f5       0x31 ./autoPilot/src/util.o
 .ARM.attributes
                0x0000000000000126       0x31 ./3rdParty/printf/printf-stdarg.o
 .ARM.attributes
                0x0000000000000157       0x31 ./3rdParty/FreeRTOS/portable/MemMang/heap_2.o
 .ARM.attributes
                0x0000000000000188       0x31 ./3rdParty/FreeRTOS/portable/GCC/ARM_CM3/port.o
 .ARM.attributes
                0x00000000000001b9       0x31 ./3rdParty/FreeRTOS/list.o
 .ARM.attributes
                0x00000000000001ea       0x31 ./3rdParty/FreeRTOS/queue.o
 .ARM.attributes
                0x000000000000021b       0x31 ./3rdParty/FreeRTOS/tasks.o
 .ARM.attributes
                0x000000000000024c       0x31 ./3rdParty/Drivers/source/debug_frmwrk.o
 .ARM.attributes
                0x000000000000027d       0x31 ./3rdParty/Drivers/source/lpc17xx_clkpwr.o
 .ARM.attributes
                0x00000000000002ae       0x31 ./3rdParty/Drivers/source/lpc17xx_exti.o
 .ARM.attributes
                0x00000000000002df       0x31 ./3rdParty/Drivers/source/lpc17xx_gpio.o
 .ARM.attributes
                0x0000000000000310       0x31 ./3rdParty/Drivers/source/lpc17xx_i2c.o
 .ARM.attributes
                0x0000000000000341       0x31 ./3rdParty/Drivers/source/lpc17xx_libcfg_default.o
 .ARM.attributes
                0x0000000000000372       0x31 ./3rdParty/Drivers/source/lpc17xx_mcpwm.o
 .ARM.attributes
                0x00000000000003a3       0x31 ./3rdParty/Drivers/source/lpc17xx_pinsel.o
 .ARM.attributes
                0x00000000000003d4       0x31 ./3rdParty/Drivers/source/lpc17xx_pwm.o
 .ARM.attributes
                0x0000000000000405       0x31 ./3rdParty/Drivers/source/lpc17xx_spi.o
 .ARM.attributes
                0x0000000000000436       0x31 ./3rdParty/Drivers/source/lpc17xx_timer.o
 .ARM.attributes
                0x0000000000000467       0x31 ./3rdParty/Drivers/source/lpc17xx_uart.o
 .ARM.attributes
                0x0000000000000498       0x31 ./3rdParty/Core/CM3/DeviceSupport/NXP/LPC17xx/startup/arm/cr_startup_lpc17.o
 .ARM.attributes
                0x00000000000004c9       0x31 ./3rdParty/Core/CM3/DeviceSupport/NXP/LPC17xx/system_LPC17xx.o
 .ARM.attributes
                0x00000000000004fa       0x31 ./3rdParty/Core/CM3/CoreSupport/core_cm3.o
 .ARM.attributes
                0x000000000000052b       0x1b /usr/local/arm-eabi-toolchain/bin/../lib/gcc/arm-none-eabi/4.4.1/thumb2/libgcc.a(_aeabi_uldivmod.o)
 .ARM.attributes
                0x0000000000000546       0x29 /usr/local/arm-eabi-toolchain/bin/../lib/gcc/arm-none-eabi/4.4.1/thumb2/libgcc.a(bpabi.o)
 .ARM.attributes
                0x000000000000056f       0x1b /usr/local/arm-eabi-toolchain/bin/../lib/gcc/arm-none-eabi/4.4.1/thumb2/libgcc.a(_dvmd_tls.o)
 .ARM.attributes
                0x000000000000058a       0x29 /usr/local/arm-eabi-toolchain/bin/../lib/gcc/arm-none-eabi/4.4.1/thumb2/libgcc.a(_divdi3.o)
 .ARM.attributes
                0x00000000000005b3       0x29 /usr/local/arm-eabi-toolchain/bin/../lib/gcc/arm-none-eabi/4.4.1/thumb2/libgcc.a(_udivdi3.o)
 .ARM.attributes
                0x00000000000005dc       0x1b /usr/local/arm-eabi-toolchain/bin/../lib/gcc/arm-none-eabi/4.4.1/thumb2/libgcc.a(_udivsi3.o)
 .ARM.attributes
                0x00000000000005f7       0x29 /usr/local/arm-eabi-toolchain/bin/../lib/gcc/arm-none-eabi/4.4.1/../../../../arm-none-eabi/lib/thumb2/libc.a(lib_a-memcmp.o)
 .ARM.attributes
                0x0000000000000620       0x29 /usr/local/arm-eabi-toolchain/bin/../lib/gcc/arm-none-eabi/4.4.1/../../../../arm-none-eabi/lib/thumb2/libc.a(lib_a-memcpy.o)
 .ARM.attributes
                0x0000000000000649       0x29 /usr/local/arm-eabi-toolchain/bin/../lib/gcc/arm-none-eabi/4.4.1/../../../../arm-none-eabi/lib/thumb2/libc.a(lib_a-memset.o)
 .ARM.attributes
                0x0000000000000672       0x29 /usr/local/arm-eabi-toolchain/bin/../lib/gcc/arm-none-eabi/4.4.1/../../../../arm-none-eabi/lib/thumb2/libc.a(lib_a-strcat.o)
 .ARM.attributes
                0x000000000000069b       0x29 /usr/local/arm-eabi-toolchain/bin/../lib/gcc/arm-none-eabi/4.4.1/../../../../arm-none-eabi/lib/thumb2/libc.a(lib_a-strlen.o)
 .ARM.attributes
                0x00000000000006c4       0x29 /usr/local/arm-eabi-toolchain/bin/../lib/gcc/arm-none-eabi/4.4.1/../../../../arm-none-eabi/lib/thumb2/libc.a(lib_a-strncpy.o)

.debug_ranges   0x0000000000000000      0x198
 .debug_ranges  0x0000000000000000       0xd0 /usr/local/arm-eabi-toolchain/bin/../lib/gcc/arm-none-eabi/4.4.1/thumb2/libgcc.a(_divdi3.o)
 .debug_ranges  0x00000000000000d0       0xc8 /usr/local/arm-eabi-toolchain/bin/../lib/gcc/arm-none-eabi/4.4.1/thumb2/libgcc.a(_udivdi3.o)
