Archive member included because of file (symbol)

/home/jenya/Tools/arm-2011.03/bin/../lib/gcc/arm-none-eabi/4.5.2/thumb2/libgcc.a(_aeabi_uldivmod.o)
                              ./3rdParty/Drivers/source/lpc17xx_pwm.o (__aeabi_uldivmod)
/home/jenya/Tools/arm-2011.03/bin/../lib/gcc/arm-none-eabi/4.5.2/thumb2/libgcc.a(bpabi.o)
                              /home/jenya/Tools/arm-2011.03/bin/../lib/gcc/arm-none-eabi/4.5.2/thumb2/libgcc.a(_aeabi_uldivmod.o) (__gnu_uldivmod_helper)
/home/jenya/Tools/arm-2011.03/bin/../lib/gcc/arm-none-eabi/4.5.2/thumb2/libgcc.a(_dvmd_tls.o)
                              /home/jenya/Tools/arm-2011.03/bin/../lib/gcc/arm-none-eabi/4.5.2/thumb2/libgcc.a(_aeabi_uldivmod.o) (__aeabi_ldiv0)
/home/jenya/Tools/arm-2011.03/bin/../lib/gcc/arm-none-eabi/4.5.2/thumb2/libgcc.a(_divdi3.o)
                              /home/jenya/Tools/arm-2011.03/bin/../lib/gcc/arm-none-eabi/4.5.2/thumb2/libgcc.a(bpabi.o) (__divdi3)
/home/jenya/Tools/arm-2011.03/bin/../lib/gcc/arm-none-eabi/4.5.2/thumb2/libgcc.a(_udivdi3.o)
                              /home/jenya/Tools/arm-2011.03/bin/../lib/gcc/arm-none-eabi/4.5.2/thumb2/libgcc.a(bpabi.o) (__udivdi3)
/home/jenya/Tools/arm-2011.03/bin/../lib/gcc/arm-none-eabi/4.5.2/thumb2/libgcc.a(_udivsi3.o)
                              /home/jenya/Tools/arm-2011.03/bin/../lib/gcc/arm-none-eabi/4.5.2/thumb2/libgcc.a(_divdi3.o) (__aeabi_uidiv)
/home/jenya/Tools/arm-2011.03/bin/../lib/gcc/arm-none-eabi/4.5.2/../../../../arm-none-eabi/lib/thumb2/libc.a(lib_a-memcmp.o)
                              ./3rdParty/FreeRTOS/tasks.o (memcmp)
/home/jenya/Tools/arm-2011.03/bin/../lib/gcc/arm-none-eabi/4.5.2/../../../../arm-none-eabi/lib/thumb2/libc.a(lib_a-memcpy.o)
                              ./3rdParty/FreeRTOS/queue.o (memcpy)
/home/jenya/Tools/arm-2011.03/bin/../lib/gcc/arm-none-eabi/4.5.2/../../../../arm-none-eabi/lib/thumb2/libc.a(lib_a-memset.o)
                              ./3rdParty/FreeRTOS/tasks.o (memset)
/home/jenya/Tools/arm-2011.03/bin/../lib/gcc/arm-none-eabi/4.5.2/../../../../arm-none-eabi/lib/thumb2/libc.a(lib_a-strcat.o)
                              ./3rdParty/FreeRTOS/tasks.o (strcat)
/home/jenya/Tools/arm-2011.03/bin/../lib/gcc/arm-none-eabi/4.5.2/../../../../arm-none-eabi/lib/thumb2/libc.a(lib_a-strcpy.o)
                              /home/jenya/Tools/arm-2011.03/bin/../lib/gcc/arm-none-eabi/4.5.2/../../../../arm-none-eabi/lib/thumb2/libc.a(lib_a-strcat.o) (strcpy)
/home/jenya/Tools/arm-2011.03/bin/../lib/gcc/arm-none-eabi/4.5.2/../../../../arm-none-eabi/lib/thumb2/libc.a(lib_a-strlen.o)
                              ./3rdParty/FreeRTOS/tasks.o (strlen)
/home/jenya/Tools/arm-2011.03/bin/../lib/gcc/arm-none-eabi/4.5.2/../../../../arm-none-eabi/lib/thumb2/libc.a(lib_a-strncpy.o)
                              ./3rdParty/FreeRTOS/tasks.o (strncpy)

Allocating common symbols
Common symbol       size              file

_db_dec             0x4               ./3rdParty/Drivers/source/debug_frmwrk.o
_db_dec_32          0x4               ./3rdParty/Drivers/source/debug_frmwrk.o
_db_hex_32          0x4               ./3rdParty/Drivers/source/debug_frmwrk.o
xQueueRegistry      0x50              ./3rdParty/FreeRTOS/queue.o
_db_dec_16          0x4               ./3rdParty/Drivers/source/debug_frmwrk.o
gpsRb               0x210             ./autoPilot/src/driverGps.o
gpsRxReady          0x1               ./autoPilot/src/main.o
_db_msg             0x4               ./3rdParty/Drivers/source/debug_frmwrk.o
_db_get_char        0x4               ./3rdParty/Drivers/source/debug_frmwrk.o
_db_msg_            0x4               ./3rdParty/Drivers/source/debug_frmwrk.o
_db_char            0x4               ./3rdParty/Drivers/source/debug_frmwrk.o
_db_hex             0x4               ./3rdParty/Drivers/source/debug_frmwrk.o
TxIntStat           0x1               ./autoPilot/src/driverGps.o
taskHandles         0x14              ./autoPilot/src/main.o
_db_hex_16          0x4               ./3rdParty/Drivers/source/debug_frmwrk.o

Memory Configuration

Name             Origin             Length             Attributes
FLASH            0x00000000         0x00080000         xr
SRAM             0x10000000         0x00008000         xrw
AHBRAM0          0x2007c000         0x00004000
AHBRAM1          0x20080000         0x00004000
*default*        0x00000000         0xffffffff

Linker script and memory map

LOAD ./autoPilot/src/driverGps.o
LOAD ./autoPilot/src/hwConfig.o
LOAD ./autoPilot/src/main.o
LOAD ./autoPilot/src/taskGps.o
LOAD ./autoPilot/src/taskLed.o
LOAD ./autoPilot/src/util.o
LOAD ./3rdParty/printf/printf-stdarg.o
LOAD ./3rdParty/FreeRTOS/portable/MemMang/heap_2.o
LOAD ./3rdParty/FreeRTOS/portable/GCC/ARM_CM3/port.o
LOAD ./3rdParty/FreeRTOS/list.o
LOAD ./3rdParty/FreeRTOS/queue.o
LOAD ./3rdParty/FreeRTOS/tasks.o
LOAD ./3rdParty/Drivers/source/debug_frmwrk.o
LOAD ./3rdParty/Drivers/source/lpc17xx_clkpwr.o
LOAD ./3rdParty/Drivers/source/lpc17xx_exti.o
LOAD ./3rdParty/Drivers/source/lpc17xx_gpio.o
LOAD ./3rdParty/Drivers/source/lpc17xx_i2c.o
LOAD ./3rdParty/Drivers/source/lpc17xx_libcfg_default.o
LOAD ./3rdParty/Drivers/source/lpc17xx_mcpwm.o
LOAD ./3rdParty/Drivers/source/lpc17xx_pinsel.o
LOAD ./3rdParty/Drivers/source/lpc17xx_pwm.o
LOAD ./3rdParty/Drivers/source/lpc17xx_spi.o
LOAD ./3rdParty/Drivers/source/lpc17xx_timer.o
LOAD ./3rdParty/Drivers/source/lpc17xx_uart.o
LOAD ./3rdParty/Core/CM3/DeviceSupport/NXP/LPC17xx/startup/arm/cr_startup_lpc17.o
LOAD ./3rdParty/Core/CM3/DeviceSupport/NXP/LPC17xx/system_LPC17xx.o
LOAD ./3rdParty/Core/CM3/CoreSupport/core_cm3.o
START GROUP
LOAD /home/jenya/Tools/arm-2011.03/bin/../lib/gcc/arm-none-eabi/4.5.2/thumb2/libgcc.a
LOAD /home/jenya/Tools/arm-2011.03/bin/../lib/gcc/arm-none-eabi/4.5.2/../../../../arm-none-eabi/lib/thumb2/libc.a
END GROUP
START GROUP
LOAD /home/jenya/Tools/arm-2011.03/bin/../lib/gcc/arm-none-eabi/4.5.2/thumb2/libgcc.a
LOAD /home/jenya/Tools/arm-2011.03/bin/../lib/gcc/arm-none-eabi/4.5.2/../../../../arm-none-eabi/lib/thumb2/libc.a
END GROUP
                0x10008000                _vRamTop = 0x10008000

.text           0x00000000     0xa9d8
 *(.isr_vector)
 .isr_vector    0x00000000       0xc8 ./3rdParty/Core/CM3/DeviceSupport/NXP/LPC17xx/startup/arm/cr_startup_lpc17.o
                0x00000000                g_pfnVectors
 *(.text*)
 .text          0x000000c8      0x2a4 ./autoPilot/src/driverGps.o
                0x00000154                configGpsUART
                0x00000238                UART1_IRQHandler
                0x0000027c                GPS_IntReceive
                0x000002ec                GPSReceive
 .text          0x0000036c      0x38c ./autoPilot/src/hwConfig.o
                0x000003f8                setSystem
                0x000005f8                configRedLed
                0x00000618                configPwm
                0x00000648                configUART0
 .text          0x000006f8       0xd8 ./autoPilot/src/main.o
                0x000006f8                main
                0x0000074c                vApplicationTickHook
                0x00000758                vApplicationStackOverflowHook
                0x00000764                vConfigureTimerForRunTimeStats
 .text          0x000007d0       0x38 ./autoPilot/src/taskGps.o
                0x000007d0                vGpsTask
 .text          0x00000808       0x44 ./autoPilot/src/taskLed.o
                0x00000808                vLedTask
 .text          0x0000084c      0x194 ./autoPilot/src/util.o
                0x0000084c                isDigit
                0x0000087c                strCmp
                0x000008bc                a2l
                0x00000910                a2d
 .text          0x000009e0      0x4b8 ./3rdParty/printf/printf-stdarg.o
                0x00000dec                printf
                0x00000e18                sprintf
                0x00000e48                snprintf
                0x00000e7c                write
 .text          0x00000e98      0x1f8 ./3rdParty/FreeRTOS/portable/MemMang/heap_2.o
                0x00000e98                pvPortMalloc
                0x00000ff4                vPortFree
                0x00001070                xPortGetFreeHeapSize
                0x00001084                vPortInitialiseBlocks
 .text          0x00001090      0x1d8 ./3rdParty/FreeRTOS/portable/GCC/ARM_CM3/port.o
                0x00001090                pxPortInitialiseStack
                0x000010f0                vPortSVCHandler
                0x00001110                vPortStartFirstTask
                0x00001120                xPortStartScheduler
                0x0000115c                vPortEndScheduler
                0x00001168                vPortYieldFromISR
                0x00001180                vPortEnterCritical
                0x000011a4                vPortExitCritical
                0x000011d0                xPortPendSVHandler
                0x0000120c                xPortSysTickHandler
 .text          0x00001268      0x17c ./3rdParty/FreeRTOS/list.o
                0x00001268                vListInitialise
                0x000012b0                vListInitialiseItem
                0x000012cc                vListInsertEnd
                0x0000131c                vListInsert
                0x00001390                vListRemove
 .text          0x000013e4      0x9bc ./3rdParty/FreeRTOS/queue.o
                0x000013e4                xQueueGenericCreate
                0x000014c0                xQueueCreateMutex
                0x00001564                xQueueGiveMutexRecursive
                0x000015bc                xQueueTakeMutexRecursive
                0x00001618                xQueueGenericSend
                0x00001738                xQueueGenericSendFromISR
                0x000017c8                xQueueGenericReceive
                0x00001950                xQueueReceiveFromISR
                0x000019e4                uxQueueMessagesWaiting
                0x00001a08                uxQueueMessagesWaitingFromISR
                0x00001a24                vQueueDelete
                0x00001a4c                ucQueueGetQueueNumber
                0x00001a68                vQueueSetQueueNumber
                0x00001a88                ucQueueGetQueueType
                0x00001c84                xQueueIsQueueEmptyFromISR
                0x00001cd8                xQueueIsQueueFullFromISR
                0x00001d00                vQueueAddToRegistry
 .text          0x00001da0     0x15a0 ./3rdParty/FreeRTOS/tasks.o
                0x00001da0                xTaskGenericCreate
                0x00001f08                vTaskDelete
                0x00001fac                vTaskDelayUntil
                0x0000204c                vTaskDelay
                0x000020a4                uxTaskPriorityGet
                0x000020dc                vTaskPrioritySet
                0x000021f0                vTaskSuspend
                0x00002294                xTaskIsTaskSuspended
                0x000022e0                vTaskResume
                0x0000237c                xTaskResumeFromISR
                0x00002440                vTaskStartScheduler
                0x000024b0                vTaskEndScheduler
                0x000024d0                vTaskSuspendAll
                0x000024ec                xTaskResumeAll
                0x00002600                xTaskGetTickCount
                0x00002624                xTaskGetTickCountFromISR
                0x00002658                uxTaskGetNumberOfTasks
                0x0000266c                vTaskList
                0x00002770                vTaskGetRunTimeStats
                0x00002884                vTaskIncrementTick
                0x000029c4                vTaskSwitchContext
                0x00002ae8                vTaskPlaceOnEventList
                0x00002b50                xTaskRemoveFromEventList
                0x00002c04                vTaskSetTimeOutState
                0x00002c30                xTaskCheckForTimeOut
                0x00002cc4                vTaskMissedYield
                0x00002cdc                uxTaskGetTaskNumber
                0x00002d0c                vTaskSetTaskNumber
                0x0000318c                uxTaskGetStackHighWaterMark
                0x000031e4                xTaskGetCurrentTaskHandle
                0x00003204                vTaskPriorityInherit
                0x000032b8                vTaskPriorityDisinherit
 .text          0x00003340      0x75c ./3rdParty/Drivers/source/debug_frmwrk.o
                0x00003340                UARTPutChar
                0x00003368                UARTGetChar
                0x00003398                UARTPuts
                0x000033cc                UARTPuts_
                0x000033f4                UARTPutDec
                0x000034ac                UARTPutDec16
                0x000035e8                UARTPutDec32
                0x0000384c                UARTPutHex
                0x000038c0                UARTPutHex16
                0x00003934                UARTPutHex32
                0x000039a4                debug_frmwrk_init
 .text          0x00003a9c      0x250 ./3rdParty/Drivers/source/lpc17xx_clkpwr.o
                0x00003a9c                CLKPWR_SetPCLKDiv
                0x00003b3c                CLKPWR_GetPCLKSEL
                0x00003b88                CLKPWR_GetPCLK
                0x00003bf8                CLKPWR_ConfigPPWR
                0x00003c58                CLKPWR_Sleep
                0x00003c74                CLKPWR_DeepSleep
                0x00003c9c                CLKPWR_PowerDown
                0x00003cc4                CLKPWR_DeepPowerDown
 .text          0x00003cec      0x174 ./3rdParty/Drivers/source/lpc17xx_exti.o
                0x00003cec                EXTI_Init
                0x00003d18                EXTI_DeInit
                0x00003d24                EXTI_Config
                0x00003d64                EXTI_SetMode
                0x00003dc8                EXTI_SetPolarity
                0x00003e2c                EXTI_ClearEXTIFlag
 .text          0x00003e60      0x860 ./3rdParty/Drivers/source/lpc17xx_gpio.o
                0x00003fbc                GPIO_SetDir
                0x00004008                GPIO_SetValue
                0x00004034                GPIO_ClearValue
                0x00004060                GPIO_ReadValue
                0x00004090                GPIO_IntCmd
                0x00004100                GPIO_GetIntStatus
                0x000041a4                GPIO_ClearInt
                0x000041dc                FIO_SetDir
                0x00004204                FIO_SetValue
                0x00004224                FIO_ClearValue
                0x00004244                FIO_ReadValue
                0x00004264                FIO_IntCmd
                0x0000428c                FIO_GetIntStatus
                0x000042b8                FIO_ClearInt
                0x000042d8                FIO_SetMask
                0x00004324                FIO_HalfWordSetDir
                0x000043c0                FIO_HalfWordSetMask
                0x0000445c                FIO_HalfWordSetValue
                0x0000449c                FIO_HalfWordClearValue
                0x000044dc                FIO_HalfWordReadValue
                0x00004520                FIO_ByteSetDir
                0x00004590                FIO_ByteSetMask
                0x00004608                FIO_ByteSetValue
                0x00004644                FIO_ByteClearValue
                0x00004680                FIO_ByteReadValue
 .text          0x000046c0     0x1348 ./3rdParty/Drivers/source/lpc17xx_i2c.o
                0x00004950                I2C_Init
                0x00004a0c                I2C_DeInit
                0x00004a98                I2C_Cmd
                0x00004b0c                I2C_IntCmd
                0x00004b9c                I2C_MasterHandler
                0x00004f60                I2C_SlaveHandler
                0x00005134                I2C_MasterTransferData
                0x00005468                I2C_SlaveTransferData
                0x000056c8                I2C_SetOwnSlaveAddr
                0x000057cc                I2C_MonitorModeConfig
                0x00005854                I2C_MonitorModeCmd
                0x000058f4                I2C_MonitorGetDatabuffer
                0x00005940                I2C_MonitorHandler
                0x00005998                I2C_MasterTransferComplete
                0x000059d0                I2C_SlaveTransferComplete
 .text          0x00005a08        0xc ./3rdParty/Drivers/source/lpc17xx_libcfg_default.o
                0x00005a08                check_failed
 .text          0x00005a14      0x7dc ./3rdParty/Drivers/source/lpc17xx_mcpwm.o
                0x00005a14                MCPWM_Init
                0x00005a48                MCPWM_ConfigChannel
                0x00005c6c                MCPWM_WriteToShadow
                0x00005cc8                MCPWM_ConfigCapture
                0x00005e68                MCPWM_ClearCapture
                0x00005e98                MCPWM_GetCapture
                0x00005ed8                MCPWM_CountConfig
                0x0000602c                MCPWM_Start
                0x00006088                MCPWM_Stop
                0x000060e4                MCPWM_ACMode
                0x00006110                MCPWM_DCMode
                0x00006160                MCPWM_IntConfig
                0x0000618c                MCPWM_IntSet
                0x000061a8                MCPWM_IntClear
                0x000061c4                MCPWM_GetIntStatus
 .text          0x000061f0      0x284 ./3rdParty/Drivers/source/lpc17xx_pinsel.o
                0x000063a4                PINSEL_ConfigTraceFunc
                0x000063e4                PINSEL_SetI2C0Pins
                0x00006420                PINSEL_ConfigPin
 .text          0x00006474      0xb9c ./3rdParty/Drivers/source/lpc17xx_pwm.o
                0x00006474                PWM_GetIntStatus
                0x000064fc                PWM_ClearIntPending
                0x00006574                PWM_ConfigStructInit
                0x000065d8                PWM_Init
                0x0000676c                PWM_DeInit
                0x000067ac                PWM_Cmd
                0x00006810                PWM_CounterCmd
                0x00006874                PWM_ResetCounter
                0x000068b8                PWM_ConfigMatch
                0x00006a8c                PWM_ConfigCapture
                0x00006c5c                PWM_GetCaptureValue
                0x00006cc0                PWM_MatchUpdate
                0x00006db8                PWM_MultiMatchUpdate
                0x00006ea8                PWM_ChannelConfig
                0x00006f64                PWM_ChannelCmd
 .text          0x00007010      0x58c ./3rdParty/Drivers/source/lpc17xx_spi.o
                0x00007010                SPI_SetClock
                0x0000708c                SPI_DeInit
                0x000070cc                SPI_GetDataSize
                0x00007108                SPI_Init
                0x000071a0                SPI_ConfigStructInit
                0x000071e4                SPI_SendData
                0x00007218                SPI_ReceiveData
                0x0000724c                SPI_ReadWrite
                0x00007440                SPI_IntCmd
                0x000074a8                SPI_GetIntStatus
                0x000074e0                SPI_ClearIntPending
                0x00007514                SPI_GetStatus
                0x00007548                SPI_CheckStatus
 .text          0x0000759c      0xab0 ./3rdParty/Drivers/source/lpc17xx_timer.o
                0x000076c8                TIM_GetIntStatus
                0x00007770                TIM_GetIntCaptureStatus
                0x0000781c                TIM_ClearIntPending
                0x000078a8                TIM_ClearIntCapturePending
                0x00007938                TIM_ConfigStructInit
                0x00007978                TIM_Init
                0x00007b20                TIM_DeInit
                0x00007bc8                TIM_Cmd
                0x00007c38                TIM_ResetCounter
                0x00007c9c                TIM_ConfigMatch
                0x00007e4c                TIM_UpdateMatchValue
                0x00007edc                TIM_ConfigCapture
                0x00007fd4                TIM_GetCaptureValue
 .text          0x0000804c     0x16c0 ./3rdParty/Drivers/source/lpc17xx_uart.o
                0x00008354                UART_Init
                0x00008678                UART_DeInit
                0x00008720                UART_ConfigStructInit
                0x00008754                UART_SendByte
                0x000087bc                UART_ReceiveByte
                0x00008824                UART_Send
                0x00008930                UART_Receive
                0x00008a08                UART_ForceBreak
                0x00008a80                UART_IntConfig
                0x00008c18                UART_GetLineStatus
                0x00008c80                UART_GetIntId
                0x00008cdc                UART_CheckBusy
                0x00008d08                UART_FIFOConfig
                0x00008e64                UART_FIFOConfigStructInit
                0x00008e98                UART_ABCmd
                0x00008fe0                UART_ABClearIntPending
                0x00009054                UART_TxCmd
                0x00009120                UART_IrDAInvtInputCmd
                0x0000919c                UART_IrDACmd
                0x00009210                UART_IrDAPulseDivConfig
                0x000092b0                UART_FullModemForcePinState
                0x0000936c                UART_FullModemConfigMode
                0x00009434                UART_FullModemGetStatus
                0x00009468                UART_RS485Config
                0x000095f0                UART_RS485ReceiverCmd
                0x00009638                UART_RS485Send
                0x000096bc                UART_RS485SendSlvAddr
                0x000096e4                UART_RS485SendData
 .text          0x0000970c       0x94 ./3rdParty/Core/CM3/DeviceSupport/NXP/LPC17xx/startup/arm/cr_startup_lpc17.o
                0x0000970c                ResetISR
                0x00009760                NMI_Handler
                0x00009768                HardFault_Handler
                0x00009770                MemManage_Handler
                0x00009778                BusFault_Handler
                0x00009780                UsageFault_Handler
                0x00009788                DebugMon_Handler
                0x00009790                TIMER2_IRQHandler
                0x00009790                RIT_IRQHandler
                0x00009790                I2C0_IRQHandler
                0x00009790                USBActivity_IRQHandler
                0x00009790                PWM1_IRQHandler
                0x00009790                I2C1_IRQHandler
                0x00009790                EINT2_IRQHandler
                0x00009790                EINT3_IRQHandler
                0x00009790                CANActivity_IRQHandler
                0x00009790                TIMER3_IRQHandler
                0x00009790                UART0_IRQHandler
                0x00009790                IntDefaultHandler
                0x00009790                PLL0_IRQHandler
                0x00009790                CAN_IRQHandler
                0x00009790                PLL1_IRQHandler
                0x00009790                SSP0_IRQHandler
                0x00009790                I2S_IRQHandler
                0x00009790                I2C2_IRQHandler
                0x00009790                RTC_IRQHandler
                0x00009790                TIMER0_IRQHandler
                0x00009790                SPI_IRQHandler
                0x00009790                EINT1_IRQHandler
                0x00009790                TIMER1_IRQHandler
                0x00009790                UART2_IRQHandler
                0x00009790                ADC_IRQHandler
                0x00009790                SSP1_IRQHandler
                0x00009790                USB_IRQHandler
                0x00009790                BOD_IRQHandler
                0x00009790                WDT_IRQHandler
                0x00009790                QEI_IRQHandler
                0x00009790                EINT0_IRQHandler
                0x00009790                DMA_IRQHandler
                0x00009790                UART3_IRQHandler
                0x00009790                MCPWM_IRQHandler
                0x00009790                ENET_IRQHandler
 .text          0x000097a0      0x328 ./3rdParty/Core/CM3/DeviceSupport/NXP/LPC17xx/system_LPC17xx.o
                0x000097a0                SystemCoreClockUpdate
                0x00009948                SystemInit
 .text          0x00009ac8        0x0 ./3rdParty/Core/CM3/CoreSupport/core_cm3.o
 .text          0x00009ac8       0x2c /home/jenya/Tools/arm-2011.03/bin/../lib/gcc/arm-none-eabi/4.5.2/thumb2/libgcc.a(_aeabi_uldivmod.o)
                0x00009ac8                __aeabi_uldivmod
 .text          0x00009af4       0x60 /home/jenya/Tools/arm-2011.03/bin/../lib/gcc/arm-none-eabi/4.5.2/thumb2/libgcc.a(bpabi.o)
                0x00009af4                __gnu_ldivmod_helper
                0x00009b24                __gnu_uldivmod_helper
 .text          0x00009b54        0x4 /home/jenya/Tools/arm-2011.03/bin/../lib/gcc/arm-none-eabi/4.5.2/thumb2/libgcc.a(_dvmd_tls.o)
                0x00009b54                __aeabi_ldiv0
                0x00009b54                __aeabi_idiv0
 .text          0x00009b58      0x360 /home/jenya/Tools/arm-2011.03/bin/../lib/gcc/arm-none-eabi/4.5.2/thumb2/libgcc.a(_divdi3.o)
                0x00009b58                __divdi3
 .text          0x00009eb8      0x308 /home/jenya/Tools/arm-2011.03/bin/../lib/gcc/arm-none-eabi/4.5.2/thumb2/libgcc.a(_udivdi3.o)
                0x00009eb8                __udivdi3
 .text          0x0000a1c0      0x278 /home/jenya/Tools/arm-2011.03/bin/../lib/gcc/arm-none-eabi/4.5.2/thumb2/libgcc.a(_udivsi3.o)
                0x0000a1c0                __udivsi3
                0x0000a1c0                __aeabi_uidiv
                0x0000a41c                __aeabi_uidivmod
 .text          0x0000a438       0x64 /home/jenya/Tools/arm-2011.03/bin/../lib/gcc/arm-none-eabi/4.5.2/../../../../arm-none-eabi/lib/thumb2/libc.a(lib_a-memcmp.o)
                0x0000a438                memcmp
 .text          0x0000a49c      0x150 /home/jenya/Tools/arm-2011.03/bin/../lib/gcc/arm-none-eabi/4.5.2/../../../../arm-none-eabi/lib/thumb2/libc.a(lib_a-memcpy.o)
                0x0000a49c                memcpy
 .text          0x0000a5ec       0xb4 /home/jenya/Tools/arm-2011.03/bin/../lib/gcc/arm-none-eabi/4.5.2/../../../../arm-none-eabi/lib/thumb2/libc.a(lib_a-memset.o)
                0x0000a5ec                memset
 .text          0x0000a6a0       0x48 /home/jenya/Tools/arm-2011.03/bin/../lib/gcc/arm-none-eabi/4.5.2/../../../../arm-none-eabi/lib/thumb2/libc.a(lib_a-strcat.o)
                0x0000a6a0                strcat
 .text          0x0000a6e8       0xbc /home/jenya/Tools/arm-2011.03/bin/../lib/gcc/arm-none-eabi/4.5.2/../../../../arm-none-eabi/lib/thumb2/libc.a(lib_a-strcpy.o)
                0x0000a6e8                strcpy
 .text          0x0000a7a4       0x60 /home/jenya/Tools/arm-2011.03/bin/../lib/gcc/arm-none-eabi/4.5.2/../../../../arm-none-eabi/lib/thumb2/libc.a(lib_a-strlen.o)
                0x0000a7a4                strlen
 .text          0x0000a804       0x78 /home/jenya/Tools/arm-2011.03/bin/../lib/gcc/arm-none-eabi/4.5.2/../../../../arm-none-eabi/lib/thumb2/libc.a(lib_a-strncpy.o)
                0x0000a804                strncpy
 *(.rodata*)
 .rodata        0x0000a87c        0x4 ./autoPilot/src/main.o
 .rodata        0x0000a880        0x8 ./3rdParty/printf/printf-stdarg.o
 .rodata        0x0000a888        0x2 ./3rdParty/FreeRTOS/portable/MemMang/heap_2.o
 *fill*         0x0000a88a        0x2 00
 .rodata        0x0000a88c        0x4 ./3rdParty/FreeRTOS/portable/GCC/ARM_CM3/port.o
                0x0000a88c                ulKernelPriority
 .rodata        0x0000a890       0x64 ./3rdParty/FreeRTOS/tasks.o
 .rodata        0x0000a8f4        0x8 ./3rdParty/Drivers/source/debug_frmwrk.o
 .rodata        0x0000a8fc       0x2c ./3rdParty/Drivers/source/lpc17xx_i2c.o
 .rodata        0x0000a928       0x2c ./3rdParty/Drivers/source/lpc17xx_pwm.o
 .rodata        0x0000a954       0x2c ./3rdParty/Drivers/source/lpc17xx_spi.o
 .rodata        0x0000a980       0x2c ./3rdParty/Drivers/source/lpc17xx_timer.o
 .rodata        0x0000a9ac       0x2c ./3rdParty/Drivers/source/lpc17xx_uart.o

.glue_7         0x0000a9d8        0x0
 .glue_7        0x00000000        0x0 linker stubs

.glue_7t        0x0000a9d8        0x0
 .glue_7t       0x00000000        0x0 linker stubs

.vfp11_veneer   0x0000a9d8        0x0
 .vfp11_veneer  0x00000000        0x0 linker stubs

.v4_bx          0x0000a9d8        0x0
 .v4_bx         0x00000000        0x0 linker stubs

.ARM.extab      0x0000a9d8        0x0
 *(.ARM.extab* .gnu.linkonce.armextab.*)
 .ARM.extab     0x0000a9d8        0x0 /home/jenya/Tools/arm-2011.03/bin/../lib/gcc/arm-none-eabi/4.5.2/thumb2/libgcc.a(_divdi3.o)
 .ARM.extab     0x0000a9d8        0x0 /home/jenya/Tools/arm-2011.03/bin/../lib/gcc/arm-none-eabi/4.5.2/thumb2/libgcc.a(_udivdi3.o)
                0x0000a9d8                __exidx_start = .

.ARM.exidx      0x0000a9d8        0x8
 *(.ARM.exidx* .gnu.linkonce.armexidx.*)
 .ARM.exidx     0x0000a9d8        0x8 /home/jenya/Tools/arm-2011.03/bin/../lib/gcc/arm-none-eabi/4.5.2/thumb2/libgcc.a(_divdi3.o)
 .ARM.exidx     0x0000a9e0        0x0 /home/jenya/Tools/arm-2011.03/bin/../lib/gcc/arm-none-eabi/4.5.2/thumb2/libgcc.a(_udivdi3.o)
                                  0x8 (size before relaxing)
                0x0000a9e0                __exidx_end = .
                0x0000a9e0                _etext = .

.data           0x10000000       0x10 load address 0x0000a9e0
                0x10000000                _data = .
 *(vtable)
 *(.data*)
 .data          0x10000000        0x0 ./autoPilot/src/driverGps.o
 .data          0x10000000        0x0 ./autoPilot/src/hwConfig.o
 .data          0x10000000        0x0 ./autoPilot/src/main.o
 .data          0x10000000        0x0 ./autoPilot/src/taskGps.o
 .data          0x10000000        0x0 ./autoPilot/src/taskLed.o
 .data          0x10000000        0x0 ./autoPilot/src/util.o
 .data          0x10000000        0x0 ./3rdParty/printf/printf-stdarg.o
 .data          0x10000000        0x4 ./3rdParty/FreeRTOS/portable/MemMang/heap_2.o
 .data          0x10000004        0x4 ./3rdParty/FreeRTOS/portable/GCC/ARM_CM3/port.o
 .data          0x10000008        0x0 ./3rdParty/FreeRTOS/list.o
 .data          0x10000008        0x0 ./3rdParty/FreeRTOS/queue.o
 .data          0x10000008        0x4 ./3rdParty/FreeRTOS/tasks.o
 .data          0x1000000c        0x0 ./3rdParty/Drivers/source/debug_frmwrk.o
 .data          0x1000000c        0x0 ./3rdParty/Drivers/source/lpc17xx_clkpwr.o
 .data          0x1000000c        0x0 ./3rdParty/Drivers/source/lpc17xx_exti.o
 .data          0x1000000c        0x0 ./3rdParty/Drivers/source/lpc17xx_gpio.o
 .data          0x1000000c        0x0 ./3rdParty/Drivers/source/lpc17xx_i2c.o
 .data          0x1000000c        0x0 ./3rdParty/Drivers/source/lpc17xx_libcfg_default.o
 .data          0x1000000c        0x0 ./3rdParty/Drivers/source/lpc17xx_mcpwm.o
 .data          0x1000000c        0x0 ./3rdParty/Drivers/source/lpc17xx_pinsel.o
 .data          0x1000000c        0x0 ./3rdParty/Drivers/source/lpc17xx_pwm.o
 .data          0x1000000c        0x0 ./3rdParty/Drivers/source/lpc17xx_spi.o
 .data          0x1000000c        0x0 ./3rdParty/Drivers/source/lpc17xx_timer.o
 .data          0x1000000c        0x0 ./3rdParty/Drivers/source/lpc17xx_uart.o
 .data          0x1000000c        0x0 ./3rdParty/Core/CM3/DeviceSupport/NXP/LPC17xx/startup/arm/cr_startup_lpc17.o
 .data          0x1000000c        0x4 ./3rdParty/Core/CM3/DeviceSupport/NXP/LPC17xx/system_LPC17xx.o
                0x1000000c                SystemCoreClock
 .data          0x10000010        0x0 ./3rdParty/Core/CM3/CoreSupport/core_cm3.o
 .data          0x10000010        0x0 /home/jenya/Tools/arm-2011.03/bin/../lib/gcc/arm-none-eabi/4.5.2/thumb2/libgcc.a(_aeabi_uldivmod.o)
 .data          0x10000010        0x0 /home/jenya/Tools/arm-2011.03/bin/../lib/gcc/arm-none-eabi/4.5.2/thumb2/libgcc.a(bpabi.o)
 .data          0x10000010        0x0 /home/jenya/Tools/arm-2011.03/bin/../lib/gcc/arm-none-eabi/4.5.2/thumb2/libgcc.a(_dvmd_tls.o)
 .data          0x10000010        0x0 /home/jenya/Tools/arm-2011.03/bin/../lib/gcc/arm-none-eabi/4.5.2/thumb2/libgcc.a(_divdi3.o)
 .data          0x10000010        0x0 /home/jenya/Tools/arm-2011.03/bin/../lib/gcc/arm-none-eabi/4.5.2/thumb2/libgcc.a(_udivdi3.o)
 .data          0x10000010        0x0 /home/jenya/Tools/arm-2011.03/bin/../lib/gcc/arm-none-eabi/4.5.2/thumb2/libgcc.a(_udivsi3.o)
 .data          0x10000010        0x0 /home/jenya/Tools/arm-2011.03/bin/../lib/gcc/arm-none-eabi/4.5.2/../../../../arm-none-eabi/lib/thumb2/libc.a(lib_a-memcmp.o)
 .data          0x10000010        0x0 /home/jenya/Tools/arm-2011.03/bin/../lib/gcc/arm-none-eabi/4.5.2/../../../../arm-none-eabi/lib/thumb2/libc.a(lib_a-memcpy.o)
 .data          0x10000010        0x0 /home/jenya/Tools/arm-2011.03/bin/../lib/gcc/arm-none-eabi/4.5.2/../../../../arm-none-eabi/lib/thumb2/libc.a(lib_a-memset.o)
 .data          0x10000010        0x0 /home/jenya/Tools/arm-2011.03/bin/../lib/gcc/arm-none-eabi/4.5.2/../../../../arm-none-eabi/lib/thumb2/libc.a(lib_a-strcat.o)
 .data          0x10000010        0x0 /home/jenya/Tools/arm-2011.03/bin/../lib/gcc/arm-none-eabi/4.5.2/../../../../arm-none-eabi/lib/thumb2/libc.a(lib_a-strcpy.o)
 .data          0x10000010        0x0 /home/jenya/Tools/arm-2011.03/bin/../lib/gcc/arm-none-eabi/4.5.2/../../../../arm-none-eabi/lib/thumb2/libc.a(lib_a-strlen.o)
 .data          0x10000010        0x0 /home/jenya/Tools/arm-2011.03/bin/../lib/gcc/arm-none-eabi/4.5.2/../../../../arm-none-eabi/lib/thumb2/libc.a(lib_a-strncpy.o)
                0x10000010                _edata = .

.bss            0x10000010     0x5064 load address 0x0000a9f0
                0x10000010                _bss = .
 *(.bss*)
 .bss           0x10000010        0x0 ./autoPilot/src/driverGps.o
 .bss           0x10000010        0x0 ./autoPilot/src/hwConfig.o
 .bss           0x10000010        0x4 ./autoPilot/src/main.o
 .bss           0x10000014        0x0 ./autoPilot/src/taskGps.o
 .bss           0x10000014        0x0 ./autoPilot/src/taskLed.o
 .bss           0x10000014        0x0 ./autoPilot/src/util.o
 .bss           0x10000014        0x0 ./3rdParty/printf/printf-stdarg.o
 *fill*         0x10000014        0x4 00
 .bss           0x10000018     0x4c18 ./3rdParty/FreeRTOS/portable/MemMang/heap_2.o
 .bss           0x10004c30        0x0 ./3rdParty/FreeRTOS/portable/GCC/ARM_CM3/port.o
 .bss           0x10004c30        0x0 ./3rdParty/FreeRTOS/list.o
 .bss           0x10004c30        0x0 ./3rdParty/FreeRTOS/queue.o
 .bss           0x10004c30      0x16c ./3rdParty/FreeRTOS/tasks.o
                0x10004c30                pxCurrentTCB
 .bss           0x10004d9c        0x0 ./3rdParty/Drivers/source/debug_frmwrk.o
 .bss           0x10004d9c        0x0 ./3rdParty/Drivers/source/lpc17xx_clkpwr.o
 .bss           0x10004d9c        0x0 ./3rdParty/Drivers/source/lpc17xx_exti.o
 .bss           0x10004d9c        0x0 ./3rdParty/Drivers/source/lpc17xx_gpio.o
 .bss           0x10004d9c       0x34 ./3rdParty/Drivers/source/lpc17xx_i2c.o
 .bss           0x10004dd0        0x0 ./3rdParty/Drivers/source/lpc17xx_libcfg_default.o
 .bss           0x10004dd0        0x0 ./3rdParty/Drivers/source/lpc17xx_mcpwm.o
 .bss           0x10004dd0        0x0 ./3rdParty/Drivers/source/lpc17xx_pinsel.o
 .bss           0x10004dd0        0x0 ./3rdParty/Drivers/source/lpc17xx_pwm.o
 .bss           0x10004dd0        0x0 ./3rdParty/Drivers/source/lpc17xx_spi.o
 .bss           0x10004dd0        0x0 ./3rdParty/Drivers/source/lpc17xx_timer.o
 .bss           0x10004dd0        0x0 ./3rdParty/Drivers/source/lpc17xx_uart.o
 .bss           0x10004dd0        0x0 ./3rdParty/Core/CM3/DeviceSupport/NXP/LPC17xx/startup/arm/cr_startup_lpc17.o
 .bss           0x10004dd0        0x0 ./3rdParty/Core/CM3/DeviceSupport/NXP/LPC17xx/system_LPC17xx.o
 .bss           0x10004dd0        0x0 ./3rdParty/Core/CM3/CoreSupport/core_cm3.o
 .bss           0x10004dd0        0x0 /home/jenya/Tools/arm-2011.03/bin/../lib/gcc/arm-none-eabi/4.5.2/thumb2/libgcc.a(_aeabi_uldivmod.o)
 .bss           0x10004dd0        0x0 /home/jenya/Tools/arm-2011.03/bin/../lib/gcc/arm-none-eabi/4.5.2/thumb2/libgcc.a(bpabi.o)
 .bss           0x10004dd0        0x0 /home/jenya/Tools/arm-2011.03/bin/../lib/gcc/arm-none-eabi/4.5.2/thumb2/libgcc.a(_dvmd_tls.o)
 .bss           0x10004dd0        0x0 /home/jenya/Tools/arm-2011.03/bin/../lib/gcc/arm-none-eabi/4.5.2/thumb2/libgcc.a(_divdi3.o)
 .bss           0x10004dd0        0x0 /home/jenya/Tools/arm-2011.03/bin/../lib/gcc/arm-none-eabi/4.5.2/thumb2/libgcc.a(_udivdi3.o)
 .bss           0x10004dd0        0x0 /home/jenya/Tools/arm-2011.03/bin/../lib/gcc/arm-none-eabi/4.5.2/thumb2/libgcc.a(_udivsi3.o)
 .bss           0x10004dd0        0x0 /home/jenya/Tools/arm-2011.03/bin/../lib/gcc/arm-none-eabi/4.5.2/../../../../arm-none-eabi/lib/thumb2/libc.a(lib_a-memcmp.o)
 .bss           0x10004dd0        0x0 /home/jenya/Tools/arm-2011.03/bin/../lib/gcc/arm-none-eabi/4.5.2/../../../../arm-none-eabi/lib/thumb2/libc.a(lib_a-memcpy.o)
 .bss           0x10004dd0        0x0 /home/jenya/Tools/arm-2011.03/bin/../lib/gcc/arm-none-eabi/4.5.2/../../../../arm-none-eabi/lib/thumb2/libc.a(lib_a-memset.o)
 .bss           0x10004dd0        0x0 /home/jenya/Tools/arm-2011.03/bin/../lib/gcc/arm-none-eabi/4.5.2/../../../../arm-none-eabi/lib/thumb2/libc.a(lib_a-strcat.o)
 .bss           0x10004dd0        0x0 /home/jenya/Tools/arm-2011.03/bin/../lib/gcc/arm-none-eabi/4.5.2/../../../../arm-none-eabi/lib/thumb2/libc.a(lib_a-strcpy.o)
 .bss           0x10004dd0        0x0 /home/jenya/Tools/arm-2011.03/bin/../lib/gcc/arm-none-eabi/4.5.2/../../../../arm-none-eabi/lib/thumb2/libc.a(lib_a-strlen.o)
 .bss           0x10004dd0        0x0 /home/jenya/Tools/arm-2011.03/bin/../lib/gcc/arm-none-eabi/4.5.2/../../../../arm-none-eabi/lib/thumb2/libc.a(lib_a-strncpy.o)
 *(COMMON)
 COMMON         0x10004dd0      0x211 ./autoPilot/src/driverGps.o
                0x10004dd0                gpsRb
                0x10004fe0                TxIntStat
 *fill*         0x10004fe1        0x3 00
 COMMON         0x10004fe4       0x18 ./autoPilot/src/main.o
                0x10004fe4                gpsRxReady
                0x10004fe8                taskHandles
 COMMON         0x10004ffc       0x50 ./3rdParty/FreeRTOS/queue.o
                0x10004ffc                xQueueRegistry
 COMMON         0x1000504c       0x28 ./3rdParty/Drivers/source/debug_frmwrk.o
                0x1000504c                _db_dec
                0x10005050                _db_dec_32
                0x10005054                _db_hex_32
                0x10005058                _db_dec_16
                0x1000505c                _db_msg
                0x10005060                _db_get_char
                0x10005064                _db_msg_
                0x10005068                _db_char
                0x1000506c                _db_hex
                0x10005070                _db_hex_16
                0x10005074                _ebss = .

.cr_heap        0x10005074        0x0
                0x10005074                end = .
                0x10005074                _pvHeapStart = .
                0x10007ff0                _vStackTop = (_vRamTop - 0x10)

.ETHRAM

.USBRAM
OUTPUT(ee542.elf elf32-littlearm)

.debug_abbrev   0x00000000     0x232e
 .debug_abbrev  0x00000000      0x1fa ./autoPilot/src/driverGps.o
 .debug_abbrev  0x000001fa      0x1c5 ./autoPilot/src/hwConfig.o
 .debug_abbrev  0x000003bf      0x16a ./autoPilot/src/main.o
 .debug_abbrev  0x00000529      0x13c ./autoPilot/src/taskGps.o
 .debug_abbrev  0x00000665      0x101 ./autoPilot/src/taskLed.o
 .debug_abbrev  0x00000766       0xe4 ./autoPilot/src/util.o
 .debug_abbrev  0x0000084a      0x140 ./3rdParty/printf/printf-stdarg.o
 .debug_abbrev  0x0000098a      0x16f ./3rdParty/FreeRTOS/portable/MemMang/heap_2.o
 .debug_abbrev  0x00000af9      0x13a ./3rdParty/FreeRTOS/portable/GCC/ARM_CM3/port.o
 .debug_abbrev  0x00000c33       0xb4 ./3rdParty/FreeRTOS/list.o
 .debug_abbrev  0x00000ce7      0x148 ./3rdParty/FreeRTOS/queue.o
 .debug_abbrev  0x00000e2f      0x1cb ./3rdParty/FreeRTOS/tasks.o
 .debug_abbrev  0x00000ffa      0x1d7 ./3rdParty/Drivers/source/debug_frmwrk.o
 .debug_abbrev  0x000011d1      0x16a ./3rdParty/Drivers/source/lpc17xx_clkpwr.o
 .debug_abbrev  0x0000133b       0xfc ./3rdParty/Drivers/source/lpc17xx_exti.o
 .debug_abbrev  0x00001437      0x1c9 ./3rdParty/Drivers/source/lpc17xx_gpio.o
 .debug_abbrev  0x00001600      0x1fd ./3rdParty/Drivers/source/lpc17xx_i2c.o
 .debug_abbrev  0x000017fd       0x68 ./3rdParty/Drivers/source/lpc17xx_libcfg_default.o
 .debug_abbrev  0x00001865      0x152 ./3rdParty/Drivers/source/lpc17xx_mcpwm.o
 .debug_abbrev  0x000019b7      0x11d ./3rdParty/Drivers/source/lpc17xx_pinsel.o
 .debug_abbrev  0x00001ad4      0x1a5 ./3rdParty/Drivers/source/lpc17xx_pwm.o
 .debug_abbrev  0x00001c79      0x187 ./3rdParty/Drivers/source/lpc17xx_spi.o
 .debug_abbrev  0x00001e00      0x1b4 ./3rdParty/Drivers/source/lpc17xx_timer.o
 .debug_abbrev  0x00001fb4      0x1ce ./3rdParty/Drivers/source/lpc17xx_uart.o
 .debug_abbrev  0x00002182       0xa7 ./3rdParty/Core/CM3/DeviceSupport/NXP/LPC17xx/startup/arm/cr_startup_lpc17.o
 .debug_abbrev  0x00002229       0xd9 ./3rdParty/Core/CM3/DeviceSupport/NXP/LPC17xx/system_LPC17xx.o
 .debug_abbrev  0x00002302       0x2c ./3rdParty/Core/CM3/CoreSupport/core_cm3.o

.debug_info     0x00000000     0xbfdb
 .debug_info    0x00000000      0xae2 ./autoPilot/src/driverGps.o
 .debug_info    0x00000ae2     0x105f ./autoPilot/src/hwConfig.o
 .debug_info    0x00001b41      0x5af ./autoPilot/src/main.o
 .debug_info    0x000020f0      0x32d ./autoPilot/src/taskGps.o
 .debug_info    0x0000241d      0x408 ./autoPilot/src/taskLed.o
 .debug_info    0x00002825      0x184 ./autoPilot/src/util.o
 .debug_info    0x000029a9      0x3e7 ./3rdParty/printf/printf-stdarg.o
 .debug_info    0x00002d90      0x2e3 ./3rdParty/FreeRTOS/portable/MemMang/heap_2.o
 .debug_info    0x00003073      0x223 ./3rdParty/FreeRTOS/portable/GCC/ARM_CM3/port.o
 .debug_info    0x00003296      0x2da ./3rdParty/FreeRTOS/list.o
 .debug_info    0x00003570      0x9ce ./3rdParty/FreeRTOS/queue.o
 .debug_info    0x00003f3e     0x12ca ./3rdParty/FreeRTOS/tasks.o
 .debug_info    0x00005208      0x936 ./3rdParty/Drivers/source/debug_frmwrk.o
 .debug_info    0x00005b3e      0x6c0 ./3rdParty/Drivers/source/lpc17xx_clkpwr.o
 .debug_info    0x000061fe      0x4dd ./3rdParty/Drivers/source/lpc17xx_exti.o
 .debug_info    0x000066db      0xe29 ./3rdParty/Drivers/source/lpc17xx_gpio.o
 .debug_info    0x00007504      0xdb1 ./3rdParty/Drivers/source/lpc17xx_i2c.o
 .debug_info    0x000082b5       0xc9 ./3rdParty/Drivers/source/lpc17xx_libcfg_default.o
 .debug_info    0x0000837e      0x816 ./3rdParty/Drivers/source/lpc17xx_mcpwm.o
 .debug_info    0x00008b94      0x4b5 ./3rdParty/Drivers/source/lpc17xx_pinsel.o
 .debug_info    0x00009049      0x8d6 ./3rdParty/Drivers/source/lpc17xx_pwm.o
 .debug_info    0x0000991f      0x5cc ./3rdParty/Drivers/source/lpc17xx_spi.o
 .debug_info    0x00009eeb      0x892 ./3rdParty/Drivers/source/lpc17xx_timer.o
 .debug_info    0x0000a77d     0x115b ./3rdParty/Drivers/source/lpc17xx_uart.o
 .debug_info    0x0000b8d8      0x18b ./3rdParty/Core/CM3/DeviceSupport/NXP/LPC17xx/startup/arm/cr_startup_lpc17.o
 .debug_info    0x0000ba63      0x508 ./3rdParty/Core/CM3/DeviceSupport/NXP/LPC17xx/system_LPC17xx.o
 .debug_info    0x0000bf6b       0x70 ./3rdParty/Core/CM3/CoreSupport/core_cm3.o

.debug_line     0x00000000     0x6b43
 .debug_line    0x00000000      0x41c ./autoPilot/src/driverGps.o
 .debug_line    0x0000041c      0x355 ./autoPilot/src/hwConfig.o
 .debug_line    0x00000771      0x5a7 ./autoPilot/src/main.o
 .debug_line    0x00000d18      0x3f4 ./autoPilot/src/taskGps.o
 .debug_line    0x0000110c      0x40c ./autoPilot/src/taskLed.o
 .debug_line    0x00001518      0x1f0 ./autoPilot/src/util.o
 .debug_line    0x00001708      0x1dc ./3rdParty/printf/printf-stdarg.o
 .debug_line    0x000018e4      0x4de ./3rdParty/FreeRTOS/portable/MemMang/heap_2.o
 .debug_line    0x00001dc2      0x33c ./3rdParty/FreeRTOS/portable/GCC/ARM_CM3/port.o
 .debug_line    0x000020fe      0x48d ./3rdParty/FreeRTOS/list.o
 .debug_line    0x0000258b      0x60f ./3rdParty/FreeRTOS/queue.o
 .debug_line    0x00002b9a      0x8ed ./3rdParty/FreeRTOS/tasks.o
 .debug_line    0x00003487      0x366 ./3rdParty/Drivers/source/debug_frmwrk.o
 .debug_line    0x000037ed      0x2db ./3rdParty/Drivers/source/lpc17xx_clkpwr.o
 .debug_line    0x00003ac8      0x293 ./3rdParty/Drivers/source/lpc17xx_exti.o
 .debug_line    0x00003d5b      0x3b1 ./3rdParty/Drivers/source/lpc17xx_gpio.o
 .debug_line    0x0000410c      0x62f ./3rdParty/Drivers/source/lpc17xx_i2c.o
 .debug_line    0x0000473b      0x190 ./3rdParty/Drivers/source/lpc17xx_libcfg_default.o
 .debug_line    0x000048cb      0x569 ./3rdParty/Drivers/source/lpc17xx_mcpwm.o
 .debug_line    0x00004e34      0x293 ./3rdParty/Drivers/source/lpc17xx_pinsel.o
 .debug_line    0x000050c7      0x57a ./3rdParty/Drivers/source/lpc17xx_pwm.o
 .debug_line    0x00005641      0x3b0 ./3rdParty/Drivers/source/lpc17xx_spi.o
 .debug_line    0x000059f1      0x535 ./3rdParty/Drivers/source/lpc17xx_timer.o
 .debug_line    0x00005f26      0x819 ./3rdParty/Drivers/source/lpc17xx_uart.o
 .debug_line    0x0000673f       0xbf ./3rdParty/Core/CM3/DeviceSupport/NXP/LPC17xx/startup/arm/cr_startup_lpc17.o
 .debug_line    0x000067fe      0x235 ./3rdParty/Core/CM3/DeviceSupport/NXP/LPC17xx/system_LPC17xx.o
 .debug_line    0x00006a33      0x110 ./3rdParty/Core/CM3/CoreSupport/core_cm3.o

.debug_macinfo  0x00000000    0xea209
 .debug_macinfo
                0x00000000     0xb61f ./autoPilot/src/driverGps.o
 .debug_macinfo
                0x0000b61f     0xa730 ./autoPilot/src/hwConfig.o
 .debug_macinfo
                0x00015d4f    0x1005b ./autoPilot/src/main.o
 .debug_macinfo
                0x00025daa     0xc97a ./autoPilot/src/taskGps.o
 .debug_macinfo
                0x00032724     0xd7b5 ./autoPilot/src/taskLed.o
 .debug_macinfo
                0x0003fed9     0x2c57 ./autoPilot/src/util.o
 .debug_macinfo
                0x00042b30     0x2344 ./3rdParty/printf/printf-stdarg.o
 .debug_macinfo
                0x00044e74     0xb28a ./3rdParty/FreeRTOS/portable/MemMang/heap_2.o
 .debug_macinfo
                0x000500fe     0x943b ./3rdParty/FreeRTOS/portable/GCC/ARM_CM3/port.o
 .debug_macinfo
                0x00059539     0xabdc ./3rdParty/FreeRTOS/list.o
 .debug_macinfo
                0x00064115     0xb3a7 ./3rdParty/FreeRTOS/queue.o
 .debug_macinfo
                0x0006f4bc     0xca97 ./3rdParty/FreeRTOS/tasks.o
 .debug_macinfo
                0x0007bf53     0x935a ./3rdParty/Drivers/source/debug_frmwrk.o
 .debug_macinfo
                0x000852ad     0x8544 ./3rdParty/Drivers/source/lpc17xx_clkpwr.o
 .debug_macinfo
                0x0008d7f1     0x743c ./3rdParty/Drivers/source/lpc17xx_exti.o
 .debug_macinfo
                0x00094c2d     0x760a ./3rdParty/Drivers/source/lpc17xx_gpio.o
 .debug_macinfo
                0x0009c237     0x9523 ./3rdParty/Drivers/source/lpc17xx_i2c.o
 .debug_macinfo
                0x000a575a     0x2df6 ./3rdParty/Drivers/source/lpc17xx_libcfg_default.o
 .debug_macinfo
                0x000a8550     0x90ac ./3rdParty/Drivers/source/lpc17xx_mcpwm.o
 .debug_macinfo
                0x000b15fc     0x771f ./3rdParty/Drivers/source/lpc17xx_pinsel.o
 .debug_macinfo
                0x000b8d1b     0x8fd4 ./3rdParty/Drivers/source/lpc17xx_pwm.o
 .debug_macinfo
                0x000c1cef     0x915f ./3rdParty/Drivers/source/lpc17xx_spi.o
 .debug_macinfo
                0x000cae4e     0x9424 ./3rdParty/Drivers/source/lpc17xx_timer.o
 .debug_macinfo
                0x000d4272     0x9fa2 ./3rdParty/Drivers/source/lpc17xx_uart.o
 .debug_macinfo
                0x000de214     0x2204 ./3rdParty/Core/CM3/DeviceSupport/NXP/LPC17xx/startup/arm/cr_startup_lpc17.o
 .debug_macinfo
                0x000e0418     0x7343 ./3rdParty/Core/CM3/DeviceSupport/NXP/LPC17xx/system_LPC17xx.o
 .debug_macinfo
                0x000e775b     0x2aae ./3rdParty/Core/CM3/CoreSupport/core_cm3.o

.debug_loc      0x00000000     0x3ece
 .debug_loc     0x00000000      0x150 ./autoPilot/src/driverGps.o
 .debug_loc     0x00000150      0x12c ./autoPilot/src/hwConfig.o
 .debug_loc     0x0000027c       0xd4 ./autoPilot/src/main.o
 .debug_loc     0x00000350       0x38 ./autoPilot/src/taskGps.o
 .debug_loc     0x00000388       0x38 ./autoPilot/src/taskLed.o
 .debug_loc     0x000003c0       0xe0 ./autoPilot/src/util.o
 .debug_loc     0x000004a0      0x1e7 ./3rdParty/printf/printf-stdarg.o
 .debug_loc     0x00000687       0xc8 ./3rdParty/FreeRTOS/portable/MemMang/heap_2.o
 .debug_loc     0x0000074f      0x178 ./3rdParty/FreeRTOS/portable/GCC/ARM_CM3/port.o
 .debug_loc     0x000008c7      0x118 ./3rdParty/FreeRTOS/list.o
 .debug_loc     0x000009df      0x508 ./3rdParty/FreeRTOS/queue.o
 .debug_loc     0x00000ee7      0x901 ./3rdParty/FreeRTOS/tasks.o
 .debug_loc     0x000017e8      0x268 ./3rdParty/Drivers/source/debug_frmwrk.o
 .debug_loc     0x00001a50      0x190 ./3rdParty/Drivers/source/lpc17xx_clkpwr.o
 .debug_loc     0x00001be0      0x138 ./3rdParty/Drivers/source/lpc17xx_exti.o
 .debug_loc     0x00001d18      0x620 ./3rdParty/Drivers/source/lpc17xx_gpio.o
 .debug_loc     0x00002338      0x508 ./3rdParty/Drivers/source/lpc17xx_i2c.o
 .debug_loc     0x00002840       0x38 ./3rdParty/Drivers/source/lpc17xx_libcfg_default.o
 .debug_loc     0x00002878      0x348 ./3rdParty/Drivers/source/lpc17xx_mcpwm.o
 .debug_loc     0x00002bc0      0x150 ./3rdParty/Drivers/source/lpc17xx_pinsel.o
 .debug_loc     0x00002d10      0x348 ./3rdParty/Drivers/source/lpc17xx_pwm.o
 .debug_loc     0x00003058      0x2d8 ./3rdParty/Drivers/source/lpc17xx_spi.o
 .debug_loc     0x00003330      0x380 ./3rdParty/Drivers/source/lpc17xx_timer.o
 .debug_loc     0x000036b0      0x65a ./3rdParty/Drivers/source/lpc17xx_uart.o
 .debug_loc     0x00003d0a      0x16c ./3rdParty/Core/CM3/DeviceSupport/NXP/LPC17xx/startup/arm/cr_startup_lpc17.o
 .debug_loc     0x00003e76       0x58 ./3rdParty/Core/CM3/DeviceSupport/NXP/LPC17xx/system_LPC17xx.o

.debug_pubnames
                0x00000000     0x176a
 .debug_pubnames
                0x00000000       0x73 ./autoPilot/src/driverGps.o
 .debug_pubnames
                0x00000073       0x4f ./autoPilot/src/hwConfig.o
 .debug_pubnames
                0x000000c2       0x98 ./autoPilot/src/main.o
 .debug_pubnames
                0x0000015a       0x1f ./autoPilot/src/taskGps.o
 .debug_pubnames
                0x00000179       0x1f ./autoPilot/src/taskLed.o
 .debug_pubnames
                0x00000198       0x39 ./autoPilot/src/util.o
 .debug_pubnames
                0x000001d1       0x40 ./3rdParty/printf/printf-stdarg.o
 .debug_pubnames
                0x00000211       0x64 ./3rdParty/FreeRTOS/portable/MemMang/heap_2.o
 .debug_pubnames
                0x00000275      0x10d ./3rdParty/FreeRTOS/portable/GCC/ARM_CM3/port.o
 .debug_pubnames
                0x00000382       0x71 ./3rdParty/FreeRTOS/list.o
 .debug_pubnames
                0x000003f3      0x1de ./3rdParty/FreeRTOS/queue.o
 .debug_pubnames
                0x000005d1      0x301 ./3rdParty/FreeRTOS/tasks.o
 .debug_pubnames
                0x000008d2      0x150 ./3rdParty/Drivers/source/debug_frmwrk.o
 .debug_pubnames
                0x00000a22       0xbb ./3rdParty/Drivers/source/lpc17xx_clkpwr.o
 .debug_pubnames
                0x00000add       0x7d ./3rdParty/Drivers/source/lpc17xx_exti.o
 .debug_pubnames
                0x00000b5a      0x203 ./3rdParty/Drivers/source/lpc17xx_gpio.o
 .debug_pubnames
                0x00000d5d      0x163 ./3rdParty/Drivers/source/lpc17xx_i2c.o
 .debug_pubnames
                0x00000ec0       0x23 ./3rdParty/Drivers/source/lpc17xx_libcfg_default.o
 .debug_pubnames
                0x00000ee3      0x13b ./3rdParty/Drivers/source/lpc17xx_mcpwm.o
 .debug_pubnames
                0x0000101e       0x59 ./3rdParty/Drivers/source/lpc17xx_pinsel.o
 .debug_pubnames
                0x00001077      0x140 ./3rdParty/Drivers/source/lpc17xx_pwm.o
 .debug_pubnames
                0x000011b7      0x105 ./3rdParty/Drivers/source/lpc17xx_spi.o
 .debug_pubnames
                0x000012bc      0x12b ./3rdParty/Drivers/source/lpc17xx_timer.o
 .debug_pubnames
                0x000013e7      0x271 ./3rdParty/Drivers/source/lpc17xx_uart.o
 .debug_pubnames
                0x00001658       0xc3 ./3rdParty/Core/CM3/DeviceSupport/NXP/LPC17xx/startup/arm/cr_startup_lpc17.o
 .debug_pubnames
                0x0000171b       0x4f ./3rdParty/Core/CM3/DeviceSupport/NXP/LPC17xx/system_LPC17xx.o

.debug_pubtypes
                0x00000000     0x1212
 .debug_pubtypes
                0x00000000      0x15e ./autoPilot/src/driverGps.o
 .debug_pubtypes
                0x0000015e      0x175 ./autoPilot/src/hwConfig.o
 .debug_pubtypes
                0x000002d3       0x7b ./autoPilot/src/main.o
 .debug_pubtypes
                0x0000034e       0x59 ./autoPilot/src/taskGps.o
 .debug_pubtypes
                0x000003a7       0x6a ./autoPilot/src/taskLed.o
 .debug_pubtypes
                0x00000411       0x1b ./autoPilot/src/util.o
 .debug_pubtypes
                0x0000042c       0x3f ./3rdParty/printf/printf-stdarg.o
 .debug_pubtypes
                0x0000046b       0x58 ./3rdParty/FreeRTOS/portable/MemMang/heap_2.o
 .debug_pubtypes
                0x000004c3       0x3f ./3rdParty/FreeRTOS/portable/GCC/ARM_CM3/port.o
 .debug_pubtypes
                0x00000502       0x86 ./3rdParty/FreeRTOS/list.o
 .debug_pubtypes
                0x00000588      0x10f ./3rdParty/FreeRTOS/queue.o
 .debug_pubtypes
                0x00000697      0x139 ./3rdParty/FreeRTOS/tasks.o
 .debug_pubtypes
                0x000007d0       0xc0 ./3rdParty/Drivers/source/debug_frmwrk.o
 .debug_pubtypes
                0x00000890       0x6b ./3rdParty/Drivers/source/lpc17xx_clkpwr.o
 .debug_pubtypes
                0x000008fb       0x90 ./3rdParty/Drivers/source/lpc17xx_exti.o
 .debug_pubtypes
                0x0000098b       0xb5 ./3rdParty/Drivers/source/lpc17xx_gpio.o
 .debug_pubtypes
                0x00000a40      0x113 ./3rdParty/Drivers/source/lpc17xx_i2c.o
 .debug_pubtypes
                0x00000b53       0x2b ./3rdParty/Drivers/source/lpc17xx_libcfg_default.o
 .debug_pubtypes
                0x00000b7e       0xb3 ./3rdParty/Drivers/source/lpc17xx_mcpwm.o
 .debug_pubtypes
                0x00000c31       0x76 ./3rdParty/Drivers/source/lpc17xx_pinsel.o
 .debug_pubtypes
                0x00000ca7       0xf5 ./3rdParty/Drivers/source/lpc17xx_pwm.o
 .debug_pubtypes
                0x00000d9c       0xc8 ./3rdParty/Drivers/source/lpc17xx_spi.o
 .debug_pubtypes
                0x00000e64      0x113 ./3rdParty/Drivers/source/lpc17xx_timer.o
 .debug_pubtypes
                0x00000f77      0x232 ./3rdParty/Drivers/source/lpc17xx_uart.o
 .debug_pubtypes
                0x000011a9       0x57 ./3rdParty/Core/CM3/DeviceSupport/NXP/LPC17xx/system_LPC17xx.o
 .debug_pubtypes
                0x00001200       0x12 ./3rdParty/Core/CM3/CoreSupport/core_cm3.o

.debug_aranges  0x00000000      0x340
 .debug_aranges
                0x00000000       0x20 ./autoPilot/src/driverGps.o
 .debug_aranges
                0x00000020       0x20 ./autoPilot/src/hwConfig.o
 .debug_aranges
                0x00000040       0x20 ./autoPilot/src/main.o
 .debug_aranges
                0x00000060       0x20 ./autoPilot/src/taskGps.o
 .debug_aranges
                0x00000080       0x20 ./autoPilot/src/taskLed.o
 .debug_aranges
                0x000000a0       0x20 ./autoPilot/src/util.o
 .debug_aranges
                0x000000c0       0x20 ./3rdParty/printf/printf-stdarg.o
 .debug_aranges
                0x000000e0       0x20 ./3rdParty/FreeRTOS/portable/MemMang/heap_2.o
 .debug_aranges
                0x00000100       0x20 ./3rdParty/FreeRTOS/portable/GCC/ARM_CM3/port.o
 .debug_aranges
                0x00000120       0x20 ./3rdParty/FreeRTOS/list.o
 .debug_aranges
                0x00000140       0x20 ./3rdParty/FreeRTOS/queue.o
 .debug_aranges
                0x00000160       0x20 ./3rdParty/FreeRTOS/tasks.o
 .debug_aranges
                0x00000180       0x20 ./3rdParty/Drivers/source/debug_frmwrk.o
 .debug_aranges
                0x000001a0       0x20 ./3rdParty/Drivers/source/lpc17xx_clkpwr.o
 .debug_aranges
                0x000001c0       0x20 ./3rdParty/Drivers/source/lpc17xx_exti.o
 .debug_aranges
                0x000001e0       0x20 ./3rdParty/Drivers/source/lpc17xx_gpio.o
 .debug_aranges
                0x00000200       0x20 ./3rdParty/Drivers/source/lpc17xx_i2c.o
 .debug_aranges
                0x00000220       0x20 ./3rdParty/Drivers/source/lpc17xx_libcfg_default.o
 .debug_aranges
                0x00000240       0x20 ./3rdParty/Drivers/source/lpc17xx_mcpwm.o
 .debug_aranges
                0x00000260       0x20 ./3rdParty/Drivers/source/lpc17xx_pinsel.o
 .debug_aranges
                0x00000280       0x20 ./3rdParty/Drivers/source/lpc17xx_pwm.o
 .debug_aranges
                0x000002a0       0x20 ./3rdParty/Drivers/source/lpc17xx_spi.o
 .debug_aranges
                0x000002c0       0x20 ./3rdParty/Drivers/source/lpc17xx_timer.o
 .debug_aranges
                0x000002e0       0x20 ./3rdParty/Drivers/source/lpc17xx_uart.o
 .debug_aranges
                0x00000300       0x20 ./3rdParty/Core/CM3/DeviceSupport/NXP/LPC17xx/startup/arm/cr_startup_lpc17.o
 .debug_aranges
                0x00000320       0x20 ./3rdParty/Core/CM3/DeviceSupport/NXP/LPC17xx/system_LPC17xx.o

.debug_str      0x00000000     0x4096
 .debug_str     0x00000000      0x74b ./autoPilot/src/driverGps.o
                                0x7ac (size before relaxing)
 .debug_str     0x0000074b      0x388 ./autoPilot/src/hwConfig.o
                                0xa39 (size before relaxing)
 .debug_str     0x00000ad3       0xf6 ./autoPilot/src/main.o
                                0x33b (size before relaxing)
 .debug_str     0x00000bc9       0x31 ./autoPilot/src/taskGps.o
                                0x20e (size before relaxing)
 .debug_str     0x00000bfa       0x3f ./autoPilot/src/taskLed.o
                                0x26b (size before relaxing)
 .debug_str     0x00000c39       0x47 ./autoPilot/src/util.o
                                0x102 (size before relaxing)
 .debug_str     0x00000c80       0xa9 ./3rdParty/printf/printf-stdarg.o
                                0x102 (size before relaxing)
 .debug_str     0x00000d29      0x178 ./3rdParty/FreeRTOS/portable/MemMang/heap_2.o
                                0x248 (size before relaxing)
 .debug_str     0x00000ea1      0x151 ./3rdParty/FreeRTOS/portable/GCC/ARM_CM3/port.o
                                0x236 (size before relaxing)
 .debug_str     0x00000ff2      0x12f ./3rdParty/FreeRTOS/list.o
                                0x21d (size before relaxing)
 .debug_str     0x00001121      0x425 ./3rdParty/FreeRTOS/queue.o
                                0x5c7 (size before relaxing)
 .debug_str     0x00001546      0x809 ./3rdParty/FreeRTOS/tasks.o
                                0xa6c (size before relaxing)
 .debug_str     0x00001d4f      0x147 ./3rdParty/Drivers/source/debug_frmwrk.o
                                0x403 (size before relaxing)
 .debug_str     0x00001e96       0xf8 ./3rdParty/Drivers/source/lpc17xx_clkpwr.o
                                0x390 (size before relaxing)
 .debug_str     0x00001f8e      0x1a3 ./3rdParty/Drivers/source/lpc17xx_exti.o
                                0x3d4 (size before relaxing)
 .debug_str     0x00002131      0x30d ./3rdParty/Drivers/source/lpc17xx_gpio.o
                                0x555 (size before relaxing)
 .debug_str     0x0000243e      0x4a0 ./3rdParty/Drivers/source/lpc17xx_i2c.o
                                0x850 (size before relaxing)
 .debug_str     0x000028de       0x4b ./3rdParty/Drivers/source/lpc17xx_libcfg_default.o
                                0x117 (size before relaxing)
 .debug_str     0x00002929      0x41c ./3rdParty/Drivers/source/lpc17xx_mcpwm.o
                                0x52e (size before relaxing)
 .debug_str     0x00002d45      0x103 ./3rdParty/Drivers/source/lpc17xx_pinsel.o
                                0x369 (size before relaxing)
 .debug_str     0x00002e48      0x477 ./3rdParty/Drivers/source/lpc17xx_pwm.o
                                0x5f7 (size before relaxing)
 .debug_str     0x000032bf      0x221 ./3rdParty/Drivers/source/lpc17xx_spi.o
                                0x39c (size before relaxing)
 .debug_str     0x000034e0      0x355 ./3rdParty/Drivers/source/lpc17xx_timer.o
                                0x597 (size before relaxing)
 .debug_str     0x00003835      0x6dc ./3rdParty/Drivers/source/lpc17xx_uart.o
                                0xb03 (size before relaxing)
 .debug_str     0x00003f11       0xf8 ./3rdParty/Core/CM3/DeviceSupport/NXP/LPC17xx/startup/arm/cr_startup_lpc17.o
                                0x14f (size before relaxing)
 .debug_str     0x00004009       0x61 ./3rdParty/Core/CM3/DeviceSupport/NXP/LPC17xx/system_LPC17xx.o
                                0x2e5 (size before relaxing)
 .debug_str     0x0000406a       0x2c ./3rdParty/Core/CM3/CoreSupport/core_cm3.o
                                 0xe2 (size before relaxing)

.comment        0x00000000       0x2a
 .comment       0x00000000       0x2a ./autoPilot/src/driverGps.o
                                 0x2b (size before relaxing)
 .comment       0x00000000       0x2b ./autoPilot/src/hwConfig.o
 .comment       0x00000000       0x2b ./autoPilot/src/main.o
 .comment       0x00000000       0x2b ./autoPilot/src/taskGps.o
 .comment       0x00000000       0x2b ./autoPilot/src/taskLed.o
 .comment       0x00000000       0x2b ./autoPilot/src/util.o
 .comment       0x00000000       0x2b ./3rdParty/printf/printf-stdarg.o
 .comment       0x00000000       0x2b ./3rdParty/FreeRTOS/portable/MemMang/heap_2.o
 .comment       0x00000000       0x2b ./3rdParty/FreeRTOS/portable/GCC/ARM_CM3/port.o
 .comment       0x00000000       0x2b ./3rdParty/FreeRTOS/list.o
 .comment       0x00000000       0x2b ./3rdParty/FreeRTOS/queue.o
 .comment       0x00000000       0x2b ./3rdParty/FreeRTOS/tasks.o
 .comment       0x00000000       0x2b ./3rdParty/Drivers/source/debug_frmwrk.o
 .comment       0x00000000       0x2b ./3rdParty/Drivers/source/lpc17xx_clkpwr.o
 .comment       0x00000000       0x2b ./3rdParty/Drivers/source/lpc17xx_exti.o
 .comment       0x00000000       0x2b ./3rdParty/Drivers/source/lpc17xx_gpio.o
 .comment       0x00000000       0x2b ./3rdParty/Drivers/source/lpc17xx_i2c.o
 .comment       0x00000000       0x2b ./3rdParty/Drivers/source/lpc17xx_libcfg_default.o
 .comment       0x00000000       0x2b ./3rdParty/Drivers/source/lpc17xx_mcpwm.o
 .comment       0x00000000       0x2b ./3rdParty/Drivers/source/lpc17xx_pinsel.o
 .comment       0x00000000       0x2b ./3rdParty/Drivers/source/lpc17xx_pwm.o
 .comment       0x00000000       0x2b ./3rdParty/Drivers/source/lpc17xx_spi.o
 .comment       0x00000000       0x2b ./3rdParty/Drivers/source/lpc17xx_timer.o
 .comment       0x00000000       0x2b ./3rdParty/Drivers/source/lpc17xx_uart.o
 .comment       0x00000000       0x2b ./3rdParty/Core/CM3/DeviceSupport/NXP/LPC17xx/startup/arm/cr_startup_lpc17.o
 .comment       0x00000000       0x2b ./3rdParty/Core/CM3/DeviceSupport/NXP/LPC17xx/system_LPC17xx.o
 .comment       0x00000000       0x2b ./3rdParty/Core/CM3/CoreSupport/core_cm3.o

.ARM.attributes
                0x00000000       0x31
 .ARM.attributes
                0x00000000       0x31 ./autoPilot/src/driverGps.o
 .ARM.attributes
                0x00000031       0x31 ./autoPilot/src/hwConfig.o
 .ARM.attributes
                0x00000062       0x31 ./autoPilot/src/main.o
 .ARM.attributes
                0x00000093       0x31 ./autoPilot/src/taskGps.o
 .ARM.attributes
                0x000000c4       0x31 ./autoPilot/src/taskLed.o
 .ARM.attributes
                0x000000f5       0x31 ./autoPilot/src/util.o
 .ARM.attributes
                0x00000126       0x31 ./3rdParty/printf/printf-stdarg.o
 .ARM.attributes
                0x00000157       0x31 ./3rdParty/FreeRTOS/portable/MemMang/heap_2.o
 .ARM.attributes
                0x00000188       0x31 ./3rdParty/FreeRTOS/portable/GCC/ARM_CM3/port.o
 .ARM.attributes
                0x000001b9       0x31 ./3rdParty/FreeRTOS/list.o
 .ARM.attributes
                0x000001ea       0x31 ./3rdParty/FreeRTOS/queue.o
 .ARM.attributes
                0x0000021b       0x31 ./3rdParty/FreeRTOS/tasks.o
 .ARM.attributes
                0x0000024c       0x31 ./3rdParty/Drivers/source/debug_frmwrk.o
 .ARM.attributes
                0x0000027d       0x31 ./3rdParty/Drivers/source/lpc17xx_clkpwr.o
 .ARM.attributes
                0x000002ae       0x31 ./3rdParty/Drivers/source/lpc17xx_exti.o
 .ARM.attributes
                0x000002df       0x31 ./3rdParty/Drivers/source/lpc17xx_gpio.o
 .ARM.attributes
                0x00000310       0x31 ./3rdParty/Drivers/source/lpc17xx_i2c.o
 .ARM.attributes
                0x00000341       0x31 ./3rdParty/Drivers/source/lpc17xx_libcfg_default.o
 .ARM.attributes
                0x00000372       0x31 ./3rdParty/Drivers/source/lpc17xx_mcpwm.o
 .ARM.attributes
                0x000003a3       0x31 ./3rdParty/Drivers/source/lpc17xx_pinsel.o
 .ARM.attributes
                0x000003d4       0x31 ./3rdParty/Drivers/source/lpc17xx_pwm.o
 .ARM.attributes
                0x00000405       0x31 ./3rdParty/Drivers/source/lpc17xx_spi.o
 .ARM.attributes
                0x00000436       0x31 ./3rdParty/Drivers/source/lpc17xx_timer.o
 .ARM.attributes
                0x00000467       0x31 ./3rdParty/Drivers/source/lpc17xx_uart.o
 .ARM.attributes
                0x00000498       0x31 ./3rdParty/Core/CM3/DeviceSupport/NXP/LPC17xx/startup/arm/cr_startup_lpc17.o
 .ARM.attributes
                0x000004c9       0x31 ./3rdParty/Core/CM3/DeviceSupport/NXP/LPC17xx/system_LPC17xx.o
 .ARM.attributes
                0x000004fa       0x31 ./3rdParty/Core/CM3/CoreSupport/core_cm3.o
 .ARM.attributes
                0x0000052b       0x1b /home/jenya/Tools/arm-2011.03/bin/../lib/gcc/arm-none-eabi/4.5.2/thumb2/libgcc.a(_aeabi_uldivmod.o)
 .ARM.attributes
                0x00000546       0x29 /home/jenya/Tools/arm-2011.03/bin/../lib/gcc/arm-none-eabi/4.5.2/thumb2/libgcc.a(bpabi.o)
 .ARM.attributes
                0x0000056f       0x1b /home/jenya/Tools/arm-2011.03/bin/../lib/gcc/arm-none-eabi/4.5.2/thumb2/libgcc.a(_dvmd_tls.o)
 .ARM.attributes
                0x0000058a       0x29 /home/jenya/Tools/arm-2011.03/bin/../lib/gcc/arm-none-eabi/4.5.2/thumb2/libgcc.a(_divdi3.o)
 .ARM.attributes
                0x000005b3       0x29 /home/jenya/Tools/arm-2011.03/bin/../lib/gcc/arm-none-eabi/4.5.2/thumb2/libgcc.a(_udivdi3.o)
 .ARM.attributes
                0x000005dc       0x1b /home/jenya/Tools/arm-2011.03/bin/../lib/gcc/arm-none-eabi/4.5.2/thumb2/libgcc.a(_udivsi3.o)
 .ARM.attributes
                0x000005f7       0x29 /home/jenya/Tools/arm-2011.03/bin/../lib/gcc/arm-none-eabi/4.5.2/../../../../arm-none-eabi/lib/thumb2/libc.a(lib_a-memcmp.o)
 .ARM.attributes
                0x00000620       0x29 /home/jenya/Tools/arm-2011.03/bin/../lib/gcc/arm-none-eabi/4.5.2/../../../../arm-none-eabi/lib/thumb2/libc.a(lib_a-memcpy.o)
 .ARM.attributes
                0x00000649       0x29 /home/jenya/Tools/arm-2011.03/bin/../lib/gcc/arm-none-eabi/4.5.2/../../../../arm-none-eabi/lib/thumb2/libc.a(lib_a-memset.o)
 .ARM.attributes
                0x00000672       0x29 /home/jenya/Tools/arm-2011.03/bin/../lib/gcc/arm-none-eabi/4.5.2/../../../../arm-none-eabi/lib/thumb2/libc.a(lib_a-strcat.o)
 .ARM.attributes
                0x0000069b       0x29 /home/jenya/Tools/arm-2011.03/bin/../lib/gcc/arm-none-eabi/4.5.2/../../../../arm-none-eabi/lib/thumb2/libc.a(lib_a-strcpy.o)
 .ARM.attributes
                0x000006c4       0x29 /home/jenya/Tools/arm-2011.03/bin/../lib/gcc/arm-none-eabi/4.5.2/../../../../arm-none-eabi/lib/thumb2/libc.a(lib_a-strlen.o)
 .ARM.attributes
                0x000006ed       0x29 /home/jenya/Tools/arm-2011.03/bin/../lib/gcc/arm-none-eabi/4.5.2/../../../../arm-none-eabi/lib/thumb2/libc.a(lib_a-strncpy.o)

.debug_frame    0x00000000     0x273c
 .debug_frame   0x00000000       0xc4 ./autoPilot/src/driverGps.o
 .debug_frame   0x000000c4       0xbc ./autoPilot/src/hwConfig.o
 .debug_frame   0x00000180       0x84 ./autoPilot/src/main.o
 .debug_frame   0x00000204       0x30 ./autoPilot/src/taskGps.o
 .debug_frame   0x00000234       0x30 ./autoPilot/src/taskLed.o
 .debug_frame   0x00000264       0x88 ./autoPilot/src/util.o
 .debug_frame   0x000002ec      0x154 ./3rdParty/printf/printf-stdarg.o
 .debug_frame   0x00000440       0x88 ./3rdParty/FreeRTOS/portable/MemMang/heap_2.o
 .debug_frame   0x000004c8      0x124 ./3rdParty/FreeRTOS/portable/GCC/ARM_CM3/port.o
 .debug_frame   0x000005ec       0x9c ./3rdParty/FreeRTOS/list.o
 .debug_frame   0x00000688      0x2d8 ./3rdParty/FreeRTOS/queue.o
 .debug_frame   0x00000960      0x538 ./3rdParty/FreeRTOS/tasks.o
 .debug_frame   0x00000e98      0x170 ./3rdParty/Drivers/source/debug_frmwrk.o
 .debug_frame   0x00001008       0xf4 ./3rdParty/Drivers/source/lpc17xx_clkpwr.o
 .debug_frame   0x000010fc       0xbc ./3rdParty/Drivers/source/lpc17xx_exti.o
 .debug_frame   0x000011b8      0x378 ./3rdParty/Drivers/source/lpc17xx_gpio.o
 .debug_frame   0x00001530      0x2d0 ./3rdParty/Drivers/source/lpc17xx_i2c.o
 .debug_frame   0x00001800       0x2c ./3rdParty/Drivers/source/lpc17xx_libcfg_default.o
 .debug_frame   0x0000182c      0x1b8 ./3rdParty/Drivers/source/lpc17xx_mcpwm.o
 .debug_frame   0x000019e4       0xbc ./3rdParty/Drivers/source/lpc17xx_pinsel.o
 .debug_frame   0x00001aa0      0x1f0 ./3rdParty/Drivers/source/lpc17xx_pwm.o
 .debug_frame   0x00001c90      0x1ac ./3rdParty/Drivers/source/lpc17xx_spi.o
 .debug_frame   0x00001e3c      0x208 ./3rdParty/Drivers/source/lpc17xx_timer.o
 .debug_frame   0x00002044      0x3b4 ./3rdParty/Drivers/source/lpc17xx_uart.o
 .debug_frame   0x000023f8       0xf4 ./3rdParty/Core/CM3/DeviceSupport/NXP/LPC17xx/startup/arm/cr_startup_lpc17.o
 .debug_frame   0x000024ec       0x48 ./3rdParty/Core/CM3/DeviceSupport/NXP/LPC17xx/system_LPC17xx.o
 .debug_frame   0x00002534       0x50 /home/jenya/Tools/arm-2011.03/bin/../lib/gcc/arm-none-eabi/4.5.2/thumb2/libgcc.a(bpabi.o)
 .debug_frame   0x00002584       0x3c /home/jenya/Tools/arm-2011.03/bin/../lib/gcc/arm-none-eabi/4.5.2/thumb2/libgcc.a(_divdi3.o)
 .debug_frame   0x000025c0       0x3c /home/jenya/Tools/arm-2011.03/bin/../lib/gcc/arm-none-eabi/4.5.2/thumb2/libgcc.a(_udivdi3.o)
 .debug_frame   0x000025fc       0x20 /home/jenya/Tools/arm-2011.03/bin/../lib/gcc/arm-none-eabi/4.5.2/thumb2/libgcc.a(_udivsi3.o)
 .debug_frame   0x0000261c       0x2c /home/jenya/Tools/arm-2011.03/bin/../lib/gcc/arm-none-eabi/4.5.2/../../../../arm-none-eabi/lib/thumb2/libc.a(lib_a-memcmp.o)
 .debug_frame   0x00002648       0x30 /home/jenya/Tools/arm-2011.03/bin/../lib/gcc/arm-none-eabi/4.5.2/../../../../arm-none-eabi/lib/thumb2/libc.a(lib_a-memcpy.o)
 .debug_frame   0x00002678       0x2c /home/jenya/Tools/arm-2011.03/bin/../lib/gcc/arm-none-eabi/4.5.2/../../../../arm-none-eabi/lib/thumb2/libc.a(lib_a-memset.o)
 .debug_frame   0x000026a4       0x2c /home/jenya/Tools/arm-2011.03/bin/../lib/gcc/arm-none-eabi/4.5.2/../../../../arm-none-eabi/lib/thumb2/libc.a(lib_a-strcat.o)
 .debug_frame   0x000026d0       0x20 /home/jenya/Tools/arm-2011.03/bin/../lib/gcc/arm-none-eabi/4.5.2/../../../../arm-none-eabi/lib/thumb2/libc.a(lib_a-strcpy.o)
 .debug_frame   0x000026f0       0x20 /home/jenya/Tools/arm-2011.03/bin/../lib/gcc/arm-none-eabi/4.5.2/../../../../arm-none-eabi/lib/thumb2/libc.a(lib_a-strlen.o)
 .debug_frame   0x00002710       0x2c /home/jenya/Tools/arm-2011.03/bin/../lib/gcc/arm-none-eabi/4.5.2/../../../../arm-none-eabi/lib/thumb2/libc.a(lib_a-strncpy.o)
