Archive member included because of file (symbol)

/home/jenya/Tools/arm-2011.03/bin/../lib/gcc/arm-none-eabi/4.5.2/../../../../arm-none-eabi/lib/thumb2/libc.a(lib_a-memcmp.o)
                              ./3rdParty/FreeRTOS/tasks.o (memcmp)
/home/jenya/Tools/arm-2011.03/bin/../lib/gcc/arm-none-eabi/4.5.2/../../../../arm-none-eabi/lib/thumb2/libc.a(lib_a-memcpy.o)
                              ./3rdParty/FreeRTOS/queue.o (memcpy)
/home/jenya/Tools/arm-2011.03/bin/../lib/gcc/arm-none-eabi/4.5.2/../../../../arm-none-eabi/lib/thumb2/libc.a(lib_a-memset.o)
                              ./3rdParty/FreeRTOS/tasks.o (memset)
/home/jenya/Tools/arm-2011.03/bin/../lib/gcc/arm-none-eabi/4.5.2/../../../../arm-none-eabi/lib/thumb2/libc.a(lib_a-strcat.o)
                              ./3rdParty/FreeRTOS/tasks.o (strcat)
/home/jenya/Tools/arm-2011.03/bin/../lib/gcc/arm-none-eabi/4.5.2/../../../../arm-none-eabi/lib/thumb2/libc.a(lib_a-strcpy.o)
                              /home/jenya/Tools/arm-2011.03/bin/../lib/gcc/arm-none-eabi/4.5.2/../../../../arm-none-eabi/lib/thumb2/libc.a(lib_a-strcat.o) (strcpy)
/home/jenya/Tools/arm-2011.03/bin/../lib/gcc/arm-none-eabi/4.5.2/../../../../arm-none-eabi/lib/thumb2/libc.a(lib_a-strlen.o)
                              ./3rdParty/FreeRTOS/tasks.o (strlen)
/home/jenya/Tools/arm-2011.03/bin/../lib/gcc/arm-none-eabi/4.5.2/../../../../arm-none-eabi/lib/thumb2/libc.a(lib_a-strncpy.o)
                              ./3rdParty/FreeRTOS/tasks.o (strncpy)

Allocating common symbols
Common symbol       size              file

xQueueRegistry      0x50              ./3rdParty/FreeRTOS/queue.o
taskHandles         0x14              ./autoPilot/src/main.o

Memory Configuration

Name             Origin             Length             Attributes
FLASH            0x00000000         0x00080000         xr
SRAM             0x10000000         0x00008000         xrw
AHBRAM0          0x2007c000         0x00004000
AHBRAM1          0x20080000         0x00004000
*default*        0x00000000         0xffffffff

Linker script and memory map

LOAD ./autoPilot/src/hwConfig.o
LOAD ./autoPilot/src/main.o
LOAD ./autoPilot/src/taskLed.o
LOAD ./3rdParty/printf/printf-stdarg.o
LOAD ./3rdParty/LPX17xx/CM3/cr_startup_lpc17.o
LOAD ./3rdParty/FreeRTOS/portable/MemMang/heap_2.o
LOAD ./3rdParty/FreeRTOS/portable/GCC/ARM_CM3/port.o
LOAD ./3rdParty/FreeRTOS/list.o
LOAD ./3rdParty/FreeRTOS/queue.o
LOAD ./3rdParty/FreeRTOS/tasks.o
START GROUP
LOAD /home/jenya/Tools/arm-2011.03/bin/../lib/gcc/arm-none-eabi/4.5.2/thumb2/libgcc.a
LOAD /home/jenya/Tools/arm-2011.03/bin/../lib/gcc/arm-none-eabi/4.5.2/../../../../arm-none-eabi/lib/thumb2/libc.a
END GROUP
START GROUP
LOAD /home/jenya/Tools/arm-2011.03/bin/../lib/gcc/arm-none-eabi/4.5.2/thumb2/libgcc.a
LOAD /home/jenya/Tools/arm-2011.03/bin/../lib/gcc/arm-none-eabi/4.5.2/../../../../arm-none-eabi/lib/thumb2/libc.a
END GROUP
                0x10008000                _vRamTop = 0x10008000

.text           0x00000000     0x32b4
 *(.isr_vector)
 .isr_vector    0x00000000       0xc8 ./3rdParty/LPX17xx/CM3/cr_startup_lpc17.o
                0x00000000                g_pfnVectors
 *(.text*)
 .text          0x000000c8      0x220 ./autoPilot/src/hwConfig.o
                0x000000c8                setSystem
                0x000002c8                configRedLed
 .text          0x000002e8       0xd8 ./autoPilot/src/main.o
                0x000002e8                main
                0x0000033c                vApplicationTickHook
                0x00000348                vApplicationStackOverflowHook
                0x00000354                vConfigureTimerForRunTimeStats
 .text          0x000003c0       0x44 ./autoPilot/src/taskLed.o
                0x000003c0                vLedTask
 .text          0x00000404      0x4b8 ./3rdParty/printf/printf-stdarg.o
                0x00000810                printf
                0x0000083c                sprintf
                0x0000086c                snprintf
                0x000008a0                write
 .text          0x000008bc       0x94 ./3rdParty/LPX17xx/CM3/cr_startup_lpc17.o
                0x000008bc                ResetISR
                0x00000910                NMI_Handler
                0x00000918                HardFault_Handler
                0x00000920                MemManage_Handler
                0x00000928                BusFault_Handler
                0x00000930                UsageFault_Handler
                0x00000938                DebugMon_Handler
                0x00000940                TIMER2_IRQHandler
                0x00000940                RIT_IRQHandler
                0x00000940                I2C0_IRQHandler
                0x00000940                USBActivity_IRQHandler
                0x00000940                PWM1_IRQHandler
                0x00000940                I2C1_IRQHandler
                0x00000940                EINT2_IRQHandler
                0x00000940                UART1_IRQHandler
                0x00000940                EINT3_IRQHandler
                0x00000940                CANActivity_IRQHandler
                0x00000940                TIMER3_IRQHandler
                0x00000940                UART0_IRQHandler
                0x00000940                IntDefaultHandler
                0x00000940                PLL0_IRQHandler
                0x00000940                CAN_IRQHandler
                0x00000940                PLL1_IRQHandler
                0x00000940                SSP0_IRQHandler
                0x00000940                I2S_IRQHandler
                0x00000940                I2C2_IRQHandler
                0x00000940                RTC_IRQHandler
                0x00000940                TIMER0_IRQHandler
                0x00000940                SPI_IRQHandler
                0x00000940                EINT1_IRQHandler
                0x00000940                TIMER1_IRQHandler
                0x00000940                UART2_IRQHandler
                0x00000940                ADC_IRQHandler
                0x00000940                SSP1_IRQHandler
                0x00000940                USB_IRQHandler
                0x00000940                BOD_IRQHandler
                0x00000940                WDT_IRQHandler
                0x00000940                QEI_IRQHandler
                0x00000940                EINT0_IRQHandler
                0x00000940                DMA_IRQHandler
                0x00000940                UART3_IRQHandler
                0x00000940                MCPWM_IRQHandler
                0x00000940                ENET_IRQHandler
 .text          0x00000950      0x1f8 ./3rdParty/FreeRTOS/portable/MemMang/heap_2.o
                0x00000950                pvPortMalloc
                0x00000aac                vPortFree
                0x00000b28                xPortGetFreeHeapSize
                0x00000b3c                vPortInitialiseBlocks
 .text          0x00000b48      0x1d8 ./3rdParty/FreeRTOS/portable/GCC/ARM_CM3/port.o
                0x00000b48                pxPortInitialiseStack
                0x00000ba8                vPortSVCHandler
                0x00000bc8                vPortStartFirstTask
                0x00000bd8                xPortStartScheduler
                0x00000c14                vPortEndScheduler
                0x00000c20                vPortYieldFromISR
                0x00000c38                vPortEnterCritical
                0x00000c5c                vPortExitCritical
                0x00000c88                xPortPendSVHandler
                0x00000cc4                xPortSysTickHandler
 .text          0x00000d20      0x17c ./3rdParty/FreeRTOS/list.o
                0x00000d20                vListInitialise
                0x00000d68                vListInitialiseItem
                0x00000d84                vListInsertEnd
                0x00000dd4                vListInsert
                0x00000e48                vListRemove
 .text          0x00000e9c      0x9bc ./3rdParty/FreeRTOS/queue.o
                0x00000e9c                xQueueGenericCreate
                0x00000f78                xQueueCreateMutex
                0x0000101c                xQueueGiveMutexRecursive
                0x00001074                xQueueTakeMutexRecursive
                0x000010d0                xQueueGenericSend
                0x000011f0                xQueueGenericSendFromISR
                0x00001280                xQueueGenericReceive
                0x00001408                xQueueReceiveFromISR
                0x0000149c                uxQueueMessagesWaiting
                0x000014c0                uxQueueMessagesWaitingFromISR
                0x000014dc                vQueueDelete
                0x00001504                ucQueueGetQueueNumber
                0x00001520                vQueueSetQueueNumber
                0x00001540                ucQueueGetQueueType
                0x0000173c                xQueueIsQueueEmptyFromISR
                0x00001790                xQueueIsQueueFullFromISR
                0x000017b8                vQueueAddToRegistry
 .text          0x00001858     0x15a0 ./3rdParty/FreeRTOS/tasks.o
                0x00001858                xTaskGenericCreate
                0x000019c0                vTaskDelete
                0x00001a64                vTaskDelayUntil
                0x00001b04                vTaskDelay
                0x00001b5c                uxTaskPriorityGet
                0x00001b94                vTaskPrioritySet
                0x00001ca8                vTaskSuspend
                0x00001d4c                xTaskIsTaskSuspended
                0x00001d98                vTaskResume
                0x00001e34                xTaskResumeFromISR
                0x00001ef8                vTaskStartScheduler
                0x00001f68                vTaskEndScheduler
                0x00001f88                vTaskSuspendAll
                0x00001fa4                xTaskResumeAll
                0x000020b8                xTaskGetTickCount
                0x000020dc                xTaskGetTickCountFromISR
                0x00002110                uxTaskGetNumberOfTasks
                0x00002124                vTaskList
                0x00002228                vTaskGetRunTimeStats
                0x0000233c                vTaskIncrementTick
                0x0000247c                vTaskSwitchContext
                0x000025a0                vTaskPlaceOnEventList
                0x00002608                xTaskRemoveFromEventList
                0x000026bc                vTaskSetTimeOutState
                0x000026e8                xTaskCheckForTimeOut
                0x0000277c                vTaskMissedYield
                0x00002794                uxTaskGetTaskNumber
                0x000027c4                vTaskSetTaskNumber
                0x00002c44                uxTaskGetStackHighWaterMark
                0x00002c9c                xTaskGetCurrentTaskHandle
                0x00002cbc                vTaskPriorityInherit
                0x00002d70                vTaskPriorityDisinherit
 .text          0x00002df8       0x64 /home/jenya/Tools/arm-2011.03/bin/../lib/gcc/arm-none-eabi/4.5.2/../../../../arm-none-eabi/lib/thumb2/libc.a(lib_a-memcmp.o)
                0x00002df8                memcmp
 .text          0x00002e5c      0x150 /home/jenya/Tools/arm-2011.03/bin/../lib/gcc/arm-none-eabi/4.5.2/../../../../arm-none-eabi/lib/thumb2/libc.a(lib_a-memcpy.o)
                0x00002e5c                memcpy
 .text          0x00002fac       0xb4 /home/jenya/Tools/arm-2011.03/bin/../lib/gcc/arm-none-eabi/4.5.2/../../../../arm-none-eabi/lib/thumb2/libc.a(lib_a-memset.o)
                0x00002fac                memset
 .text          0x00003060       0x48 /home/jenya/Tools/arm-2011.03/bin/../lib/gcc/arm-none-eabi/4.5.2/../../../../arm-none-eabi/lib/thumb2/libc.a(lib_a-strcat.o)
                0x00003060                strcat
 .text          0x000030a8       0xbc /home/jenya/Tools/arm-2011.03/bin/../lib/gcc/arm-none-eabi/4.5.2/../../../../arm-none-eabi/lib/thumb2/libc.a(lib_a-strcpy.o)
                0x000030a8                strcpy
 .text          0x00003164       0x60 /home/jenya/Tools/arm-2011.03/bin/../lib/gcc/arm-none-eabi/4.5.2/../../../../arm-none-eabi/lib/thumb2/libc.a(lib_a-strlen.o)
                0x00003164                strlen
 .text          0x000031c4       0x78 /home/jenya/Tools/arm-2011.03/bin/../lib/gcc/arm-none-eabi/4.5.2/../../../../arm-none-eabi/lib/thumb2/libc.a(lib_a-strncpy.o)
                0x000031c4                strncpy
 *(.rodata*)
 .rodata        0x0000323c        0x4 ./autoPilot/src/main.o
 .rodata        0x00003240        0x8 ./3rdParty/printf/printf-stdarg.o
 .rodata        0x00003248        0x2 ./3rdParty/FreeRTOS/portable/MemMang/heap_2.o
 *fill*         0x0000324a        0x2 00
 .rodata        0x0000324c        0x4 ./3rdParty/FreeRTOS/portable/GCC/ARM_CM3/port.o
                0x0000324c                ulKernelPriority
 .rodata        0x00003250       0x64 ./3rdParty/FreeRTOS/tasks.o

.glue_7         0x000032b4        0x0
 .glue_7        0x00000000        0x0 linker stubs

.glue_7t        0x000032b4        0x0
 .glue_7t       0x00000000        0x0 linker stubs

.vfp11_veneer   0x000032b4        0x0
 .vfp11_veneer  0x00000000        0x0 linker stubs

.v4_bx          0x000032b4        0x0
 .v4_bx         0x00000000        0x0 linker stubs

.ARM.extab
 *(.ARM.extab* .gnu.linkonce.armextab.*)
                0x000032b4                __exidx_start = .

.ARM.exidx
 *(.ARM.exidx* .gnu.linkonce.armexidx.*)
                0x000032b4                __exidx_end = .
                0x000032b4                _etext = .

.data           0x10000000        0xc load address 0x000032b4
                0x10000000                _data = .
 *(vtable)
 *(.data*)
 .data          0x10000000        0x0 ./autoPilot/src/hwConfig.o
 .data          0x10000000        0x0 ./autoPilot/src/main.o
 .data          0x10000000        0x0 ./autoPilot/src/taskLed.o
 .data          0x10000000        0x0 ./3rdParty/printf/printf-stdarg.o
 .data          0x10000000        0x0 ./3rdParty/LPX17xx/CM3/cr_startup_lpc17.o
 .data          0x10000000        0x4 ./3rdParty/FreeRTOS/portable/MemMang/heap_2.o
 .data          0x10000004        0x4 ./3rdParty/FreeRTOS/portable/GCC/ARM_CM3/port.o
 .data          0x10000008        0x0 ./3rdParty/FreeRTOS/list.o
 .data          0x10000008        0x0 ./3rdParty/FreeRTOS/queue.o
 .data          0x10000008        0x4 ./3rdParty/FreeRTOS/tasks.o
 .data          0x1000000c        0x0 /home/jenya/Tools/arm-2011.03/bin/../lib/gcc/arm-none-eabi/4.5.2/../../../../arm-none-eabi/lib/thumb2/libc.a(lib_a-memcmp.o)
 .data          0x1000000c        0x0 /home/jenya/Tools/arm-2011.03/bin/../lib/gcc/arm-none-eabi/4.5.2/../../../../arm-none-eabi/lib/thumb2/libc.a(lib_a-memcpy.o)
 .data          0x1000000c        0x0 /home/jenya/Tools/arm-2011.03/bin/../lib/gcc/arm-none-eabi/4.5.2/../../../../arm-none-eabi/lib/thumb2/libc.a(lib_a-memset.o)
 .data          0x1000000c        0x0 /home/jenya/Tools/arm-2011.03/bin/../lib/gcc/arm-none-eabi/4.5.2/../../../../arm-none-eabi/lib/thumb2/libc.a(lib_a-strcat.o)
 .data          0x1000000c        0x0 /home/jenya/Tools/arm-2011.03/bin/../lib/gcc/arm-none-eabi/4.5.2/../../../../arm-none-eabi/lib/thumb2/libc.a(lib_a-strcpy.o)
 .data          0x1000000c        0x0 /home/jenya/Tools/arm-2011.03/bin/../lib/gcc/arm-none-eabi/4.5.2/../../../../arm-none-eabi/lib/thumb2/libc.a(lib_a-strlen.o)
 .data          0x1000000c        0x0 /home/jenya/Tools/arm-2011.03/bin/../lib/gcc/arm-none-eabi/4.5.2/../../../../arm-none-eabi/lib/thumb2/libc.a(lib_a-strncpy.o)
                0x1000000c                _edata = .

.bss            0x10000010     0x4df0 load address 0x000032c4
                0x10000010                _bss = .
 *(.bss*)
 .bss           0x10000010        0x0 ./autoPilot/src/hwConfig.o
 .bss           0x10000010        0x4 ./autoPilot/src/main.o
 .bss           0x10000014        0x0 ./autoPilot/src/taskLed.o
 .bss           0x10000014        0x0 ./3rdParty/printf/printf-stdarg.o
 .bss           0x10000014        0x0 ./3rdParty/LPX17xx/CM3/cr_startup_lpc17.o
 *fill*         0x10000014        0x4 00
 .bss           0x10000018     0x4c18 ./3rdParty/FreeRTOS/portable/MemMang/heap_2.o
 .bss           0x10004c30        0x0 ./3rdParty/FreeRTOS/portable/GCC/ARM_CM3/port.o
 .bss           0x10004c30        0x0 ./3rdParty/FreeRTOS/list.o
 .bss           0x10004c30        0x0 ./3rdParty/FreeRTOS/queue.o
 .bss           0x10004c30      0x16c ./3rdParty/FreeRTOS/tasks.o
                0x10004c30                pxCurrentTCB
 .bss           0x10004d9c        0x0 /home/jenya/Tools/arm-2011.03/bin/../lib/gcc/arm-none-eabi/4.5.2/../../../../arm-none-eabi/lib/thumb2/libc.a(lib_a-memcmp.o)
 .bss           0x10004d9c        0x0 /home/jenya/Tools/arm-2011.03/bin/../lib/gcc/arm-none-eabi/4.5.2/../../../../arm-none-eabi/lib/thumb2/libc.a(lib_a-memcpy.o)
 .bss           0x10004d9c        0x0 /home/jenya/Tools/arm-2011.03/bin/../lib/gcc/arm-none-eabi/4.5.2/../../../../arm-none-eabi/lib/thumb2/libc.a(lib_a-memset.o)
 .bss           0x10004d9c        0x0 /home/jenya/Tools/arm-2011.03/bin/../lib/gcc/arm-none-eabi/4.5.2/../../../../arm-none-eabi/lib/thumb2/libc.a(lib_a-strcat.o)
 .bss           0x10004d9c        0x0 /home/jenya/Tools/arm-2011.03/bin/../lib/gcc/arm-none-eabi/4.5.2/../../../../arm-none-eabi/lib/thumb2/libc.a(lib_a-strcpy.o)
 .bss           0x10004d9c        0x0 /home/jenya/Tools/arm-2011.03/bin/../lib/gcc/arm-none-eabi/4.5.2/../../../../arm-none-eabi/lib/thumb2/libc.a(lib_a-strlen.o)
 .bss           0x10004d9c        0x0 /home/jenya/Tools/arm-2011.03/bin/../lib/gcc/arm-none-eabi/4.5.2/../../../../arm-none-eabi/lib/thumb2/libc.a(lib_a-strncpy.o)
 *(COMMON)
 COMMON         0x10004d9c       0x14 ./autoPilot/src/main.o
                0x10004d9c                taskHandles
 COMMON         0x10004db0       0x50 ./3rdParty/FreeRTOS/queue.o
                0x10004db0                xQueueRegistry
                0x10004e00                _ebss = .

.cr_heap        0x10004e00        0x0
                0x10004e00                end = .
                0x10004e00                _pvHeapStart = .
                0x10007ff0                _vStackTop = (_vRamTop - 0x10)

.ETHRAM

.USBRAM
OUTPUT(ee542.elf elf32-littlearm)

.debug_abbrev   0x00000000      0xb68
 .debug_abbrev  0x00000000       0xe1 ./autoPilot/src/hwConfig.o
 .debug_abbrev  0x000000e1      0x14b ./autoPilot/src/main.o
 .debug_abbrev  0x0000022c       0xe5 ./autoPilot/src/taskLed.o
 .debug_abbrev  0x00000311      0x140 ./3rdParty/printf/printf-stdarg.o
 .debug_abbrev  0x00000451       0xa7 ./3rdParty/LPX17xx/CM3/cr_startup_lpc17.o
 .debug_abbrev  0x000004f8      0x16f ./3rdParty/FreeRTOS/portable/MemMang/heap_2.o
 .debug_abbrev  0x00000667      0x13a ./3rdParty/FreeRTOS/portable/GCC/ARM_CM3/port.o
 .debug_abbrev  0x000007a1       0xb4 ./3rdParty/FreeRTOS/list.o
 .debug_abbrev  0x00000855      0x148 ./3rdParty/FreeRTOS/queue.o
 .debug_abbrev  0x0000099d      0x1cb ./3rdParty/FreeRTOS/tasks.o

.debug_info     0x00000000     0x3b20
 .debug_info    0x00000000      0x819 ./autoPilot/src/hwConfig.o
 .debug_info    0x00000819      0x562 ./autoPilot/src/main.o
 .debug_info    0x00000d7b      0x3f2 ./autoPilot/src/taskLed.o
 .debug_info    0x0000116d      0x3e7 ./3rdParty/printf/printf-stdarg.o
 .debug_info    0x00001554      0x18b ./3rdParty/LPX17xx/CM3/cr_startup_lpc17.o
 .debug_info    0x000016df      0x2d8 ./3rdParty/FreeRTOS/portable/MemMang/heap_2.o
 .debug_info    0x000019b7      0x218 ./3rdParty/FreeRTOS/portable/GCC/ARM_CM3/port.o
 .debug_info    0x00001bcf      0x2cf ./3rdParty/FreeRTOS/list.o
 .debug_info    0x00001e9e      0x9c3 ./3rdParty/FreeRTOS/queue.o
 .debug_info    0x00002861     0x12bf ./3rdParty/FreeRTOS/tasks.o

.debug_line     0x00000000     0x252c
 .debug_line    0x00000000      0x205 ./autoPilot/src/hwConfig.o
 .debug_line    0x00000205      0x478 ./autoPilot/src/main.o
 .debug_line    0x0000067d      0x2ec ./autoPilot/src/taskLed.o
 .debug_line    0x00000969      0x1dc ./3rdParty/printf/printf-stdarg.o
 .debug_line    0x00000b45       0x9c ./3rdParty/LPX17xx/CM3/cr_startup_lpc17.o
 .debug_line    0x00000be1      0x466 ./3rdParty/FreeRTOS/portable/MemMang/heap_2.o
 .debug_line    0x00001047      0x2c4 ./3rdParty/FreeRTOS/portable/GCC/ARM_CM3/port.o
 .debug_line    0x0000130b      0x415 ./3rdParty/FreeRTOS/list.o
 .debug_line    0x00001720      0x597 ./3rdParty/FreeRTOS/queue.o
 .debug_line    0x00001cb7      0x875 ./3rdParty/FreeRTOS/tasks.o

.debug_macinfo  0x00000000    0x58653
 .debug_macinfo
                0x00000000     0x6f66 ./autoPilot/src/hwConfig.o
 .debug_macinfo
                0x00006f66     0xc7d8 ./autoPilot/src/main.o
 .debug_macinfo
                0x0001373e     0x9ffb ./autoPilot/src/taskLed.o
 .debug_macinfo
                0x0001d739     0x2344 ./3rdParty/printf/printf-stdarg.o
 .debug_macinfo
                0x0001fa7d     0x2204 ./3rdParty/LPX17xx/CM3/cr_startup_lpc17.o
 .debug_macinfo
                0x00021c81     0xb121 ./3rdParty/FreeRTOS/portable/MemMang/heap_2.o
 .debug_macinfo
                0x0002cda2     0x92d2 ./3rdParty/FreeRTOS/portable/GCC/ARM_CM3/port.o
 .debug_macinfo
                0x00036074     0xaa73 ./3rdParty/FreeRTOS/list.o
 .debug_macinfo
                0x00040ae7     0xb23e ./3rdParty/FreeRTOS/queue.o
 .debug_macinfo
                0x0004bd25     0xc92e ./3rdParty/FreeRTOS/tasks.o

.debug_loc      0x00000000     0x1618
 .debug_loc     0x00000000       0x58 ./autoPilot/src/hwConfig.o
 .debug_loc     0x00000058       0xd4 ./autoPilot/src/main.o
 .debug_loc     0x0000012c       0x38 ./autoPilot/src/taskLed.o
 .debug_loc     0x00000164      0x1e7 ./3rdParty/printf/printf-stdarg.o
 .debug_loc     0x0000034b      0x16c ./3rdParty/LPX17xx/CM3/cr_startup_lpc17.o
 .debug_loc     0x000004b7       0xc8 ./3rdParty/FreeRTOS/portable/MemMang/heap_2.o
 .debug_loc     0x0000057f      0x178 ./3rdParty/FreeRTOS/portable/GCC/ARM_CM3/port.o
 .debug_loc     0x000006f7      0x118 ./3rdParty/FreeRTOS/list.o
 .debug_loc     0x0000080f      0x508 ./3rdParty/FreeRTOS/queue.o
 .debug_loc     0x00000d17      0x901 ./3rdParty/FreeRTOS/tasks.o

.debug_pubnames
                0x00000000      0x89d
 .debug_pubnames
                0x00000000       0x31 ./autoPilot/src/hwConfig.o
 .debug_pubnames
                0x00000031       0x89 ./autoPilot/src/main.o
 .debug_pubnames
                0x000000ba       0x1f ./autoPilot/src/taskLed.o
 .debug_pubnames
                0x000000d9       0x40 ./3rdParty/printf/printf-stdarg.o
 .debug_pubnames
                0x00000119       0xc3 ./3rdParty/LPX17xx/CM3/cr_startup_lpc17.o
 .debug_pubnames
                0x000001dc       0x64 ./3rdParty/FreeRTOS/portable/MemMang/heap_2.o
 .debug_pubnames
                0x00000240      0x10d ./3rdParty/FreeRTOS/portable/GCC/ARM_CM3/port.o
 .debug_pubnames
                0x0000034d       0x71 ./3rdParty/FreeRTOS/list.o
 .debug_pubnames
                0x000003be      0x1de ./3rdParty/FreeRTOS/queue.o
 .debug_pubnames
                0x0000059c      0x301 ./3rdParty/FreeRTOS/tasks.o

.debug_pubtypes
                0x00000000      0x493
 .debug_pubtypes
                0x00000000       0x77 ./autoPilot/src/hwConfig.o
 .debug_pubtypes
                0x00000077       0x56 ./autoPilot/src/main.o
 .debug_pubtypes
                0x000000cd       0x5e ./autoPilot/src/taskLed.o
 .debug_pubtypes
                0x0000012b       0x3f ./3rdParty/printf/printf-stdarg.o
 .debug_pubtypes
                0x0000016a       0x4c ./3rdParty/FreeRTOS/portable/MemMang/heap_2.o
 .debug_pubtypes
                0x000001b6       0x33 ./3rdParty/FreeRTOS/portable/GCC/ARM_CM3/port.o
 .debug_pubtypes
                0x000001e9       0x7a ./3rdParty/FreeRTOS/list.o
 .debug_pubtypes
                0x00000263      0x103 ./3rdParty/FreeRTOS/queue.o
 .debug_pubtypes
                0x00000366      0x12d ./3rdParty/FreeRTOS/tasks.o

.debug_aranges  0x00000000      0x140
 .debug_aranges
                0x00000000       0x20 ./autoPilot/src/hwConfig.o
 .debug_aranges
                0x00000020       0x20 ./autoPilot/src/main.o
 .debug_aranges
                0x00000040       0x20 ./autoPilot/src/taskLed.o
 .debug_aranges
                0x00000060       0x20 ./3rdParty/printf/printf-stdarg.o
 .debug_aranges
                0x00000080       0x20 ./3rdParty/LPX17xx/CM3/cr_startup_lpc17.o
 .debug_aranges
                0x000000a0       0x20 ./3rdParty/FreeRTOS/portable/MemMang/heap_2.o
 .debug_aranges
                0x000000c0       0x20 ./3rdParty/FreeRTOS/portable/GCC/ARM_CM3/port.o
 .debug_aranges
                0x000000e0       0x20 ./3rdParty/FreeRTOS/list.o
 .debug_aranges
                0x00000100       0x20 ./3rdParty/FreeRTOS/queue.o
 .debug_aranges
                0x00000120       0x20 ./3rdParty/FreeRTOS/tasks.o

.debug_str      0x00000000     0x174f
 .debug_str     0x00000000      0x45d ./autoPilot/src/hwConfig.o
                                0x491 (size before relaxing)
 .debug_str     0x0000045d       0xf6 ./autoPilot/src/main.o
                                0x311 (size before relaxing)
 .debug_str     0x00000553       0x4c ./autoPilot/src/taskLed.o
                                0x25e (size before relaxing)
 .debug_str     0x0000059f       0xaf ./3rdParty/printf/printf-stdarg.o
                                0x102 (size before relaxing)
 .debug_str     0x0000064e       0xdb ./3rdParty/LPX17xx/CM3/cr_startup_lpc17.o
                                0x12c (size before relaxing)
 .debug_str     0x00000729      0x178 ./3rdParty/FreeRTOS/portable/MemMang/heap_2.o
                                0x240 (size before relaxing)
 .debug_str     0x000008a1      0x151 ./3rdParty/FreeRTOS/portable/GCC/ARM_CM3/port.o
                                0x22e (size before relaxing)
 .debug_str     0x000009f2      0x12f ./3rdParty/FreeRTOS/list.o
                                0x215 (size before relaxing)
 .debug_str     0x00000b21      0x425 ./3rdParty/FreeRTOS/queue.o
                                0x5bf (size before relaxing)
 .debug_str     0x00000f46      0x809 ./3rdParty/FreeRTOS/tasks.o
                                0xa64 (size before relaxing)

.comment        0x00000000       0x2a
 .comment       0x00000000       0x2a ./autoPilot/src/hwConfig.o
                                 0x2b (size before relaxing)
 .comment       0x00000000       0x2b ./autoPilot/src/main.o
 .comment       0x00000000       0x2b ./autoPilot/src/taskLed.o
 .comment       0x00000000       0x2b ./3rdParty/printf/printf-stdarg.o
 .comment       0x00000000       0x2b ./3rdParty/LPX17xx/CM3/cr_startup_lpc17.o
 .comment       0x00000000       0x2b ./3rdParty/FreeRTOS/portable/MemMang/heap_2.o
 .comment       0x00000000       0x2b ./3rdParty/FreeRTOS/portable/GCC/ARM_CM3/port.o
 .comment       0x00000000       0x2b ./3rdParty/FreeRTOS/list.o
 .comment       0x00000000       0x2b ./3rdParty/FreeRTOS/queue.o
 .comment       0x00000000       0x2b ./3rdParty/FreeRTOS/tasks.o

.ARM.attributes
                0x00000000       0x31
 .ARM.attributes
                0x00000000       0x31 ./autoPilot/src/hwConfig.o
 .ARM.attributes
                0x00000031       0x31 ./autoPilot/src/main.o
 .ARM.attributes
                0x00000062       0x31 ./autoPilot/src/taskLed.o
 .ARM.attributes
                0x00000093       0x31 ./3rdParty/printf/printf-stdarg.o
 .ARM.attributes
                0x000000c4       0x31 ./3rdParty/LPX17xx/CM3/cr_startup_lpc17.o
 .ARM.attributes
                0x000000f5       0x31 ./3rdParty/FreeRTOS/portable/MemMang/heap_2.o
 .ARM.attributes
                0x00000126       0x31 ./3rdParty/FreeRTOS/portable/GCC/ARM_CM3/port.o
 .ARM.attributes
                0x00000157       0x31 ./3rdParty/FreeRTOS/list.o
 .ARM.attributes
                0x00000188       0x31 ./3rdParty/FreeRTOS/queue.o
 .ARM.attributes
                0x000001b9       0x31 ./3rdParty/FreeRTOS/tasks.o
 .ARM.attributes
                0x000001ea       0x29 /home/jenya/Tools/arm-2011.03/bin/../lib/gcc/arm-none-eabi/4.5.2/../../../../arm-none-eabi/lib/thumb2/libc.a(lib_a-memcmp.o)
 .ARM.attributes
                0x00000213       0x29 /home/jenya/Tools/arm-2011.03/bin/../lib/gcc/arm-none-eabi/4.5.2/../../../../arm-none-eabi/lib/thumb2/libc.a(lib_a-memcpy.o)
 .ARM.attributes
                0x0000023c       0x29 /home/jenya/Tools/arm-2011.03/bin/../lib/gcc/arm-none-eabi/4.5.2/../../../../arm-none-eabi/lib/thumb2/libc.a(lib_a-memset.o)
 .ARM.attributes
                0x00000265       0x29 /home/jenya/Tools/arm-2011.03/bin/../lib/gcc/arm-none-eabi/4.5.2/../../../../arm-none-eabi/lib/thumb2/libc.a(lib_a-strcat.o)
 .ARM.attributes
                0x0000028e       0x29 /home/jenya/Tools/arm-2011.03/bin/../lib/gcc/arm-none-eabi/4.5.2/../../../../arm-none-eabi/lib/thumb2/libc.a(lib_a-strcpy.o)
 .ARM.attributes
                0x000002b7       0x29 /home/jenya/Tools/arm-2011.03/bin/../lib/gcc/arm-none-eabi/4.5.2/../../../../arm-none-eabi/lib/thumb2/libc.a(lib_a-strlen.o)
 .ARM.attributes
                0x000002e0       0x29 /home/jenya/Tools/arm-2011.03/bin/../lib/gcc/arm-none-eabi/4.5.2/../../../../arm-none-eabi/lib/thumb2/libc.a(lib_a-strncpy.o)

.debug_frame    0x00000000      0xebc
 .debug_frame   0x00000000       0x48 ./autoPilot/src/hwConfig.o
 .debug_frame   0x00000048       0x84 ./autoPilot/src/main.o
 .debug_frame   0x000000cc       0x30 ./autoPilot/src/taskLed.o
 .debug_frame   0x000000fc      0x154 ./3rdParty/printf/printf-stdarg.o
 .debug_frame   0x00000250       0xf4 ./3rdParty/LPX17xx/CM3/cr_startup_lpc17.o
 .debug_frame   0x00000344       0x88 ./3rdParty/FreeRTOS/portable/MemMang/heap_2.o
 .debug_frame   0x000003cc      0x124 ./3rdParty/FreeRTOS/portable/GCC/ARM_CM3/port.o
 .debug_frame   0x000004f0       0x9c ./3rdParty/FreeRTOS/list.o
 .debug_frame   0x0000058c      0x2d8 ./3rdParty/FreeRTOS/queue.o
 .debug_frame   0x00000864      0x538 ./3rdParty/FreeRTOS/tasks.o
 .debug_frame   0x00000d9c       0x2c /home/jenya/Tools/arm-2011.03/bin/../lib/gcc/arm-none-eabi/4.5.2/../../../../arm-none-eabi/lib/thumb2/libc.a(lib_a-memcmp.o)
 .debug_frame   0x00000dc8       0x30 /home/jenya/Tools/arm-2011.03/bin/../lib/gcc/arm-none-eabi/4.5.2/../../../../arm-none-eabi/lib/thumb2/libc.a(lib_a-memcpy.o)
 .debug_frame   0x00000df8       0x2c /home/jenya/Tools/arm-2011.03/bin/../lib/gcc/arm-none-eabi/4.5.2/../../../../arm-none-eabi/lib/thumb2/libc.a(lib_a-memset.o)
 .debug_frame   0x00000e24       0x2c /home/jenya/Tools/arm-2011.03/bin/../lib/gcc/arm-none-eabi/4.5.2/../../../../arm-none-eabi/lib/thumb2/libc.a(lib_a-strcat.o)
 .debug_frame   0x00000e50       0x20 /home/jenya/Tools/arm-2011.03/bin/../lib/gcc/arm-none-eabi/4.5.2/../../../../arm-none-eabi/lib/thumb2/libc.a(lib_a-strcpy.o)
 .debug_frame   0x00000e70       0x20 /home/jenya/Tools/arm-2011.03/bin/../lib/gcc/arm-none-eabi/4.5.2/../../../../arm-none-eabi/lib/thumb2/libc.a(lib_a-strlen.o)
 .debug_frame   0x00000e90       0x2c /home/jenya/Tools/arm-2011.03/bin/../lib/gcc/arm-none-eabi/4.5.2/../../../../arm-none-eabi/lib/thumb2/libc.a(lib_a-strncpy.o)
