Archive member included because of file (symbol)

/home/jenya/Tools/arm-2011.03/bin/../lib/gcc/arm-none-eabi/4.5.2/../../../../arm-none-eabi/lib/thumb2/libc.a(lib_a-memcmp.o)
                              ./src/FreeRTOS/tasks.o (memcmp)
/home/jenya/Tools/arm-2011.03/bin/../lib/gcc/arm-none-eabi/4.5.2/../../../../arm-none-eabi/lib/thumb2/libc.a(lib_a-memcpy.o)
                              ./src/LPCUSB/USB_CDC.o (memcpy)
/home/jenya/Tools/arm-2011.03/bin/../lib/gcc/arm-none-eabi/4.5.2/../../../../arm-none-eabi/lib/thumb2/libc.a(lib_a-memset.o)
                              ./src/FreeRTOS/tasks.o (memset)
/home/jenya/Tools/arm-2011.03/bin/../lib/gcc/arm-none-eabi/4.5.2/../../../../arm-none-eabi/lib/thumb2/libc.a(lib_a-strcat.o)
                              ./src/FreeRTOS/tasks.o (strcat)
/home/jenya/Tools/arm-2011.03/bin/../lib/gcc/arm-none-eabi/4.5.2/../../../../arm-none-eabi/lib/thumb2/libc.a(lib_a-strcpy.o)
                              /home/jenya/Tools/arm-2011.03/bin/../lib/gcc/arm-none-eabi/4.5.2/../../../../arm-none-eabi/lib/thumb2/libc.a(lib_a-strcat.o) (strcpy)
/home/jenya/Tools/arm-2011.03/bin/../lib/gcc/arm-none-eabi/4.5.2/../../../../arm-none-eabi/lib/thumb2/libc.a(lib_a-strlen.o)
                              ./src/FreeRTOS/tasks.o (strlen)
/home/jenya/Tools/arm-2011.03/bin/../lib/gcc/arm-none-eabi/4.5.2/../../../../arm-none-eabi/lib/thumb2/libc.a(lib_a-strncpy.o)
                              ./src/FreeRTOS/tasks.o (strncpy)

Allocating common symbols
Common symbol       size              file

xHighPriorityTask   0x4               ./src/Common Demo Tasks/QPeek.o
xMediumPriorityTask
                    0x4               ./src/Common Demo Tasks/QPeek.o
xQueueRegistry      0x50              ./src/FreeRTOS/queue.o
xHighestPriorityTask
                    0x4               ./src/Common Demo Tasks/QPeek.o

Memory Configuration

Name             Origin             Length             Attributes
FLASH            0x00000000         0x00080000         xr
SRAM             0x10000000         0x00008000         xrw
AHBRAM0          0x2007c000         0x00004000
AHBRAM1          0x20080000         0x00004000
*default*        0x00000000         0xffffffff

Linker script and memory map

LOAD ./src/LPCUSB/USB_CDC.o
LOAD ./src/LPCUSB/usbcontrol.o
LOAD ./src/LPCUSB/usbhw_lpc.o
LOAD ./src/LPCUSB/usbinit.o
LOAD ./src/LPCUSB/usbstdreq.o
LOAD ./src/FreeRTOS/portable/MemMang/heap_2.o
LOAD ./src/FreeRTOS/portable/GCC/ARM_CM3/port.o
LOAD ./src/FreeRTOS/list.o
LOAD ./src/FreeRTOS/queue.o
LOAD ./src/FreeRTOS/tasks.o
LOAD ./src/Common Demo Tasks/BlockQ.o
LOAD ./src/Common Demo Tasks/GenQTest.o
LOAD ./src/Common Demo Tasks/PollQ.o
LOAD ./src/Common Demo Tasks/QPeek.o
LOAD ./src/Common Demo Tasks/blocktim.o
LOAD ./src/Common Demo Tasks/flash.o
LOAD ./src/Common Demo Tasks/integer.o
LOAD ./src/Common Demo Tasks/recmutex.o
LOAD ./src/Common Demo Tasks/semtest.o
LOAD ./src/ParTest.o
LOAD ./src/cr_startup_lpc17.o
LOAD ./src/main.o
LOAD ./src/printf-stdarg.o
LOAD ./src/testTask.o
START GROUP
LOAD /home/jenya/Tools/arm-2011.03/bin/../lib/gcc/arm-none-eabi/4.5.2/thumb2/libgcc.a
LOAD /home/jenya/Tools/arm-2011.03/bin/../lib/gcc/arm-none-eabi/4.5.2/../../../../arm-none-eabi/lib/thumb2/libc.a
END GROUP
START GROUP
LOAD /home/jenya/Tools/arm-2011.03/bin/../lib/gcc/arm-none-eabi/4.5.2/thumb2/libgcc.a
LOAD /home/jenya/Tools/arm-2011.03/bin/../lib/gcc/arm-none-eabi/4.5.2/../../../../arm-none-eabi/lib/thumb2/libc.a
END GROUP
                0x10008000                _vRamTop = 0x10008000

.text           0x00000000     0x689c
 *(.isr_vector)
 .isr_vector    0x00000000       0xc8 ./src/cr_startup_lpc17.o
                0x00000000                g_pfnVectors
 *(.text*)
 .text          0x000000c8      0x3b4 ./src/LPCUSB/USB_CDC.o
                0x000002c0                VCOM_putchar
                0x00000304                VCOM_getchar
                0x00000334                USB_IRQHandler
                0x00000370                CPUcpsie
                0x00000390                vUSBTask
 .text          0x0000047c      0x290 ./src/LPCUSB/usbcontrol.o
                0x00000558                USBHandleControlTransfer
                0x000006d8                USBRegisterRequestHandler
 .text          0x0000070c      0x768 ./src/LPCUSB/usbhw_lpc.o
                0x00000874                USBHwEPConfig
                0x000008b8                USBHwRegisterEPIntHandler
                0x00000930                USBHwRegisterDevIntHandler
                0x00000960                USBHwRegisterFrameHandler
                0x00000990                USBHwSetAddress
                0x000009b4                USBHwConnect
                0x000009dc                USBHwNakIntEnable
                0x000009fc                USBHwEPGetStatus
                0x00000a34                USBHwEPStall
                0x00000a80                USBHwEPWrite
                0x00000b34                USBHwEPRead
                0x00000c1c                USBHwConfigDevice
                0x00000c44                USBHwISR
                0x00000d9c                USBHwInit
 .text          0x00000e74       0x74 ./src/LPCUSB/usbinit.o
                0x00000e88                USBInit
 .text          0x00000ee8      0x4c0 ./src/LPCUSB/usbstdreq.o
                0x00000ee8                USBRegisterDescriptors
                0x00000f04                USBGetDescriptor
                0x00001310                USBHandleStandardRequest
                0x0000138c                USBRegisterCustomReqHandler
 .text          0x000013a8      0x1f8 ./src/FreeRTOS/portable/MemMang/heap_2.o
                0x000013a8                pvPortMalloc
                0x00001504                vPortFree
                0x00001580                xPortGetFreeHeapSize
                0x00001594                vPortInitialiseBlocks
 .text          0x000015a0      0x1d8 ./src/FreeRTOS/portable/GCC/ARM_CM3/port.o
                0x000015a0                pxPortInitialiseStack
                0x00001600                vPortSVCHandler
                0x00001620                vPortStartFirstTask
                0x00001630                xPortStartScheduler
                0x0000166c                vPortEndScheduler
                0x00001678                vPortYieldFromISR
                0x00001690                vPortEnterCritical
                0x000016b4                vPortExitCritical
                0x000016e0                xPortPendSVHandler
                0x0000171c                xPortSysTickHandler
 .text          0x00001778      0x17c ./src/FreeRTOS/list.o
                0x00001778                vListInitialise
                0x000017c0                vListInitialiseItem
                0x000017dc                vListInsertEnd
                0x0000182c                vListInsert
                0x000018a0                vListRemove
 .text          0x000018f4      0x9bc ./src/FreeRTOS/queue.o
                0x000018f4                xQueueGenericCreate
                0x000019d0                xQueueCreateMutex
                0x00001a74                xQueueGiveMutexRecursive
                0x00001acc                xQueueTakeMutexRecursive
                0x00001b28                xQueueGenericSend
                0x00001c48                xQueueGenericSendFromISR
                0x00001cd8                xQueueGenericReceive
                0x00001e60                xQueueReceiveFromISR
                0x00001ef4                uxQueueMessagesWaiting
                0x00001f18                uxQueueMessagesWaitingFromISR
                0x00001f34                vQueueDelete
                0x00001f5c                ucQueueGetQueueNumber
                0x00001f78                vQueueSetQueueNumber
                0x00001f98                ucQueueGetQueueType
                0x00002194                xQueueIsQueueEmptyFromISR
                0x000021e8                xQueueIsQueueFullFromISR
                0x00002210                vQueueAddToRegistry
 .text          0x000022b0     0x15a0 ./src/FreeRTOS/tasks.o
                0x000022b0                xTaskGenericCreate
                0x00002418                vTaskDelete
                0x000024bc                vTaskDelayUntil
                0x0000255c                vTaskDelay
                0x000025b4                uxTaskPriorityGet
                0x000025ec                vTaskPrioritySet
                0x00002700                vTaskSuspend
                0x000027a4                xTaskIsTaskSuspended
                0x000027f0                vTaskResume
                0x0000288c                xTaskResumeFromISR
                0x00002950                vTaskStartScheduler
                0x000029c0                vTaskEndScheduler
                0x000029e0                vTaskSuspendAll
                0x000029fc                xTaskResumeAll
                0x00002b10                xTaskGetTickCount
                0x00002b34                xTaskGetTickCountFromISR
                0x00002b68                uxTaskGetNumberOfTasks
                0x00002b7c                vTaskList
                0x00002c80                vTaskGetRunTimeStats
                0x00002d94                vTaskIncrementTick
                0x00002ed4                vTaskSwitchContext
                0x00002ff8                vTaskPlaceOnEventList
                0x00003060                xTaskRemoveFromEventList
                0x00003114                vTaskSetTimeOutState
                0x00003140                xTaskCheckForTimeOut
                0x000031d4                vTaskMissedYield
                0x000031ec                uxTaskGetTaskNumber
                0x0000321c                vTaskSetTaskNumber
                0x0000369c                uxTaskGetStackHighWaterMark
                0x000036f4                xTaskGetCurrentTaskHandle
                0x00003714                vTaskPriorityInherit
                0x000037c8                vTaskPriorityDisinherit
 .text          0x00003850      0x3ac ./src/Common Demo Tasks/BlockQ.o
                0x00003850                vStartBlockingQueueTasks
                0x00003b58                xAreBlockingQueuesStillRunning
 .text          0x00003bfc      0x6c4 ./src/Common Demo Tasks/GenQTest.o
                0x00003bfc                vStartGenericQueueTasks
                0x0000425c                xAreGenericQueueTasksStillRunning
 .text          0x000042c0      0x1f4 ./src/Common Demo Tasks/PollQ.o
                0x000042c0                vStartPolledQueueTasks
                0x00004468                xArePollingQueuesStillRunning
 .text          0x000044b4      0x4ac ./src/Common Demo Tasks/QPeek.o
                0x000044b4                vStartQueuePeekTasks
                0x00004920                xAreQueuePeekTasksStillRunning
 .text          0x00004960      0x594 ./src/Common Demo Tasks/blocktim.o
                0x00004960                vCreateBlockTimeTasks
                0x00004e84                xAreBlockTimeTestTasksStillRunning
 .text          0x00004ef4       0xc4 ./src/Common Demo Tasks/flash.o
                0x00004ef4                vStartLEDFlashTasks
 .text          0x00004fb8      0x138 ./src/Common Demo Tasks/integer.o
                0x00004fb8                vStartIntegerMathTasks
                0x00005098                xAreIntegerMathsTaskStillRunning
 .text          0x000050f0      0x3a4 ./src/Common Demo Tasks/recmutex.o
                0x000050f0                vStartRecursiveMutexTasks
                0x000053f4                xAreRecursiveMutexTasksStillRunning
 .text          0x00005494      0x358 ./src/Common Demo Tasks/semtest.o
                0x00005494                vStartSemaphoreTasks
                0x00005780                xAreSemaphoreTasksStillRunning
 .text          0x000057ec       0xec ./src/ParTest.o
                0x000057ec                vParTestInitialise
                0x0000580c                vParTestSetLED
                0x00005850                vParTestToggleLED
                0x000058a0                uxParTextGetLED
 .text          0x000058d8       0x94 ./src/cr_startup_lpc17.o
                0x000058d8                ResetISR
                0x0000592c                NMI_Handler
                0x00005934                HardFault_Handler
                0x0000593c                MemManage_Handler
                0x00005944                BusFault_Handler
                0x0000594c                UsageFault_Handler
                0x00005954                DebugMon_Handler
                0x0000595c                TIMER2_IRQHandler
                0x0000595c                RIT_IRQHandler
                0x0000595c                I2C0_IRQHandler
                0x0000595c                USBActivity_IRQHandler
                0x0000595c                PWM1_IRQHandler
                0x0000595c                I2C1_IRQHandler
                0x0000595c                EINT2_IRQHandler
                0x0000595c                UART1_IRQHandler
                0x0000595c                EINT3_IRQHandler
                0x0000595c                CANActivity_IRQHandler
                0x0000595c                TIMER3_IRQHandler
                0x0000595c                UART0_IRQHandler
                0x0000595c                IntDefaultHandler
                0x0000595c                PLL0_IRQHandler
                0x0000595c                CAN_IRQHandler
                0x0000595c                PLL1_IRQHandler
                0x0000595c                SSP0_IRQHandler
                0x0000595c                I2S_IRQHandler
                0x0000595c                I2C2_IRQHandler
                0x0000595c                RTC_IRQHandler
                0x0000595c                TIMER0_IRQHandler
                0x0000595c                SPI_IRQHandler
                0x0000595c                EINT1_IRQHandler
                0x0000595c                TIMER1_IRQHandler
                0x0000595c                UART2_IRQHandler
                0x0000595c                ADC_IRQHandler
                0x0000595c                SSP1_IRQHandler
                0x0000595c                BOD_IRQHandler
                0x0000595c                WDT_IRQHandler
                0x0000595c                QEI_IRQHandler
                0x0000595c                EINT0_IRQHandler
                0x0000595c                DMA_IRQHandler
                0x0000595c                UART3_IRQHandler
                0x0000595c                MCPWM_IRQHandler
                0x0000595c                ENET_IRQHandler
 .text          0x0000596c      0x350 ./src/main.o
                0x0000596c                main
                0x00005a04                vApplicationTickHook
                0x00005a10                pcGetTaskStatusMessage
                0x00005c24                vLedConfig
                0x00005c44                vApplicationStackOverflowHook
                0x00005c50                vConfigureTimerForRunTimeStats
 .text          0x00005cbc      0x4b8 ./src/printf-stdarg.o
                0x000060c8                printf
                0x000060f4                sprintf
                0x00006124                snprintf
                0x00006158                write
 .text          0x00006174       0x44 ./src/testTask.o
                0x00006174                vTestTask
 .text          0x000061b8       0x64 /home/jenya/Tools/arm-2011.03/bin/../lib/gcc/arm-none-eabi/4.5.2/../../../../arm-none-eabi/lib/thumb2/libc.a(lib_a-memcmp.o)
                0x000061b8                memcmp
 .text          0x0000621c      0x150 /home/jenya/Tools/arm-2011.03/bin/../lib/gcc/arm-none-eabi/4.5.2/../../../../arm-none-eabi/lib/thumb2/libc.a(lib_a-memcpy.o)
                0x0000621c                memcpy
 .text          0x0000636c       0xb4 /home/jenya/Tools/arm-2011.03/bin/../lib/gcc/arm-none-eabi/4.5.2/../../../../arm-none-eabi/lib/thumb2/libc.a(lib_a-memset.o)
                0x0000636c                memset
 .text          0x00006420       0x48 /home/jenya/Tools/arm-2011.03/bin/../lib/gcc/arm-none-eabi/4.5.2/../../../../arm-none-eabi/lib/thumb2/libc.a(lib_a-strcat.o)
                0x00006420                strcat
 .text          0x00006468       0xbc /home/jenya/Tools/arm-2011.03/bin/../lib/gcc/arm-none-eabi/4.5.2/../../../../arm-none-eabi/lib/thumb2/libc.a(lib_a-strcpy.o)
                0x00006468                strcpy
 .text          0x00006524       0x60 /home/jenya/Tools/arm-2011.03/bin/../lib/gcc/arm-none-eabi/4.5.2/../../../../arm-none-eabi/lib/thumb2/libc.a(lib_a-strlen.o)
                0x00006524                strlen
 .text          0x00006584       0x78 /home/jenya/Tools/arm-2011.03/bin/../lib/gcc/arm-none-eabi/4.5.2/../../../../arm-none-eabi/lib/thumb2/libc.a(lib_a-strncpy.o)
                0x00006584                strncpy
 *(.rodata*)
 .rodata        0x000065fc       0x90 ./src/LPCUSB/USB_CDC.o
 .rodata        0x0000668c        0x2 ./src/FreeRTOS/portable/MemMang/heap_2.o
 *fill*         0x0000668e        0x2 00
 .rodata        0x00006690        0x4 ./src/FreeRTOS/portable/GCC/ARM_CM3/port.o
                0x00006690                ulKernelPriority
 .rodata        0x00006694       0x64 ./src/FreeRTOS/tasks.o
 .rodata        0x000066f8       0x30 ./src/Common Demo Tasks/BlockQ.o
 .rodata        0x00006728       0x40 ./src/Common Demo Tasks/GenQTest.o
 .rodata        0x00006768       0x20 ./src/Common Demo Tasks/PollQ.o
 .rodata        0x00006788       0x34 ./src/Common Demo Tasks/QPeek.o
 .rodata        0x000067bc       0x24 ./src/Common Demo Tasks/blocktim.o
 .rodata        0x000067e0        0x8 ./src/Common Demo Tasks/flash.o
 .rodata        0x000067e8        0x8 ./src/Common Demo Tasks/integer.o
 .rodata        0x000067f0       0x28 ./src/Common Demo Tasks/recmutex.o
 .rodata        0x00006818       0x40 ./src/Common Demo Tasks/semtest.o
 .rodata        0x00006858       0x3c ./src/main.o
 .rodata        0x00006894        0x8 ./src/printf-stdarg.o

.glue_7         0x0000689c        0x0
 .glue_7        0x00000000        0x0 linker stubs

.glue_7t        0x0000689c        0x0
 .glue_7t       0x00000000        0x0 linker stubs

.vfp11_veneer   0x0000689c        0x0
 .vfp11_veneer  0x00000000        0x0 linker stubs

.v4_bx          0x0000689c        0x0
 .v4_bx         0x00000000        0x0 linker stubs

.ARM.extab
 *(.ARM.extab* .gnu.linkonce.armextab.*)
                0x0000689c                __exidx_start = .

.ARM.exidx
 *(.ARM.exidx* .gnu.linkonce.armexidx.*)
                0x0000689c                __exidx_end = .
                0x0000689c                _etext = .

.data           0x10000000       0x28 load address 0x0000689c
                0x10000000                _data = .
 *(vtable)
 *(.data*)
 .data          0x10000000        0x8 ./src/LPCUSB/USB_CDC.o
 .data          0x10000008        0x0 ./src/LPCUSB/usbcontrol.o
 .data          0x10000008        0x0 ./src/LPCUSB/usbhw_lpc.o
 .data          0x10000008        0x0 ./src/LPCUSB/usbinit.o
 .data          0x10000008        0x0 ./src/LPCUSB/usbstdreq.o
 .data          0x10000008        0x4 ./src/FreeRTOS/portable/MemMang/heap_2.o
 .data          0x1000000c        0x4 ./src/FreeRTOS/portable/GCC/ARM_CM3/port.o
 .data          0x10000010        0x0 ./src/FreeRTOS/list.o
 .data          0x10000010        0x0 ./src/FreeRTOS/queue.o
 .data          0x10000010        0x4 ./src/FreeRTOS/tasks.o
 .data          0x10000014        0x0 ./src/Common Demo Tasks/BlockQ.o
 .data          0x10000014        0x0 ./src/Common Demo Tasks/GenQTest.o
 .data          0x10000014        0x0 ./src/Common Demo Tasks/PollQ.o
 .data          0x10000014        0x0 ./src/Common Demo Tasks/QPeek.o
 .data          0x10000014        0x0 ./src/Common Demo Tasks/blocktim.o
 .data          0x10000014        0x0 ./src/Common Demo Tasks/flash.o
 .data          0x10000014        0x0 ./src/Common Demo Tasks/integer.o
 .data          0x10000014        0x0 ./src/Common Demo Tasks/recmutex.o
 .data          0x10000014        0x0 ./src/Common Demo Tasks/semtest.o
 .data          0x10000014       0x10 ./src/ParTest.o
 .data          0x10000024        0x0 ./src/cr_startup_lpc17.o
 .data          0x10000024        0x4 ./src/main.o
 .data          0x10000028        0x0 ./src/printf-stdarg.o
 .data          0x10000028        0x0 ./src/testTask.o
 .data          0x10000028        0x0 /home/jenya/Tools/arm-2011.03/bin/../lib/gcc/arm-none-eabi/4.5.2/../../../../arm-none-eabi/lib/thumb2/libc.a(lib_a-memcmp.o)
 .data          0x10000028        0x0 /home/jenya/Tools/arm-2011.03/bin/../lib/gcc/arm-none-eabi/4.5.2/../../../../arm-none-eabi/lib/thumb2/libc.a(lib_a-memcpy.o)
 .data          0x10000028        0x0 /home/jenya/Tools/arm-2011.03/bin/../lib/gcc/arm-none-eabi/4.5.2/../../../../arm-none-eabi/lib/thumb2/libc.a(lib_a-memset.o)
 .data          0x10000028        0x0 /home/jenya/Tools/arm-2011.03/bin/../lib/gcc/arm-none-eabi/4.5.2/../../../../arm-none-eabi/lib/thumb2/libc.a(lib_a-strcat.o)
 .data          0x10000028        0x0 /home/jenya/Tools/arm-2011.03/bin/../lib/gcc/arm-none-eabi/4.5.2/../../../../arm-none-eabi/lib/thumb2/libc.a(lib_a-strcpy.o)
 .data          0x10000028        0x0 /home/jenya/Tools/arm-2011.03/bin/../lib/gcc/arm-none-eabi/4.5.2/../../../../arm-none-eabi/lib/thumb2/libc.a(lib_a-strlen.o)
 .data          0x10000028        0x0 /home/jenya/Tools/arm-2011.03/bin/../lib/gcc/arm-none-eabi/4.5.2/../../../../arm-none-eabi/lib/thumb2/libc.a(lib_a-strncpy.o)
                0x10000028                _edata = .

.bss            0x10000028     0x4f88 load address 0x000068c4
                0x10000028                _bss = .
 *(.bss*)
 .bss           0x10000028       0x50 ./src/LPCUSB/USB_CDC.o
 .bss           0x10000078       0x34 ./src/LPCUSB/usbcontrol.o
 .bss           0x100000ac       0x48 ./src/LPCUSB/usbhw_lpc.o
 .bss           0x100000f4        0x8 ./src/LPCUSB/usbinit.o
 .bss           0x100000fc        0xc ./src/LPCUSB/usbstdreq.o
 .bss           0x10000108     0x4c18 ./src/FreeRTOS/portable/MemMang/heap_2.o
 .bss           0x10004d20        0x0 ./src/FreeRTOS/portable/GCC/ARM_CM3/port.o
 .bss           0x10004d20        0x0 ./src/FreeRTOS/list.o
 .bss           0x10004d20        0x0 ./src/FreeRTOS/queue.o
 .bss           0x10004d20      0x16c ./src/FreeRTOS/tasks.o
                0x10004d20                pxCurrentTCB
 .bss           0x10004e8c       0x20 ./src/Common Demo Tasks/BlockQ.o
 .bss           0x10004eac       0x20 ./src/Common Demo Tasks/GenQTest.o
 .bss           0x10004ecc        0xc ./src/Common Demo Tasks/PollQ.o
 .bss           0x10004ed8        0xc ./src/Common Demo Tasks/QPeek.o
 .bss           0x10004ee4       0x20 ./src/Common Demo Tasks/blocktim.o
 .bss           0x10004f04        0x4 ./src/Common Demo Tasks/flash.o
 .bss           0x10004f08        0x4 ./src/Common Demo Tasks/integer.o
 .bss           0x10004f0c       0x30 ./src/Common Demo Tasks/recmutex.o
 .bss           0x10004f3c       0x14 ./src/Common Demo Tasks/semtest.o
 .bss           0x10004f50        0x0 ./src/ParTest.o
 .bss           0x10004f50        0x0 ./src/cr_startup_lpc17.o
 .bss           0x10004f50        0x4 ./src/main.o
 .bss           0x10004f54        0x0 ./src/printf-stdarg.o
 .bss           0x10004f54        0x0 ./src/testTask.o
 .bss           0x10004f54        0x0 /home/jenya/Tools/arm-2011.03/bin/../lib/gcc/arm-none-eabi/4.5.2/../../../../arm-none-eabi/lib/thumb2/libc.a(lib_a-memcmp.o)
 .bss           0x10004f54        0x0 /home/jenya/Tools/arm-2011.03/bin/../lib/gcc/arm-none-eabi/4.5.2/../../../../arm-none-eabi/lib/thumb2/libc.a(lib_a-memcpy.o)
 .bss           0x10004f54        0x0 /home/jenya/Tools/arm-2011.03/bin/../lib/gcc/arm-none-eabi/4.5.2/../../../../arm-none-eabi/lib/thumb2/libc.a(lib_a-memset.o)
 .bss           0x10004f54        0x0 /home/jenya/Tools/arm-2011.03/bin/../lib/gcc/arm-none-eabi/4.5.2/../../../../arm-none-eabi/lib/thumb2/libc.a(lib_a-strcat.o)
 .bss           0x10004f54        0x0 /home/jenya/Tools/arm-2011.03/bin/../lib/gcc/arm-none-eabi/4.5.2/../../../../arm-none-eabi/lib/thumb2/libc.a(lib_a-strcpy.o)
 .bss           0x10004f54        0x0 /home/jenya/Tools/arm-2011.03/bin/../lib/gcc/arm-none-eabi/4.5.2/../../../../arm-none-eabi/lib/thumb2/libc.a(lib_a-strlen.o)
 .bss           0x10004f54        0x0 /home/jenya/Tools/arm-2011.03/bin/../lib/gcc/arm-none-eabi/4.5.2/../../../../arm-none-eabi/lib/thumb2/libc.a(lib_a-strncpy.o)
 *(COMMON)
 COMMON         0x10004f54       0x50 ./src/FreeRTOS/queue.o
                0x10004f54                xQueueRegistry
 COMMON         0x10004fa4        0xc ./src/Common Demo Tasks/QPeek.o
                0x10004fa4                xHighPriorityTask
                0x10004fa8                xMediumPriorityTask
                0x10004fac                xHighestPriorityTask
                0x10004fb0                _ebss = .

.cr_heap        0x10004fb0        0x0
                0x10004fb0                end = .
                0x10004fb0                _pvHeapStart = .
                0x10007ff0                _vStackTop = (_vRamTop - 0x10)

.ETHRAM

.USBRAM
OUTPUT(test.elf elf32-littlearm)

.debug_abbrev   0x00000000     0x1b23
 .debug_abbrev  0x00000000      0x1f0 ./src/LPCUSB/USB_CDC.o
 .debug_abbrev  0x000001f0      0x101 ./src/LPCUSB/usbcontrol.o
 .debug_abbrev  0x000002f1      0x212 ./src/LPCUSB/usbhw_lpc.o
 .debug_abbrev  0x00000503       0x95 ./src/LPCUSB/usbinit.o
 .debug_abbrev  0x00000598      0x150 ./src/LPCUSB/usbstdreq.o
 .debug_abbrev  0x000006e8      0x16f ./src/FreeRTOS/portable/MemMang/heap_2.o
 .debug_abbrev  0x00000857      0x13a ./src/FreeRTOS/portable/GCC/ARM_CM3/port.o
 .debug_abbrev  0x00000991       0xb4 ./src/FreeRTOS/list.o
 .debug_abbrev  0x00000a45      0x148 ./src/FreeRTOS/queue.o
 .debug_abbrev  0x00000b8d      0x1cb ./src/FreeRTOS/tasks.o
 .debug_abbrev  0x00000d58      0x10a ./src/Common Demo Tasks/BlockQ.o
 .debug_abbrev  0x00000e62       0xee ./src/Common Demo Tasks/GenQTest.o
 .debug_abbrev  0x00000f50       0xbb ./src/Common Demo Tasks/PollQ.o
 .debug_abbrev  0x0000100b      0x110 ./src/Common Demo Tasks/QPeek.o
 .debug_abbrev  0x0000111b       0xec ./src/Common Demo Tasks/blocktim.o
 .debug_abbrev  0x00001207       0xa2 ./src/Common Demo Tasks/flash.o
 .debug_abbrev  0x000012a9       0xd6 ./src/Common Demo Tasks/integer.o
 .debug_abbrev  0x0000137f       0xfb ./src/Common Demo Tasks/recmutex.o
 .debug_abbrev  0x0000147a      0x10a ./src/Common Demo Tasks/semtest.o
 .debug_abbrev  0x00001584      0x10c ./src/ParTest.o
 .debug_abbrev  0x00001690       0xa7 ./src/cr_startup_lpc17.o
 .debug_abbrev  0x00001737      0x1c7 ./src/main.o
 .debug_abbrev  0x000018fe      0x140 ./src/printf-stdarg.o
 .debug_abbrev  0x00001a3e       0xe5 ./src/testTask.o

.debug_info     0x00000000     0x714d
 .debug_info    0x00000000      0x89d ./src/LPCUSB/USB_CDC.o
 .debug_info    0x0000089d      0x305 ./src/LPCUSB/usbcontrol.o
 .debug_info    0x00000ba2      0xfdf ./src/LPCUSB/usbhw_lpc.o
 .debug_info    0x00001b81       0xe3 ./src/LPCUSB/usbinit.o
 .debug_info    0x00001c64      0x411 ./src/LPCUSB/usbstdreq.o
 .debug_info    0x00002075      0x2d8 ./src/FreeRTOS/portable/MemMang/heap_2.o
 .debug_info    0x0000234d      0x218 ./src/FreeRTOS/portable/GCC/ARM_CM3/port.o
 .debug_info    0x00002565      0x2cf ./src/FreeRTOS/list.o
 .debug_info    0x00002834      0x9c3 ./src/FreeRTOS/queue.o
 .debug_info    0x000031f7     0x12bf ./src/FreeRTOS/tasks.o
 .debug_info    0x000044b6      0x30e ./src/Common Demo Tasks/BlockQ.o
 .debug_info    0x000047c4      0x2a2 ./src/Common Demo Tasks/GenQTest.o
 .debug_info    0x00004a66      0x1e9 ./src/Common Demo Tasks/PollQ.o
 .debug_info    0x00004c4f      0x2b1 ./src/Common Demo Tasks/QPeek.o
 .debug_info    0x00004f00      0x24e ./src/Common Demo Tasks/blocktim.o
 .debug_info    0x0000514e      0x14d ./src/Common Demo Tasks/flash.o
 .debug_info    0x0000529b      0x197 ./src/Common Demo Tasks/integer.o
 .debug_info    0x00005432      0x25f ./src/Common Demo Tasks/recmutex.o
 .debug_info    0x00005691      0x276 ./src/Common Demo Tasks/semtest.o
 .debug_info    0x00005907      0x46f ./src/ParTest.o
 .debug_info    0x00005d76      0x18b ./src/cr_startup_lpc17.o
 .debug_info    0x00005f01      0xa73 ./src/main.o
 .debug_info    0x00006974      0x3e7 ./src/printf-stdarg.o
 .debug_info    0x00006d5b      0x3f2 ./src/testTask.o

.debug_line     0x00000000     0x5d63
 .debug_line    0x00000000      0x4b5 ./src/LPCUSB/USB_CDC.o
 .debug_line    0x000004b5      0x313 ./src/LPCUSB/usbcontrol.o
 .debug_line    0x000007c8      0x43b ./src/LPCUSB/usbhw_lpc.o
 .debug_line    0x00000c03      0x2c7 ./src/LPCUSB/usbinit.o
 .debug_line    0x00000eca      0x365 ./src/LPCUSB/usbstdreq.o
 .debug_line    0x0000122f      0x443 ./src/FreeRTOS/portable/MemMang/heap_2.o
 .debug_line    0x00001672      0x2a1 ./src/FreeRTOS/portable/GCC/ARM_CM3/port.o
 .debug_line    0x00001913      0x3f2 ./src/FreeRTOS/list.o
 .debug_line    0x00001d05      0x574 ./src/FreeRTOS/queue.o
 .debug_line    0x00002279      0x852 ./src/FreeRTOS/tasks.o
 .debug_line    0x00002acb      0x48b ./src/Common Demo Tasks/BlockQ.o
 .debug_line    0x00002f56      0x503 ./src/Common Demo Tasks/GenQTest.o
 .debug_line    0x00003459      0x471 ./src/Common Demo Tasks/PollQ.o
 .debug_line    0x000038ca      0x494 ./src/Common Demo Tasks/QPeek.o
 .debug_line    0x00003d5e      0x384 ./src/Common Demo Tasks/blocktim.o
 .debug_line    0x000040e2      0x459 ./src/Common Demo Tasks/flash.o
 .debug_line    0x0000453b      0x45a ./src/Common Demo Tasks/integer.o
 .debug_line    0x00004995      0x340 ./src/Common Demo Tasks/recmutex.o
 .debug_line    0x00004cd5      0x4a2 ./src/Common Demo Tasks/semtest.o
 .debug_line    0x00005177      0x295 ./src/ParTest.o
 .debug_line    0x0000540c       0x8b ./src/cr_startup_lpc17.o
 .debug_line    0x00005497      0x472 ./src/main.o
 .debug_line    0x00005909      0x1d0 ./src/printf-stdarg.o
 .debug_line    0x00005ad9      0x28a ./src/testTask.o

.debug_macinfo  0x00000000    0xe44f8
 .debug_macinfo
                0x00000000     0xc2a0 ./src/LPCUSB/USB_CDC.o
 .debug_macinfo
                0x0000c2a0     0x532f ./src/LPCUSB/usbcontrol.o
 .debug_macinfo
                0x000115cf     0xa62b ./src/LPCUSB/usbhw_lpc.o
 .debug_macinfo
                0x0001bbfa     0x5303 ./src/LPCUSB/usbinit.o
 .debug_macinfo
                0x00020efd     0x53f7 ./src/LPCUSB/usbstdreq.o
 .debug_macinfo
                0x000262f4     0xb121 ./src/FreeRTOS/portable/MemMang/heap_2.o
 .debug_macinfo
                0x00031415     0x92d2 ./src/FreeRTOS/portable/GCC/ARM_CM3/port.o
 .debug_macinfo
                0x0003a6e7     0xaa73 ./src/FreeRTOS/list.o
 .debug_macinfo
                0x0004515a     0xb23e ./src/FreeRTOS/queue.o
 .debug_macinfo
                0x00050398     0xc92e ./src/FreeRTOS/tasks.o
 .debug_macinfo
                0x0005ccc6     0xb678 ./src/Common Demo Tasks/BlockQ.o
 .debug_macinfo
                0x0006833e     0xbdae ./src/Common Demo Tasks/GenQTest.o
 .debug_macinfo
                0x000740ec     0xb7a7 ./src/Common Demo Tasks/PollQ.o
 .debug_macinfo
                0x0007f893     0xbdbe ./src/Common Demo Tasks/QPeek.o
 .debug_macinfo
                0x0008b651     0x9a61 ./src/Common Demo Tasks/blocktim.o
 .debug_macinfo
                0x000950b2     0xae93 ./src/Common Demo Tasks/flash.o
 .debug_macinfo
                0x0009ff45     0xaeed ./src/Common Demo Tasks/integer.o
 .debug_macinfo
                0x000aae32     0xa0b0 ./src/Common Demo Tasks/recmutex.o
 .debug_macinfo
                0x000b4ee2     0xbda3 ./src/Common Demo Tasks/semtest.o
 .debug_macinfo
                0x000c0c85     0x89fd ./src/ParTest.o
 .debug_macinfo
                0x000c9682     0x2204 ./src/cr_startup_lpc17.o
 .debug_macinfo
                0x000cb886     0xc99b ./src/main.o
 .debug_macinfo
                0x000d8221     0x2344 ./src/printf-stdarg.o
 .debug_macinfo
                0x000da565     0x9f93 ./src/testTask.o

.debug_loc      0x00000000     0x2905
 .debug_loc     0x00000000      0x25c ./src/LPCUSB/USB_CDC.o
 .debug_loc     0x0000025c      0x118 ./src/LPCUSB/usbcontrol.o
 .debug_loc     0x00000374      0x454 ./src/LPCUSB/usbhw_lpc.o
 .debug_loc     0x000007c8       0x64 ./src/LPCUSB/usbinit.o
 .debug_loc     0x0000082c      0x1c0 ./src/LPCUSB/usbstdreq.o
 .debug_loc     0x000009ec       0xc8 ./src/FreeRTOS/portable/MemMang/heap_2.o
 .debug_loc     0x00000ab4      0x178 ./src/FreeRTOS/portable/GCC/ARM_CM3/port.o
 .debug_loc     0x00000c2c      0x118 ./src/FreeRTOS/list.o
 .debug_loc     0x00000d44      0x508 ./src/FreeRTOS/queue.o
 .debug_loc     0x0000124c      0x901 ./src/FreeRTOS/tasks.o
 .debug_loc     0x00001b4d       0xe1 ./src/Common Demo Tasks/BlockQ.o
 .debug_loc     0x00001c2e      0x144 ./src/Common Demo Tasks/GenQTest.o
 .debug_loc     0x00001d72       0xe0 ./src/Common Demo Tasks/PollQ.o
 .debug_loc     0x00001e52      0x144 ./src/Common Demo Tasks/QPeek.o
 .debug_loc     0x00001f96       0xe0 ./src/Common Demo Tasks/blocktim.o
 .debug_loc     0x00002076       0x70 ./src/Common Demo Tasks/flash.o
 .debug_loc     0x000020e6       0xa8 ./src/Common Demo Tasks/integer.o
 .debug_loc     0x0000218e      0x118 ./src/Common Demo Tasks/recmutex.o
 .debug_loc     0x000022a6       0xa8 ./src/Common Demo Tasks/semtest.o
 .debug_loc     0x0000234e       0xd4 ./src/ParTest.o
 .debug_loc     0x00002422      0x16c ./src/cr_startup_lpc17.o
 .debug_loc     0x0000258e      0x158 ./src/main.o
 .debug_loc     0x000026e6      0x1e7 ./src/printf-stdarg.o
 .debug_loc     0x000028cd       0x38 ./src/testTask.o

.debug_pubnames
                0x00000000      0xe69
 .debug_pubnames
                0x00000000       0x61 ./src/LPCUSB/USB_CDC.o
 .debug_pubnames
                0x00000061       0x4d ./src/LPCUSB/usbcontrol.o
 .debug_pubnames
                0x000000ae      0x132 ./src/LPCUSB/usbhw_lpc.o
 .debug_pubnames
                0x000001e0       0x1e ./src/LPCUSB/usbinit.o
 .debug_pubnames
                0x000001fe       0x7f ./src/LPCUSB/usbstdreq.o
 .debug_pubnames
                0x0000027d       0x64 ./src/FreeRTOS/portable/MemMang/heap_2.o
 .debug_pubnames
                0x000002e1      0x10d ./src/FreeRTOS/portable/GCC/ARM_CM3/port.o
 .debug_pubnames
                0x000003ee       0x71 ./src/FreeRTOS/list.o
 .debug_pubnames
                0x0000045f      0x1de ./src/FreeRTOS/queue.o
 .debug_pubnames
                0x0000063d      0x301 ./src/FreeRTOS/tasks.o
 .debug_pubnames
                0x0000093e       0x52 ./src/Common Demo Tasks/BlockQ.o
 .debug_pubnames
                0x00000990       0x54 ./src/Common Demo Tasks/GenQTest.o
 .debug_pubnames
                0x000009e4       0x4f ./src/Common Demo Tasks/PollQ.o
 .debug_pubnames
                0x00000a33       0x95 ./src/Common Demo Tasks/QPeek.o
 .debug_pubnames
                0x00000ac8       0x53 ./src/Common Demo Tasks/blocktim.o
 .debug_pubnames
                0x00000b1b       0x2a ./src/Common Demo Tasks/flash.o
 .debug_pubnames
                0x00000b45       0x52 ./src/Common Demo Tasks/integer.o
 .debug_pubnames
                0x00000b97       0x58 ./src/Common Demo Tasks/recmutex.o
 .debug_pubnames
                0x00000bef       0x4e ./src/Common Demo Tasks/semtest.o
 .debug_pubnames
                0x00000c3d       0x66 ./src/ParTest.o
 .debug_pubnames
                0x00000ca3       0xc3 ./src/cr_startup_lpc17.o
 .debug_pubnames
                0x00000d66       0xa3 ./src/main.o
 .debug_pubnames
                0x00000e09       0x40 ./src/printf-stdarg.o
 .debug_pubnames
                0x00000e49       0x20 ./src/testTask.o

.debug_pubtypes
                0x00000000      0x964
 .debug_pubtypes
                0x00000000       0xa9 ./src/LPCUSB/USB_CDC.o
 .debug_pubtypes
                0x000000a9       0x41 ./src/LPCUSB/usbcontrol.o
 .debug_pubtypes
                0x000000ea       0xa3 ./src/LPCUSB/usbhw_lpc.o
 .debug_pubtypes
                0x0000018d       0x1b ./src/LPCUSB/usbinit.o
 .debug_pubtypes
                0x000001a8       0x41 ./src/LPCUSB/usbstdreq.o
 .debug_pubtypes
                0x000001e9       0x4c ./src/FreeRTOS/portable/MemMang/heap_2.o
 .debug_pubtypes
                0x00000235       0x33 ./src/FreeRTOS/portable/GCC/ARM_CM3/port.o
 .debug_pubtypes
                0x00000268       0x7a ./src/FreeRTOS/list.o
 .debug_pubtypes
                0x000002e2      0x103 ./src/FreeRTOS/queue.o
 .debug_pubtypes
                0x000003e5      0x12d ./src/FreeRTOS/tasks.o
 .debug_pubtypes
                0x00000512       0x6f ./src/Common Demo Tasks/BlockQ.o
 .debug_pubtypes
                0x00000581       0x59 ./src/Common Demo Tasks/GenQTest.o
 .debug_pubtypes
                0x000005da       0x44 ./src/Common Demo Tasks/PollQ.o
 .debug_pubtypes
                0x0000061e       0x44 ./src/Common Demo Tasks/QPeek.o
 .debug_pubtypes
                0x00000662       0x44 ./src/Common Demo Tasks/blocktim.o
 .debug_pubtypes
                0x000006a6       0x33 ./src/Common Demo Tasks/flash.o
 .debug_pubtypes
                0x000006d9       0x22 ./src/Common Demo Tasks/integer.o
 .debug_pubtypes
                0x000006fb       0x59 ./src/Common Demo Tasks/recmutex.o
 .debug_pubtypes
                0x00000754       0x8b ./src/Common Demo Tasks/semtest.o
 .debug_pubtypes
                0x000007df       0x4d ./src/ParTest.o
 .debug_pubtypes
                0x0000082c       0x9b ./src/main.o
 .debug_pubtypes
                0x000008c7       0x3f ./src/printf-stdarg.o
 .debug_pubtypes
                0x00000906       0x5e ./src/testTask.o

.debug_aranges  0x00000000      0x300
 .debug_aranges
                0x00000000       0x20 ./src/LPCUSB/USB_CDC.o
 .debug_aranges
                0x00000020       0x20 ./src/LPCUSB/usbcontrol.o
 .debug_aranges
                0x00000040       0x20 ./src/LPCUSB/usbhw_lpc.o
 .debug_aranges
                0x00000060       0x20 ./src/LPCUSB/usbinit.o
 .debug_aranges
                0x00000080       0x20 ./src/LPCUSB/usbstdreq.o
 .debug_aranges
                0x000000a0       0x20 ./src/FreeRTOS/portable/MemMang/heap_2.o
 .debug_aranges
                0x000000c0       0x20 ./src/FreeRTOS/portable/GCC/ARM_CM3/port.o
 .debug_aranges
                0x000000e0       0x20 ./src/FreeRTOS/list.o
 .debug_aranges
                0x00000100       0x20 ./src/FreeRTOS/queue.o
 .debug_aranges
                0x00000120       0x20 ./src/FreeRTOS/tasks.o
 .debug_aranges
                0x00000140       0x20 ./src/Common Demo Tasks/BlockQ.o
 .debug_aranges
                0x00000160       0x20 ./src/Common Demo Tasks/GenQTest.o
 .debug_aranges
                0x00000180       0x20 ./src/Common Demo Tasks/PollQ.o
 .debug_aranges
                0x000001a0       0x20 ./src/Common Demo Tasks/QPeek.o
 .debug_aranges
                0x000001c0       0x20 ./src/Common Demo Tasks/blocktim.o
 .debug_aranges
                0x000001e0       0x20 ./src/Common Demo Tasks/flash.o
 .debug_aranges
                0x00000200       0x20 ./src/Common Demo Tasks/integer.o
 .debug_aranges
                0x00000220       0x20 ./src/Common Demo Tasks/recmutex.o
 .debug_aranges
                0x00000240       0x20 ./src/Common Demo Tasks/semtest.o
 .debug_aranges
                0x00000260       0x20 ./src/ParTest.o
 .debug_aranges
                0x00000280       0x20 ./src/cr_startup_lpc17.o
 .debug_aranges
                0x000002a0       0x20 ./src/main.o
 .debug_aranges
                0x000002c0       0x20 ./src/printf-stdarg.o
 .debug_aranges
                0x000002e0       0x20 ./src/testTask.o

.debug_str      0x00000000     0x2e8e
 .debug_str     0x00000000      0x518 ./src/LPCUSB/USB_CDC.o
                                0x574 (size before relaxing)
 .debug_str     0x00000518       0xcc ./src/LPCUSB/usbcontrol.o
                                0x1f8 (size before relaxing)
 .debug_str     0x000005e4      0x824 ./src/LPCUSB/usbhw_lpc.o
                                0x950 (size before relaxing)
 .debug_str     0x00000e08       0x47 ./src/LPCUSB/usbinit.o
                                0x106 (size before relaxing)
 .debug_str     0x00000e4f      0x16e ./src/LPCUSB/usbstdreq.o
                                0x29f (size before relaxing)
 .debug_str     0x00000fbd      0x173 ./src/FreeRTOS/portable/MemMang/heap_2.o
                                0x23a (size before relaxing)
 .debug_str     0x00001130      0x14c ./src/FreeRTOS/portable/GCC/ARM_CM3/port.o
                                0x228 (size before relaxing)
 .debug_str     0x0000127c      0x12a ./src/FreeRTOS/list.o
                                0x20f (size before relaxing)
 .debug_str     0x000013a6      0x413 ./src/FreeRTOS/queue.o
                                0x5b9 (size before relaxing)
 .debug_str     0x000017b9      0x82b ./src/FreeRTOS/tasks.o
                                0xa5e (size before relaxing)
 .debug_str     0x00001fe4      0x20a ./src/Common Demo Tasks/BlockQ.o
                                0x324 (size before relaxing)
 .debug_str     0x000021ee      0x175 ./src/Common Demo Tasks/GenQTest.o
                                0x288 (size before relaxing)
 .debug_str     0x00002363       0xc6 ./src/Common Demo Tasks/PollQ.o
                                0x1f2 (size before relaxing)
 .debug_str     0x00002429       0xfc ./src/Common Demo Tasks/QPeek.o
                                0x22c (size before relaxing)
 .debug_str     0x00002525      0x142 ./src/Common Demo Tasks/blocktim.o
                                0x24b (size before relaxing)
 .debug_str     0x00002667       0x7e ./src/Common Demo Tasks/flash.o
                                0x176 (size before relaxing)
 .debug_str     0x000026e5       0x9c ./src/Common Demo Tasks/integer.o
                                0x196 (size before relaxing)
 .debug_str     0x00002781      0x18c ./src/Common Demo Tasks/recmutex.o
                                0x2b0 (size before relaxing)
 .debug_str     0x0000290d      0x158 ./src/Common Demo Tasks/semtest.o
                                0x28e (size before relaxing)
 .debug_str     0x00002a65      0x197 ./src/ParTest.o
                                0x27a (size before relaxing)
 .debug_str     0x00002bfc       0xca ./src/cr_startup_lpc17.o
                                0x11a (size before relaxing)
 .debug_str     0x00002cc6       0xfb ./src/main.o
                                0x590 (size before relaxing)
 .debug_str     0x00002dc1       0xa3 ./src/printf-stdarg.o
                                 0xf5 (size before relaxing)
 .debug_str     0x00002e64       0x2a ./src/testTask.o
                                0x255 (size before relaxing)

.comment        0x00000000       0x2a
 .comment       0x00000000       0x2a ./src/LPCUSB/USB_CDC.o
                                 0x2b (size before relaxing)
 .comment       0x00000000       0x2b ./src/LPCUSB/usbcontrol.o
 .comment       0x00000000       0x2b ./src/LPCUSB/usbhw_lpc.o
 .comment       0x00000000       0x2b ./src/LPCUSB/usbinit.o
 .comment       0x00000000       0x2b ./src/LPCUSB/usbstdreq.o
 .comment       0x00000000       0x2b ./src/FreeRTOS/portable/MemMang/heap_2.o
 .comment       0x00000000       0x2b ./src/FreeRTOS/portable/GCC/ARM_CM3/port.o
 .comment       0x00000000       0x2b ./src/FreeRTOS/list.o
 .comment       0x00000000       0x2b ./src/FreeRTOS/queue.o
 .comment       0x00000000       0x2b ./src/FreeRTOS/tasks.o
 .comment       0x00000000       0x2b ./src/Common Demo Tasks/BlockQ.o
 .comment       0x00000000       0x2b ./src/Common Demo Tasks/GenQTest.o
 .comment       0x00000000       0x2b ./src/Common Demo Tasks/PollQ.o
 .comment       0x00000000       0x2b ./src/Common Demo Tasks/QPeek.o
 .comment       0x00000000       0x2b ./src/Common Demo Tasks/blocktim.o
 .comment       0x00000000       0x2b ./src/Common Demo Tasks/flash.o
 .comment       0x00000000       0x2b ./src/Common Demo Tasks/integer.o
 .comment       0x00000000       0x2b ./src/Common Demo Tasks/recmutex.o
 .comment       0x00000000       0x2b ./src/Common Demo Tasks/semtest.o
 .comment       0x00000000       0x2b ./src/ParTest.o
 .comment       0x00000000       0x2b ./src/cr_startup_lpc17.o
 .comment       0x00000000       0x2b ./src/main.o
 .comment       0x00000000       0x2b ./src/printf-stdarg.o
 .comment       0x00000000       0x2b ./src/testTask.o

.ARM.attributes
                0x00000000       0x31
 .ARM.attributes
                0x00000000       0x31 ./src/LPCUSB/USB_CDC.o
 .ARM.attributes
                0x00000031       0x31 ./src/LPCUSB/usbcontrol.o
 .ARM.attributes
                0x00000062       0x31 ./src/LPCUSB/usbhw_lpc.o
 .ARM.attributes
                0x00000093       0x31 ./src/LPCUSB/usbinit.o
 .ARM.attributes
                0x000000c4       0x31 ./src/LPCUSB/usbstdreq.o
 .ARM.attributes
                0x000000f5       0x31 ./src/FreeRTOS/portable/MemMang/heap_2.o
 .ARM.attributes
                0x00000126       0x31 ./src/FreeRTOS/portable/GCC/ARM_CM3/port.o
 .ARM.attributes
                0x00000157       0x31 ./src/FreeRTOS/list.o
 .ARM.attributes
                0x00000188       0x31 ./src/FreeRTOS/queue.o
 .ARM.attributes
                0x000001b9       0x31 ./src/FreeRTOS/tasks.o
 .ARM.attributes
                0x000001ea       0x31 ./src/Common Demo Tasks/BlockQ.o
 .ARM.attributes
                0x0000021b       0x31 ./src/Common Demo Tasks/GenQTest.o
 .ARM.attributes
                0x0000024c       0x31 ./src/Common Demo Tasks/PollQ.o
 .ARM.attributes
                0x0000027d       0x31 ./src/Common Demo Tasks/QPeek.o
 .ARM.attributes
                0x000002ae       0x31 ./src/Common Demo Tasks/blocktim.o
 .ARM.attributes
                0x000002df       0x31 ./src/Common Demo Tasks/flash.o
 .ARM.attributes
                0x00000310       0x31 ./src/Common Demo Tasks/integer.o
 .ARM.attributes
                0x00000341       0x31 ./src/Common Demo Tasks/recmutex.o
 .ARM.attributes
                0x00000372       0x31 ./src/Common Demo Tasks/semtest.o
 .ARM.attributes
                0x000003a3       0x31 ./src/ParTest.o
 .ARM.attributes
                0x000003d4       0x31 ./src/cr_startup_lpc17.o
 .ARM.attributes
                0x00000405       0x31 ./src/main.o
 .ARM.attributes
                0x00000436       0x31 ./src/printf-stdarg.o
 .ARM.attributes
                0x00000467       0x31 ./src/testTask.o
 .ARM.attributes
                0x00000498       0x29 /home/jenya/Tools/arm-2011.03/bin/../lib/gcc/arm-none-eabi/4.5.2/../../../../arm-none-eabi/lib/thumb2/libc.a(lib_a-memcmp.o)
 .ARM.attributes
                0x000004c1       0x29 /home/jenya/Tools/arm-2011.03/bin/../lib/gcc/arm-none-eabi/4.5.2/../../../../arm-none-eabi/lib/thumb2/libc.a(lib_a-memcpy.o)
 .ARM.attributes
                0x000004ea       0x29 /home/jenya/Tools/arm-2011.03/bin/../lib/gcc/arm-none-eabi/4.5.2/../../../../arm-none-eabi/lib/thumb2/libc.a(lib_a-memset.o)
 .ARM.attributes
                0x00000513       0x29 /home/jenya/Tools/arm-2011.03/bin/../lib/gcc/arm-none-eabi/4.5.2/../../../../arm-none-eabi/lib/thumb2/libc.a(lib_a-strcat.o)
 .ARM.attributes
                0x0000053c       0x29 /home/jenya/Tools/arm-2011.03/bin/../lib/gcc/arm-none-eabi/4.5.2/../../../../arm-none-eabi/lib/thumb2/libc.a(lib_a-strcpy.o)
 .ARM.attributes
                0x00000565       0x29 /home/jenya/Tools/arm-2011.03/bin/../lib/gcc/arm-none-eabi/4.5.2/../../../../arm-none-eabi/lib/thumb2/libc.a(lib_a-strlen.o)
 .ARM.attributes
                0x0000058e       0x29 /home/jenya/Tools/arm-2011.03/bin/../lib/gcc/arm-none-eabi/4.5.2/../../../../arm-none-eabi/lib/thumb2/libc.a(lib_a-strncpy.o)

.debug_frame    0x00000000     0x1a2c
 .debug_frame   0x00000000      0x164 ./src/LPCUSB/USB_CDC.o
 .debug_frame   0x00000164       0xac ./src/LPCUSB/usbcontrol.o
 .debug_frame   0x00000210      0x27c ./src/LPCUSB/usbhw_lpc.o
 .debug_frame   0x0000048c       0x48 ./src/LPCUSB/usbinit.o
 .debug_frame   0x000004d4      0x100 ./src/LPCUSB/usbstdreq.o
 .debug_frame   0x000005d4       0x88 ./src/FreeRTOS/portable/MemMang/heap_2.o
 .debug_frame   0x0000065c      0x124 ./src/FreeRTOS/portable/GCC/ARM_CM3/port.o
 .debug_frame   0x00000780       0x9c ./src/FreeRTOS/list.o
 .debug_frame   0x0000081c      0x2d8 ./src/FreeRTOS/queue.o
 .debug_frame   0x00000af4      0x538 ./src/FreeRTOS/tasks.o
 .debug_frame   0x0000102c       0x8c ./src/Common Demo Tasks/BlockQ.o
 .debug_frame   0x000010b8       0xcc ./src/Common Demo Tasks/GenQTest.o
 .debug_frame   0x00001184       0x8c ./src/Common Demo Tasks/PollQ.o
 .debug_frame   0x00001210       0xcc ./src/Common Demo Tasks/QPeek.o
 .debug_frame   0x000012dc       0x8c ./src/Common Demo Tasks/blocktim.o
 .debug_frame   0x00001368       0x50 ./src/Common Demo Tasks/flash.o
 .debug_frame   0x000013b8       0x6c ./src/Common Demo Tasks/integer.o
 .debug_frame   0x00001424       0xac ./src/Common Demo Tasks/recmutex.o
 .debug_frame   0x000014d0       0x6c ./src/Common Demo Tasks/semtest.o
 .debug_frame   0x0000153c       0x80 ./src/ParTest.o
 .debug_frame   0x000015bc       0xf4 ./src/cr_startup_lpc17.o
 .debug_frame   0x000016b0       0xd8 ./src/main.o
 .debug_frame   0x00001788      0x154 ./src/printf-stdarg.o
 .debug_frame   0x000018dc       0x30 ./src/testTask.o
 .debug_frame   0x0000190c       0x2c /home/jenya/Tools/arm-2011.03/bin/../lib/gcc/arm-none-eabi/4.5.2/../../../../arm-none-eabi/lib/thumb2/libc.a(lib_a-memcmp.o)
 .debug_frame   0x00001938       0x30 /home/jenya/Tools/arm-2011.03/bin/../lib/gcc/arm-none-eabi/4.5.2/../../../../arm-none-eabi/lib/thumb2/libc.a(lib_a-memcpy.o)
 .debug_frame   0x00001968       0x2c /home/jenya/Tools/arm-2011.03/bin/../lib/gcc/arm-none-eabi/4.5.2/../../../../arm-none-eabi/lib/thumb2/libc.a(lib_a-memset.o)
 .debug_frame   0x00001994       0x2c /home/jenya/Tools/arm-2011.03/bin/../lib/gcc/arm-none-eabi/4.5.2/../../../../arm-none-eabi/lib/thumb2/libc.a(lib_a-strcat.o)
 .debug_frame   0x000019c0       0x20 /home/jenya/Tools/arm-2011.03/bin/../lib/gcc/arm-none-eabi/4.5.2/../../../../arm-none-eabi/lib/thumb2/libc.a(lib_a-strcpy.o)
 .debug_frame   0x000019e0       0x20 /home/jenya/Tools/arm-2011.03/bin/../lib/gcc/arm-none-eabi/4.5.2/../../../../arm-none-eabi/lib/thumb2/libc.a(lib_a-strlen.o)
 .debug_frame   0x00001a00       0x2c /home/jenya/Tools/arm-2011.03/bin/../lib/gcc/arm-none-eabi/4.5.2/../../../../arm-none-eabi/lib/thumb2/libc.a(lib_a-strncpy.o)
